Archive member included to satisfy reference by file (symbol)

/media/adems/e7cdae34-f8e0-4a3e-b804-7e3ff37522fe/mbed-os/BUILD/mbed/TARGET_LPC4337/TOOLCHAIN_GCC_ARM/libmbed.a(FilePath.o)
                              /media/adems/e7cdae34-f8e0-4a3e-b804-7e3ff37522fe/mbed-os/BUILD/mbed/TARGET_LPC4337/TOOLCHAIN_GCC_ARM/retarget.o (mbed::FilePath::FilePath(char const*))
/media/adems/e7cdae34-f8e0-4a3e-b804-7e3ff37522fe/mbed-os/BUILD/mbed/TARGET_LPC4337/TOOLCHAIN_GCC_ARM/libmbed.a(FileSystemLike.o)
                              /media/adems/e7cdae34-f8e0-4a3e-b804-7e3ff37522fe/mbed-os/BUILD/mbed/TARGET_LPC4337/TOOLCHAIN_GCC_ARM/retarget.o (mbed::FileSystemLike::opendir())
/media/adems/e7cdae34-f8e0-4a3e-b804-7e3ff37522fe/mbed-os/BUILD/mbed/TARGET_LPC4337/TOOLCHAIN_GCC_ARM/libmbed.a(Serial.o)
                              /media/adems/e7cdae34-f8e0-4a3e-b804-7e3ff37522fe/mbed-os/BUILD/test/LPC4337/GCC_ARM/MBED_BLINKY/./main.o (mbed::Serial::Serial(PinName, PinName, char const*, int))
/media/adems/e7cdae34-f8e0-4a3e-b804-7e3ff37522fe/mbed-os/BUILD/mbed/TARGET_LPC4337/TOOLCHAIN_GCC_ARM/libmbed.a(Ticker.o)
                              /media/adems/e7cdae34-f8e0-4a3e-b804-7e3ff37522fe/mbed-os/BUILD/test/LPC4337/GCC_ARM/MBED_BLINKY/./main.o (mbed::Ticker::setup(unsigned long))
/media/adems/e7cdae34-f8e0-4a3e-b804-7e3ff37522fe/mbed-os/BUILD/mbed/TARGET_LPC4337/TOOLCHAIN_GCC_ARM/libmbed.a(Stream.o)
                              /media/adems/e7cdae34-f8e0-4a3e-b804-7e3ff37522fe/mbed-os/BUILD/mbed/TARGET_LPC4337/TOOLCHAIN_GCC_ARM/libmbed.a(Serial.o) (mbed::Stream::close())
/media/adems/e7cdae34-f8e0-4a3e-b804-7e3ff37522fe/mbed-os/BUILD/mbed/TARGET_LPC4337/TOOLCHAIN_GCC_ARM/libmbed.a(SerialBase.o)
                              /media/adems/e7cdae34-f8e0-4a3e-b804-7e3ff37522fe/mbed-os/BUILD/test/LPC4337/GCC_ARM/MBED_BLINKY/./main.o (mbed::SerialBase::baud(int))
/media/adems/e7cdae34-f8e0-4a3e-b804-7e3ff37522fe/mbed-os/BUILD/mbed/TARGET_LPC4337/TOOLCHAIN_GCC_ARM/libmbed.a(mbed_gpio.o)
                              /media/adems/e7cdae34-f8e0-4a3e-b804-7e3ff37522fe/mbed-os/BUILD/test/LPC4337/GCC_ARM/MBED_BLINKY/./main.o (gpio_init_in)
/media/adems/e7cdae34-f8e0-4a3e-b804-7e3ff37522fe/mbed-os/BUILD/mbed/TARGET_LPC4337/TOOLCHAIN_GCC_ARM/libmbed.a(TimerEvent.o)
                              /media/adems/e7cdae34-f8e0-4a3e-b804-7e3ff37522fe/mbed-os/BUILD/test/LPC4337/GCC_ARM/MBED_BLINKY/./main.o (mbed::TimerEvent::TimerEvent())
/media/adems/e7cdae34-f8e0-4a3e-b804-7e3ff37522fe/mbed-os/BUILD/mbed/TARGET_LPC4337/TOOLCHAIN_GCC_ARM/libmbed.a(mbed_pinmap_common.o)
                              /media/adems/e7cdae34-f8e0-4a3e-b804-7e3ff37522fe/mbed-os/BUILD/mbed/TARGET_LPC4337/TOOLCHAIN_GCC_ARM/i2c_api.o (pinmap_pinout)
/media/adems/e7cdae34-f8e0-4a3e-b804-7e3ff37522fe/mbed-os/BUILD/mbed/TARGET_LPC4337/TOOLCHAIN_GCC_ARM/libmbed.a(mbed_us_ticker_api.o)
                              /media/adems/e7cdae34-f8e0-4a3e-b804-7e3ff37522fe/mbed-os/BUILD/mbed/TARGET_LPC4337/TOOLCHAIN_GCC_ARM/libmbed.a(TimerEvent.o) (get_us_ticker_data)
/media/adems/e7cdae34-f8e0-4a3e-b804-7e3ff37522fe/mbed-os/BUILD/mbed/TARGET_LPC4337/TOOLCHAIN_GCC_ARM/libmbed.a(mbed_ticker_api.o)
                              /media/adems/e7cdae34-f8e0-4a3e-b804-7e3ff37522fe/mbed-os/BUILD/mbed/TARGET_LPC4337/TOOLCHAIN_GCC_ARM/libmbed.a(TimerEvent.o) (ticker_set_handler)
/media/adems/e7cdae34-f8e0-4a3e-b804-7e3ff37522fe/mbed-os/BUILD/mbed/TARGET_LPC4337/TOOLCHAIN_GCC_ARM/libmbed.a(mbed_assert.o)
                              /media/adems/e7cdae34-f8e0-4a3e-b804-7e3ff37522fe/mbed-os/BUILD/mbed/TARGET_LPC4337/TOOLCHAIN_GCC_ARM/analogin_api.o (mbed_assert_internal)
/media/adems/e7cdae34-f8e0-4a3e-b804-7e3ff37522fe/mbed-os/BUILD/mbed/TARGET_LPC4337/TOOLCHAIN_GCC_ARM/libmbed.a(mbed_critical.o)
                              /media/adems/e7cdae34-f8e0-4a3e-b804-7e3ff37522fe/mbed-os/BUILD/mbed/TARGET_LPC4337/TOOLCHAIN_GCC_ARM/mbed_board.o (core_util_critical_section_enter)
/media/adems/e7cdae34-f8e0-4a3e-b804-7e3ff37522fe/mbed-os/BUILD/mbed/TARGET_LPC4337/TOOLCHAIN_GCC_ARM/libmbed.a(mbed_error.o)
                              /media/adems/e7cdae34-f8e0-4a3e-b804-7e3ff37522fe/mbed-os/BUILD/mbed/TARGET_LPC4337/TOOLCHAIN_GCC_ARM/ethernet_api.o (error)
/media/adems/e7cdae34-f8e0-4a3e-b804-7e3ff37522fe/mbed-os/BUILD/mbed/TARGET_LPC4337/TOOLCHAIN_GCC_ARM/libmbed.a(mbed_interface.o)
                              /media/adems/e7cdae34-f8e0-4a3e-b804-7e3ff37522fe/mbed-os/BUILD/mbed/TARGET_LPC4337/TOOLCHAIN_GCC_ARM/ethernet_api.o (mbed_mac_address)
/media/adems/e7cdae34-f8e0-4a3e-b804-7e3ff37522fe/mbed-os/BUILD/mbed/TARGET_LPC4337/TOOLCHAIN_GCC_ARM/libmbed.a(mbed_wait_api_no_rtos.o)
                              /media/adems/e7cdae34-f8e0-4a3e-b804-7e3ff37522fe/mbed-os/BUILD/mbed/TARGET_LPC4337/TOOLCHAIN_GCC_ARM/libmbed.a(SerialBase.o) (wait_us)
/media/adems/e7cdae34-f8e0-4a3e-b804-7e3ff37522fe/mbed-os/BUILD/mbed/TARGET_LPC4337/TOOLCHAIN_GCC_ARM/libmbed.a(FileBase.o)
[...]
Memory Configuration

Name             Origin             Length             Attributes
FLASH            0x0000000014000000 0x0000000002000000 xr
RAM              0x0000000010080000 0x0000000000008000 xrw
USB_RAM          0x0000000020000000 0x0000000000008000 xrw
ETH_RAM          0x0000000020080000 0x0000000000008000 xrw
*default*        0x0000000000000000 0xffffffffffffffff

Linker script and memory map

LOAD /usr/lib/gcc/arm-none-eabi/4.9.3/armv7e-m/softfp/crti.o
LOAD /usr/lib/gcc/arm-none-eabi/4.9.3/armv7e-m/softfp/crtbegin.o
LOAD /usr/lib/gcc/arm-none-eabi/4.9.3/../../../arm-none-eabi/lib/armv7e-m/softfp/crt0.o
LOAD /media/adems/e7cdae34-f8e0-4a3e-b804-7e3ff37522fe/mbed-os/BUILD/mbed/TARGET_LPC4337/TOOLCHAIN_GCC_ARM/analogin_api.o
LOAD /media/adems/e7cdae34-f8e0-4a3e-b804-7e3ff37522fe/mbed-os/BUILD/mbed/TARGET_LPC4337/TOOLCHAIN_GCC_ARM/analogout_api.o
LOAD /media/adems/e7cdae34-f8e0-4a3e-b804-7e3ff37522fe/mbed-os/BUILD/mbed/TARGET_LPC4337/TOOLCHAIN_GCC_ARM/cmsis_nvic.o
LOAD /media/adems/e7cdae34-f8e0-4a3e-b804-7e3ff37522fe/mbed-os/BUILD/mbed/TARGET_LPC4337/TOOLCHAIN_GCC_ARM/ethernet_api.o
LOAD /media/adems/e7cdae34-f8e0-4a3e-b804-7e3ff37522fe/mbed-os/BUILD/mbed/TARGET_LPC4337/TOOLCHAIN_GCC_ARM/gpio_api.o
LOAD /media/adems/e7cdae34-f8e0-4a3e-b804-7e3ff37522fe/mbed-os/BUILD/mbed/TARGET_LPC4337/TOOLCHAIN_GCC_ARM/gpio_irq_api.o
LOAD /media/adems/e7cdae34-f8e0-4a3e-b804-7e3ff37522fe/mbed-os/BUILD/mbed/TARGET_LPC4337/TOOLCHAIN_GCC_ARM/i2c_api.o
LOAD /media/adems/e7cdae34-f8e0-4a3e-b804-7e3ff37522fe/mbed-os/BUILD/mbed/TARGET_LPC4337/TOOLCHAIN_GCC_ARM/mbed_board.o
LOAD /media/adems/e7cdae34-f8e0-4a3e-b804-7e3ff37522fe/mbed-os/BUILD/mbed/TARGET_LPC4337/TOOLCHAIN_GCC_ARM/pinmap.o
LOAD /media/adems/e7cdae34-f8e0-4a3e-b804-7e3ff37522fe/mbed-os/BUILD/mbed/TARGET_LPC4337/TOOLCHAIN_GCC_ARM/port_api.o
LOAD /media/adems/e7cdae34-f8e0-4a3e-b804-7e3ff37522fe/mbed-os/BUILD/mbed/TARGET_LPC4337/TOOLCHAIN_GCC_ARM/pwmout_api.o
LOAD /media/adems/e7cdae34-f8e0-4a3e-b804-7e3ff37522fe/mbed-os/BUILD/mbed/TARGET_LPC4337/TOOLCHAIN_GCC_ARM/retarget.o
LOAD /media/adems/e7cdae34-f8e0-4a3e-b804-7e3ff37522fe/mbed-os/BUILD/mbed/TARGET_LPC4337/TOOLCHAIN_GCC_ARM/rtc_api.o
LOAD /media/adems/e7cdae34-f8e0-4a3e-b804-7e3ff37522fe/mbed-os/BUILD/mbed/TARGET_LPC4337/TOOLCHAIN_GCC_ARM/serial_api.o
LOAD /media/adems/e7cdae34-f8e0-4a3e-b804-7e3ff37522fe/mbed-os/BUILD/mbed/TARGET_LPC4337/TOOLCHAIN_GCC_ARM/sleep.o
LOAD /media/adems/e7cdae34-f8e0-4a3e-b804-7e3ff37522fe/mbed-os/BUILD/mbed/TARGET_LPC4337/TOOLCHAIN_GCC_ARM/spi_api.o
LOAD /media/adems/e7cdae34-f8e0-4a3e-b804-7e3ff37522fe/mbed-os/BUILD/mbed/TARGET_LPC4337/TOOLCHAIN_GCC_ARM/startup_LPC43xx.o
LOAD /media/adems/e7cdae34-f8e0-4a3e-b804-7e3ff37522fe/mbed-os/BUILD/mbed/TARGET_LPC4337/TOOLCHAIN_GCC_ARM/system_LPC43xx.o
LOAD /media/adems/e7cdae34-f8e0-4a3e-b804-7e3ff37522fe/mbed-os/BUILD/mbed/TARGET_LPC4337/TOOLCHAIN_GCC_ARM/us_ticker.o
LOAD /media/adems/e7cdae34-f8e0-4a3e-b804-7e3ff37522fe/mbed-os/BUILD/test/LPC4337/GCC_ARM/MBED_BLINKY/./main.o
LOAD /media/adems/e7cdae34-f8e0-4a3e-b804-7e3ff37522fe/mbed-os/BUILD/test/LPC4337/GCC_ARM/MBED_BLINKY/./test_env.o
START GROUP
LOAD /media/adems/e7cdae34-f8e0-4a3e-b804-7e3ff37522fe/mbed-os/BUILD/mbed/TARGET_LPC4337/TOOLCHAIN_GCC_ARM/libmbed.a
LOAD /usr/lib/gcc/arm-none-eabi/4.9.3/../../../arm-none-eabi/lib/armv7e-m/softfp/libstdc++.a
LOAD /usr/lib/gcc/arm-none-eabi/4.9.3/../../../arm-none-eabi/lib/armv7e-m/softfp/libsupc++.a
LOAD /usr/lib/gcc/arm-none-eabi/4.9.3/../../../arm-none-eabi/lib/armv7e-m/softfp/libm.a
LOAD /usr/lib/gcc/arm-none-eabi/4.9.3/../../../arm-none-eabi/lib/armv7e-m/softfp/libc.a
LOAD /usr/lib/gcc/arm-none-eabi/4.9.3/armv7e-m/softfp/libgcc.a
LOAD /usr/lib/gcc/arm-none-eabi/4.9.3/../../../arm-none-eabi/lib/armv7e-m/softfp/libnosys.a
END GROUP
LOAD /media/adems/e7cdae34-f8e0-4a3e-b804-7e3ff37522fe/mbed-os/BUILD/mbed/TARGET_LPC4337/TOOLCHAIN_GCC_ARM/libmbed.a
LOAD /usr/lib/gcc/arm-none-eabi/4.9.3/../../../arm-none-eabi/lib/armv7e-m/softfp/libstdc++.a
LOAD /usr/lib/gcc/arm-none-eabi/4.9.3/../../../arm-none-eabi/lib/armv7e-m/softfp/libsupc++.a
LOAD /usr/lib/gcc/arm-none-eabi/4.9.3/../../../arm-none-eabi/lib/armv7e-m/softfp/libm.a
LOAD /usr/lib/gcc/arm-none-eabi/4.9.3/../../../arm-none-eabi/lib/armv7e-m/softfp/libc.a
LOAD /usr/lib/gcc/arm-none-eabi/4.9.3/armv7e-m/softfp/libgcc.a
LOAD /usr/lib/gcc/arm-none-eabi/4.9.3/../../../arm-none-eabi/lib/armv7e-m/softfp/libnosys.a
START GROUP
LOAD /usr/lib/gcc/arm-none-eabi/4.9.3/armv7e-m/softfp/libgcc.a
LOAD /usr/lib/gcc/arm-none-eabi/4.9.3/../../../arm-none-eabi/lib/armv7e-m/softfp/libc.a
END GROUP
LOAD /usr/lib/gcc/arm-none-eabi/4.9.3/armv7e-m/softfp/crtend.o
LOAD /usr/lib/gcc/arm-none-eabi/4.9.3/armv7e-m/softfp/crtn.o

.text           0x0000000014000000     0xb544
 *(.isr_vector)
 .isr_vector    0x0000000014000000      0x114 /media/adems/e7cdae34-f8e0-4a3e-b804-7e3ff37522fe/mbed-os/BUILD/mbed/TARGET_LPC4337/TOOLCHAIN_GCC_ARM/startup_LPC43xx.o
                0x0000000014000000                __isr_vector
 *(.text*)
 .text          0x0000000014000114       0xa4 /usr/lib/gcc/arm-none-eabi/4.9.3/armv7e-m/softfp/crtbegin.o
 .text          0x00000000140001b8       0x68 /usr/lib/gcc/arm-none-eabi/4.9.3/../../../arm-none-eabi/lib/armv7e-m/softfp/crt0.o
                0x00000000140001b8                _mainCRTStartup
                0x00000000140001b8                _start
 .text.__NVIC_SetVector
                0x0000000014000220       0x44 /media/adems/e7cdae34-f8e0-4a3e-b804-7e3ff37522fe/mbed-os/BUILD/mbed/TARGET_LPC4337/TOOLCHAIN_GCC_ARM/cmsis_nvic.o
                0x0000000014000220                __NVIC_SetVector
 .text.gpio_set
                0x0000000014000264       0x38 /media/adems/e7cdae34-f8e0-4a3e-b804-7e3ff37522fe/mbed-os/BUILD/mbed/TARGET_LPC4337/TOOLCHAIN_GCC_ARM/gpio_api.o
                0x0000000014000264                gpio_set
 .text.gpio_init
                0x000000001400029c       0x44 /media/adems/e7cdae34-f8e0-4a3e-b804-7e3ff37522fe/mbed-os/BUILD/mbed/TARGET_LPC4337/TOOLCHAIN_GCC_ARM/gpio_api.o
                0x000000001400029c                gpio_init
 .text.gpio_mode
                0x00000000140002e0        0x6 /media/adems/e7cdae34-f8e0-4a3e-b804-7e3ff37522fe/mbed-os/BUILD/mbed/TARGET_LPC4337/TOOLCHAIN_GCC_ARM/gpio_api.o
                0x00000000140002e0                gpio_mode
 *fill*         0x00000000140002e6        0x2 
 .text.gpio_dir
                0x00000000140002e8       0x40 /media/adems/e7cdae34-f8e0-4a3e-b804-7e3ff37522fe/mbed-os/BUILD/mbed/TARGET_LPC4337/TOOLCHAIN_GCC_ARM/gpio_api.o
                0x00000000140002e8                gpio_dir
 .text.mbed_die
                0x0000000014000328       0x54 /media/adems/e7cdae34-f8e0-4a3e-b804-7e3ff37522fe/mbed-os/BUILD/mbed/TARGET_LPC4337/TOOLCHAIN_GCC_ARM/mbed_board.o
                0x0000000014000328                mbed_die
 .text.mbed_error_vfprintf
                0x000000001400037c       0x58 /media/adems/e7cdae34-f8e0-4a3e-b804-7e3ff37522fe/mbed-os/BUILD/mbed/TARGET_LPC4337/TOOLCHAIN_GCC_ARM/mbed_board.o
                0x000000001400037c                mbed_error_vfprintf
 .text.mbed_error_printf
                0x00000000140003d4       0x1a /media/adems/e7cdae34-f8e0-4a3e-b804-7e3ff37522fe/mbed-os/BUILD/mbed/TARGET_LPC4337/TOOLCHAIN_GCC_ARM/mbed_board.o
                0x00000000140003d4                mbed_error_printf
 *fill*         0x00000000140003ee        0x2 
 .text.pin_function
                0x00000000140003f0       0x2c /media/adems/e7cdae34-f8e0-4a3e-b804-7e3ff37522fe/mbed-os/BUILD/mbed/TARGET_LPC4337/TOOLCHAIN_GCC_ARM/pinmap.o
                0x00000000140003f0                pin_function
 .text.pin_mode
                0x000000001400041c       0x38 /media/adems/e7cdae34-f8e0-4a3e-b804-7e3ff37522fe/mbed-os/BUILD/mbed/TARGET_LPC4337/TOOLCHAIN_GCC_ARM/pinmap.o
                0x000000001400041c                pin_mode
 .text._ZN4mbed10FileHandle4lockEv
                0x0000000014000454        0x2 /media/adems/e7cdae34-f8e0-4a3e-b804-7e3ff37522fe/mbed-os/BUILD/mbed/TARGET_LPC4337/TOOLCHAIN_GCC_ARM/retarget.o
                0x0000000014000454                mbed::FileHandle::lock()
 .text._ZN4mbed10FileHandle6unlockEv
                0x0000000014000456        0x2 /media/adems/e7cdae34-f8e0-4a3e-b804-7e3ff37522fe/mbed-os/BUILD/mbed/TARGET_LPC4337/TOOLCHAIN_GCC_ARM/retarget.o
                0x0000000014000456                mbed::FileHandle::unlock()
 .text._ZN4mbed10FileHandle4flenEv
                0x0000000014000458       0x4c /media/adems/e7cdae34-f8e0-4a3e-b804-7e3ff37522fe/mbed-os/BUILD/mbed/TARGET_LPC4337/TOOLCHAIN_GCC_ARM/retarget.o
                0x0000000014000458                mbed::FileHandle::flen()
 .text._ZL11init_serialv
                0x00000000140004a4       0x34 /media/adems/e7cdae34-f8e0-4a3e-b804-7e3ff37522fe/mbed-os/BUILD/mbed/TARGET_LPC4337/TOOLCHAIN_GCC_ARM/retarget.o
 .text.mbed_sdk_init
                0x00000000140004d8        0x2 /media/adems/e7cdae34-f8e0-4a3e-b804-7e3ff37522fe/mbed-os/BUILD/mbed/TARGET_LPC4337/TOOLCHAIN_GCC_ARM/retarget.o
                0x00000000140004d8                mbed_sdk_init
 *fill*         0x00000000140004da        0x2 
 .text._close   0x00000000140004dc       0x2c /media/adems/e7cdae34-f8e0-4a3e-b804-7e3ff37522fe/mbed-os/BUILD/mbed/TARGET_LPC4337/TOOLCHAIN_GCC_ARM/retarget.o
                0x00000000140004dc                _close
 .text._write   0x0000000014000508       0x50 /media/adems/e7cdae34-f8e0-4a3e-b804-7e3ff37522fe/mbed-os/BUILD/mbed/TARGET_LPC4337/TOOLCHAIN_GCC_ARM/retarget.o
                0x0000000014000508                _write
 .text._read    0x0000000014000558       0x44 /media/adems/e7cdae34-f8e0-4a3e-b804-7e3ff37522fe/mbed-os/BUILD/mbed/TARGET_LPC4337/TOOLCHAIN_GCC_ARM/retarget.o
                0x0000000014000558                _read
 .text._isatty  0x000000001400059c       0x24 /media/adems/e7cdae34-f8e0-4a3e-b804-7e3ff37522fe/mbed-os/BUILD/mbed/TARGET_LPC4337/TOOLCHAIN_GCC_ARM/retarget.o
                0x000000001400059c                _isatty
 .text._lseek   0x00000000140005c0       0x24 /media/adems/e7cdae34-f8e0-4a3e-b804-7e3ff37522fe/mbed-os/BUILD/mbed/TARGET_LPC4337/TOOLCHAIN_GCC_ARM/retarget.o
                0x00000000140005c0                _lseek
 .text._fstat   0x00000000140005e4       0x1e /media/adems/e7cdae34-f8e0-4a3e-b804-7e3ff37522fe/mbed-os/BUILD/mbed/TARGET_LPC4337/TOOLCHAIN_GCC_ARM/retarget.o
                0x00000000140005e4                _fstat
 .text.__cxa_pure_virtual
                0x0000000014000602        0x8 /media/adems/e7cdae34-f8e0-4a3e-b804-7e3ff37522fe/mbed-os/BUILD/mbed/TARGET_LPC4337/TOOLCHAIN_GCC_ARM/retarget.o
                0x0000000014000602                __cxa_pure_virtual
 .text.software_init_hook_rtos
                0x000000001400060a        0x2 /media/adems/e7cdae34-f8e0-4a3e-b804-7e3ff37522fe/mbed-os/BUILD/mbed/TARGET_LPC4337/TOOLCHAIN_GCC_ARM/retarget.o
                0x000000001400060a                software_init_hook_rtos
 .text.software_init_hook
                0x000000001400060c        0xc /media/adems/e7cdae34-f8e0-4a3e-b804-7e3ff37522fe/mbed-os/BUILD/mbed/TARGET_LPC4337/TOOLCHAIN_GCC_ARM/retarget.o
                0x000000001400060c                software_init_hook
 .text.mbed_main
                0x0000000014000618        0x2 /media/adems/e7cdae34-f8e0-4a3e-b804-7e3ff37522fe/mbed-os/BUILD/mbed/TARGET_LPC4337/TOOLCHAIN_GCC_ARM/retarget.o
                0x0000000014000618                mbed_main
 .text.__wrap_main
                0x000000001400061a        0xe /media/adems/e7cdae34-f8e0-4a3e-b804-7e3ff37522fe/mbed-os/BUILD/mbed/TARGET_LPC4337/TOOLCHAIN_GCC_ARM/retarget.o
                0x000000001400061a                __wrap_main
 .text._sbrk    0x0000000014000628       0x44 /media/adems/e7cdae34-f8e0-4a3e-b804-7e3ff37522fe/mbed-os/BUILD/mbed/TARGET_LPC4337/TOOLCHAIN_GCC_ARM/retarget.o
                0x0000000014000628                _sbrk
 .text._exit    0x000000001400066c       0x24 /media/adems/e7cdae34-f8e0-4a3e-b804-7e3ff37522fe/mbed-os/BUILD/mbed/TARGET_LPC4337/TOOLCHAIN_GCC_ARM/retarget.o
                0x000000001400066c                _exit
 .text.__aeabi_atexit
                0x0000000014000690        0x4 /media/adems/e7cdae34-f8e0-4a3e-b804-7e3ff37522fe/mbed-os/BUILD/mbed/TARGET_LPC4337/TOOLCHAIN_GCC_ARM/retarget.o
                0x0000000014000690                __aeabi_atexit
 .text.__wrap_exit
                0x0000000014000694        0x6 /media/adems/e7cdae34-f8e0-4a3e-b804-7e3ff37522fe/mbed-os/BUILD/mbed/TARGET_LPC4337/TOOLCHAIN_GCC_ARM/retarget.o
                0x0000000014000694                __wrap_exit
 .text.__wrap_atexit
                0x000000001400069a        0x4 /media/adems/e7cdae34-f8e0-4a3e-b804-7e3ff37522fe/mbed-os/BUILD/mbed/TARGET_LPC4337/TOOLCHAIN_GCC_ARM/retarget.o
                0x000000001400069a                __wrap_atexit
 .text._ZN4mbed26mbed_set_unbuffered_streamEP7__sFILE
                0x000000001400069e        0x6 /media/adems/e7cdae34-f8e0-4a3e-b804-7e3ff37522fe/mbed-os/BUILD/mbed/TARGET_LPC4337/TOOLCHAIN_GCC_ARM/retarget.o
                0x000000001400069e                mbed::mbed_set_unbuffered_stream(__sFILE*)
 .text.__rtos_malloc_lock
                0x00000000140006a4        0x2 /media/adems/e7cdae34-f8e0-4a3e-b804-7e3ff37522fe/mbed-os/BUILD/mbed/TARGET_LPC4337/TOOLCHAIN_GCC_ARM/retarget.o
                0x00000000140006a4                __rtos_malloc_lock
 .text.__rtos_malloc_unlock
                0x00000000140006a6        0x2 /media/adems/e7cdae34-f8e0-4a3e-b804-7e3ff37522fe/mbed-os/BUILD/mbed/TARGET_LPC4337/TOOLCHAIN_GCC_ARM/retarget.o
                0x00000000140006a6                __rtos_malloc_unlock
 .text.__malloc_lock
                0x00000000140006a8        0x8 /media/adems/e7cdae34-f8e0-4a3e-b804-7e3ff37522fe/mbed-os/BUILD/mbed/TARGET_LPC4337/TOOLCHAIN_GCC_ARM/retarget.o
                0x00000000140006a8                __malloc_lock
 .text.__malloc_unlock
                0x00000000140006b0        0x8 /media/adems/e7cdae34-f8e0-4a3e-b804-7e3ff37522fe/mbed-os/BUILD/mbed/TARGET_LPC4337/TOOLCHAIN_GCC_ARM/retarget.o
                0x00000000140006b0                __malloc_unlock
 .text._ZdlPv   0x00000000140006b8        0x8 /media/adems/e7cdae34-f8e0-4a3e-b804-7e3ff37522fe/mbed-os/BUILD/mbed/TARGET_LPC4337/TOOLCHAIN_GCC_ARM/retarget.o
                0x00000000140006b8                operator delete(void*)
 .text._ZN12SingletonPtrI13PlatformMutexE3getEv
                0x00000000140006c0       0x2c /media/adems/e7cdae34-f8e0-4a3e-b804-7e3ff37522fe/mbed-os/BUILD/mbed/TARGET_LPC4337/TOOLCHAIN_GCC_ARM/retarget.o
                0x00000000140006c0                SingletonPtr<PlatformMutex>::get()
 .text._ZN4mbed10FileHandleD2Ev
                0x00000000140006ec       0x3c /media/adems/e7cdae34-f8e0-4a3e-b804-7e3ff37522fe/mbed-os/BUILD/mbed/TARGET_LPC4337/TOOLCHAIN_GCC_ARM/retarget.o
                0x00000000140006ec                mbed::FileHandle::~FileHandle()
                0x00000000140006ec                mbed::FileHandle::~FileHandle()
 .text._open    0x0000000014000728       0xf8 /media/adems/e7cdae34-f8e0-4a3e-b804-7e3ff37522fe/mbed-os/BUILD/mbed/TARGET_LPC4337/TOOLCHAIN_GCC_ARM/retarget.o
                0x0000000014000728                _open
 .text.serial_baud
                0x0000000014000820      0x120 /media/adems/e7cdae34-f8e0-4a3e-b804-7e3ff37522fe/mbed-os/BUILD/mbed/TARGET_LPC4337/TOOLCHAIN_GCC_ARM/serial_api.o
                0x0000000014000820                serial_baud
 .text.serial_format
                0x0000000014000940       0x74 /media/adems/e7cdae34-f8e0-4a3e-b804-7e3ff37522fe/mbed-os/BUILD/mbed/TARGET_LPC4337/TOOLCHAIN_GCC_ARM/serial_api.o
                0x0000000014000940                serial_format
 .text.serial_init
                0x00000000140009b4      0x10c /media/adems/e7cdae34-f8e0-4a3e-b804-7e3ff37522fe/mbed-os/BUILD/mbed/TARGET_LPC4337/TOOLCHAIN_GCC_ARM/serial_api.o
                0x00000000140009b4                serial_init
 .text.serial_irq_handler
                0x0000000014000ac0       0x18 /media/adems/e7cdae34-f8e0-4a3e-b804-7e3ff37522fe/mbed-os/BUILD/mbed/TARGET_LPC4337/TOOLCHAIN_GCC_ARM/serial_api.o
                0x0000000014000ac0                serial_irq_handler
 .text.serial_getc
                0x0000000014000ad8       0x34 /media/adems/e7cdae34-f8e0-4a3e-b804-7e3ff37522fe/mbed-os/BUILD/mbed/TARGET_LPC4337/TOOLCHAIN_GCC_ARM/serial_api.o
                0x0000000014000ad8                serial_getc
 .text.serial_writable
                0x0000000014000b0c       0x54 /media/adems/e7cdae34-f8e0-4a3e-b804-7e3ff37522fe/mbed-os/BUILD/mbed/TARGET_LPC4337/TOOLCHAIN_GCC_ARM/serial_api.o
                0x0000000014000b0c                serial_writable
 .text.serial_putc
                0x0000000014000b60       0x30 /media/adems/e7cdae34-f8e0-4a3e-b804-7e3ff37522fe/mbed-os/BUILD/mbed/TARGET_LPC4337/TOOLCHAIN_GCC_ARM/serial_api.o
                0x0000000014000b60                serial_putc
 .text          0x0000000014000b90       0x44 /media/adems/e7cdae34-f8e0-4a3e-b804-7e3ff37522fe/mbed-os/BUILD/mbed/TARGET_LPC4337/TOOLCHAIN_GCC_ARM/startup_LPC43xx.o
                0x0000000014000b90                Reset_Handler
                0x0000000014000bc0                NMI_Handler
                0x0000000014000bc2                HardFault_Handler
                0x0000000014000bc4                MemManage_Handler
                0x0000000014000bc6                BusFault_Handler
                0x0000000014000bc8                UsageFault_Handler
                0x0000000014000bca                SVC_Handler
                0x0000000014000bcc                DebugMon_Handler
                0x0000000014000bce                PendSV_Handler
                0x0000000014000bd0                SysTick_Handler
                0x0000000014000bd2                TIMER2_IRQHandler
                0x0000000014000bd2                I2C0_IRQHandler
                0x0000000014000bd2                SDIO_IRQHandler
                0x0000000014000bd2                ATIMER_IRQHandler
                0x0000000014000bd2                I2C1_IRQHandler
                0x0000000014000bd2                UART1_IRQHandler
                0x0000000014000bd2                USB1_IRQHandler
                0x0000000014000bd2                I2S0_IRQHandler
                0x0000000014000bd2                TIMER3_IRQHandler
                0x0000000014000bd2                SGPIO_IRQHandler
                0x0000000014000bd2                ADC0_IRQHandler
                0x0000000014000bd2                PIN_INT6_IRQHandler
                0x0000000014000bd2                PIN_INT4_IRQHandler
                0x0000000014000bd2                SSP0_IRQHandler
                0x0000000014000bd2                ADC1_IRQHandler
                0x0000000014000bd2                FLASHEEPROM_IRQHandler
                0x0000000014000bd2                USART3_IRQHandler
                0x0000000014000bd2                RTC_IRQHandler
                0x0000000014000bd2                TIMER0_IRQHandler
                0x0000000014000bd2                SPI_IRQHandler
                0x0000000014000bd2                LCD_IRQHandler
                0x0000000014000bd2                USART0_IRQHandler
                0x0000000014000bd2                TIMER1_IRQHandler
                0x0000000014000bd2                C_CAN1_IRQHandler
                0x0000000014000bd2                PIN_INT5_IRQHandler
                0x0000000014000bd2                PIN_INT2_IRQHandler
                0x0000000014000bd2                Default_Handler
                0x0000000014000bd2                I2S1_IRQHandler
                0x0000000014000bd2                SSP1_IRQHandler
                0x0000000014000bd2                PIN_INT7_IRQHandler
                0x0000000014000bd2                PIN_INT1_IRQHandler
                0x0000000014000bd2                USB0_IRQHandler
                0x0000000014000bd2                SCT_IRQHandler
                0x0000000014000bd2                PIN_INT0_IRQHandler
                0x0000000014000bd2                SPIFI_IRQHandler
                0x0000000014000bd2                QEI_IRQHandler
                0x0000000014000bd2                M0CORE_IRQHandler
                0x0000000014000bd2                RITIMER_IRQHandler
                0x0000000014000bd2                GINT0_IRQHandler
                0x0000000014000bd2                DAC_IRQHandler
                0x0000000014000bd2                USART2_IRQHandler
                0x0000000014000bd2                DMA_IRQHandler
                0x0000000014000bd2                PIN_INT3_IRQHandler
                0x0000000014000bd2                EVENTROUTER_IRQHandler
                0x0000000014000bd2                C_CAN0_IRQHandler
                0x0000000014000bd2                MCPWM_IRQHandler
                0x0000000014000bd2                GINT1_IRQHandler
                0x0000000014000bd2                ETHERNET_IRQHandler
                0x0000000014000bd2                WWDT_IRQHandler
 *fill*         0x0000000014000bd4        0x4 
 .text.WaitUs.constprop.1
                0x0000000014000bd8       0x44 /media/adems/e7cdae34-f8e0-4a3e-b804-7e3ff37522fe/mbed-os/BUILD/mbed/TARGET_LPC4337/TOOLCHAIN_GCC_ARM/system_LPC43xx.o
 .text.SystemCoreClockUpdate
                0x0000000014000c1c       0x74 /media/adems/e7cdae34-f8e0-4a3e-b804-7e3ff37522fe/mbed-os/BUILD/mbed/TARGET_LPC4337/TOOLCHAIN_GCC_ARM/system_LPC43xx.o
                0x0000000014000c1c                SystemCoreClockUpdate
 .text.fpuInit  0x0000000014000c90       0x48 /media/adems/e7cdae34-f8e0-4a3e-b804-7e3ff37522fe/mbed-os/BUILD/mbed/TARGET_LPC4337/TOOLCHAIN_GCC_ARM/system_LPC43xx.o
                0x0000000014000c90                fpuInit
 .text.SystemInit
                0x0000000014000cd8      0x148 /media/adems/e7cdae34-f8e0-4a3e-b804-7e3ff37522fe/mbed-os/BUILD/mbed/TARGET_LPC4337/TOOLCHAIN_GCC_ARM/system_LPC43xx.o
                0x0000000014000cd8                SystemInit
 .text.us_ticker_init
                0x0000000014000e20       0x50 /media/adems/e7cdae34-f8e0-4a3e-b804-7e3ff37522fe/mbed-os/BUILD/mbed/TARGET_LPC4337/TOOLCHAIN_GCC_ARM/us_ticker.o
                0x0000000014000e20                us_ticker_init
 .text.us_ticker_read
                0x0000000014000e70       0x1c /media/adems/e7cdae34-f8e0-4a3e-b804-7e3ff37522fe/mbed-os/BUILD/mbed/TARGET_LPC4337/TOOLCHAIN_GCC_ARM/us_ticker.o
                0x0000000014000e70                us_ticker_read
 .text.us_ticker_set_interrupt
                0x0000000014000e8c       0x14 /media/adems/e7cdae34-f8e0-4a3e-b804-7e3ff37522fe/mbed-os/BUILD/mbed/TARGET_LPC4337/TOOLCHAIN_GCC_ARM/us_ticker.o
                0x0000000014000e8c                us_ticker_set_interrupt
 .text.us_ticker_disable_interrupt
                0x0000000014000ea0       0x10 /media/adems/e7cdae34-f8e0-4a3e-b804-7e3ff37522fe/mbed-os/BUILD/mbed/TARGET_LPC4337/TOOLCHAIN_GCC_ARM/us_ticker.o
                0x0000000014000ea0                us_ticker_disable_interrupt
 .text.us_ticker_clear_interrupt
                0x0000000014000eb0        0xc /media/adems/e7cdae34-f8e0-4a3e-b804-7e3ff37522fe/mbed-os/BUILD/mbed/TARGET_LPC4337/TOOLCHAIN_GCC_ARM/us_ticker.o
                0x0000000014000eb0                us_ticker_clear_interrupt
 .text._ZN4mbed8CallbackIFvvEE13function_callIPS1_EEvPKv
                0x0000000014000ebc        0x4 /media/adems/e7cdae34-f8e0-4a3e-b804-7e3ff37522fe/mbed-os/BUILD/test/LPC4337/GCC_ARM/MBED_BLINKY/./main.o
                0x0000000014000ebc                void mbed::Callback<void ()>::function_call<void (*)()>(void const*)
 .text._ZN4mbed8CallbackIFvvEE13function_moveIPS1_EEvPvPKv
                0x0000000014000ec0        0x8 /media/adems/e7cdae34-f8e0-4a3e-b804-7e3ff37522fe/mbed-os/BUILD/test/LPC4337/GCC_ARM/MBED_BLINKY/./main.o
                0x0000000014000ec0                void mbed::Callback<void ()>::function_move<void (*)()>(void*, void const*)
 .text._ZN4mbed8CallbackIFvvEE13function_dtorIPS1_EEvPv
                0x0000000014000ec8        0x2 /media/adems/e7cdae34-f8e0-4a3e-b804-7e3ff37522fe/mbed-os/BUILD/test/LPC4337/GCC_ARM/MBED_BLINKY/./main.o
                0x0000000014000ec8                void mbed::Callback<void ()>::function_dtor<void (*)()>(void*)
 *fill*         0x0000000014000eca        0x2 
 .text._Z7pwmtickv
                0x0000000014000ecc       0x70 /media/adems/e7cdae34-f8e0-4a3e-b804-7e3ff37522fe/mbed-os/BUILD/test/LPC4337/GCC_ARM/MBED_BLINKY/./main.o
                0x0000000014000ecc                pwmtick()
 .text._ZN4mbed10DigitalOutC2E7PinName
                0x0000000014000f3c       0x1a /media/adems/e7cdae34-f8e0-4a3e-b804-7e3ff37522fe/mbed-os/BUILD/test/LPC4337/GCC_ARM/MBED_BLINKY/./main.o
                0x0000000014000f3c                mbed::DigitalOut::DigitalOut(PinName)
                0x0000000014000f3c                mbed::DigitalOut::DigitalOut(PinName)
 .text._ZN4mbed8CallbackIFvvEED2Ev
                0x0000000014000f56       0x10 /media/adems/e7cdae34-f8e0-4a3e-b804-7e3ff37522fe/mbed-os/BUILD/test/LPC4337/GCC_ARM/MBED_BLINKY/./main.o
                0x0000000014000f56                mbed::Callback<void ()>::~Callback()
                0x0000000014000f56                mbed::Callback<void ()>::~Callback()
 *fill*         0x0000000014000f66        0x2 
 .text._ZN4mbed10SerialBaseD2Ev
                0x0000000014000f68       0x28 /media/adems/e7cdae34-f8e0-4a3e-b804-7e3ff37522fe/mbed-os/BUILD/test/LPC4337/GCC_ARM/MBED_BLINKY/./main.o
                0x0000000014000f68                mbed::SerialBase::~SerialBase()
                0x0000000014000f68                mbed::SerialBase::~SerialBase()
 .text._ZN4mbed10SerialBaseD0Ev
                0x0000000014000f90       0x12 /media/adems/e7cdae34-f8e0-4a3e-b804-7e3ff37522fe/mbed-os/BUILD/test/LPC4337/GCC_ARM/MBED_BLINKY/./main.o
                0x0000000014000f90                mbed::SerialBase::~SerialBase()
 *fill*         0x0000000014000fa2        0x2 
 .text._ZN4mbed6SerialD2Ev
                0x0000000014000fa4       0x28 /media/adems/e7cdae34-f8e0-4a3e-b804-7e3ff37522fe/mbed-os/BUILD/test/LPC4337/GCC_ARM/MBED_BLINKY/./main.o
                0x0000000014000fa4                mbed::Serial::~Serial()
                0x0000000014000fa4                mbed::Serial::~Serial()
 .text._ZN4mbed6SerialD1Ev
                0x0000000014000fcc       0x10 /media/adems/e7cdae34-f8e0-4a3e-b804-7e3ff37522fe/mbed-os/BUILD/test/LPC4337/GCC_ARM/MBED_BLINKY/./main.o
                0x0000000014000fcc                non-virtual thunk to mbed::Serial::~Serial()
                0x0000000014000fd4                non-virtual thunk to mbed::Serial::~Serial()
 .text._ZN4mbed6TickerD2Ev
                0x0000000014000fdc       0x24 /media/adems/e7cdae34-f8e0-4a3e-b804-7e3ff37522fe/mbed-os/BUILD/test/LPC4337/GCC_ARM/MBED_BLINKY/./main.o
                0x0000000014000fdc                mbed::Ticker::~Ticker()
                0x0000000014000fdc                mbed::Ticker::~Ticker()
 .text._ZN4mbed6TickerD0Ev
                0x0000000014001000       0x12 /media/adems/e7cdae34-f8e0-4a3e-b804-7e3ff37522fe/mbed-os/BUILD/test/LPC4337/GCC_ARM/MBED_BLINKY/./main.o
                0x0000000014001000                mbed::Ticker::~Ticker()
 *fill*         0x0000000014001012        0x2 
 .text.startup.main
                0x0000000014001014       0x9c /media/adems/e7cdae34-f8e0-4a3e-b804-7e3ff37522fe/mbed-os/BUILD/test/LPC4337/GCC_ARM/MBED_BLINKY/./main.o
                0x0000000014001014                main
 .text._ZN4mbed6SerialD0Ev
                0x00000000140010b0       0x1e /media/adems/e7cdae34-f8e0-4a3e-b804-7e3ff37522fe/mbed-os/BUILD/test/LPC4337/GCC_ARM/MBED_BLINKY/./main.o
                0x00000000140010b0                mbed::Serial::~Serial()
                0x00000000140010c2                non-virtual thunk to mbed::Serial::~Serial()
                0x00000000140010c8                non-virtual thunk to mbed::Serial::~Serial()
 *fill*         0x00000000140010ce        0x2 
 .text.startup._GLOBAL__sub_I_en
                0x00000000140010d0      0x14c /media/adems/e7cdae34-f8e0-4a3e-b804-7e3ff37522fe/mbed-os/BUILD/test/LPC4337/GCC_ARM/MBED_BLINKY/./main.o
 .text._ZN4mbed8FilePathC2EPKc
                0x000000001400121c       0x3c /media/adems/e7cdae34-f8e0-4a3e-b804-7e3ff37522fe/mbed-os/BUILD/mbed/TARGET_LPC4337/TOOLCHAIN_GCC_ARM/libmbed.a(FilePath.o)
                0x000000001400121c                mbed::FilePath::FilePath(char const*)
                0x000000001400121c                mbed::FilePath::FilePath(char const*)
 .text._ZN4mbed8FilePath8fileNameEv
                0x0000000014001258        0x4 /media/adems/e7cdae34-f8e0-4a3e-b804-7e3ff37522fe/mbed-os/BUILD/mbed/TARGET_LPC4337/TOOLCHAIN_GCC_ARM/libmbed.a(FilePath.o)
                0x0000000014001258                mbed::FilePath::fileName()
 .text._ZN4mbed8FilePath12isFileSystemEv
                0x000000001400125c       0x12 /media/adems/e7cdae34-f8e0-4a3e-b804-7e3ff37522fe/mbed-os/BUILD/mbed/TARGET_LPC4337/TOOLCHAIN_GCC_ARM/libmbed.a(FilePath.o)
                0x000000001400125c                mbed::FilePath::isFileSystem()
 .text._ZN4mbed8FilePath10fileSystemEv
                0x000000001400126e        0xe /media/adems/e7cdae34-f8e0-4a3e-b804-7e3ff37522fe/mbed-os/BUILD/mbed/TARGET_LPC4337/TOOLCHAIN_GCC_ARM/libmbed.a(FilePath.o)
                0x000000001400126e                mbed::FilePath::fileSystem()
 .text._ZN4mbed8FilePath6isFileEv
                0x000000001400127c       0x12 /media/adems/e7cdae34-f8e0-4a3e-b804-7e3ff37522fe/mbed-os/BUILD/mbed/TARGET_LPC4337/TOOLCHAIN_GCC_ARM/libmbed.a(FilePath.o)
                0x000000001400127c                mbed::FilePath::isFile()
 .text._ZN4mbed8FilePath4fileEv
                0x000000001400128e       0x12 /media/adems/e7cdae34-f8e0-4a3e-b804-7e3ff37522fe/mbed-os/BUILD/mbed/TARGET_LPC4337/TOOLCHAIN_GCC_ARM/libmbed.a(FilePath.o)
                0x000000001400128e                mbed::FilePath::file()
 .text._ZN4mbed8FilePath6existsEv
                0x00000000140012a0        0xa /media/adems/e7cdae34-f8e0-4a3e-b804-7e3ff37522fe/mbed-os/BUILD/mbed/TARGET_LPC4337/TOOLCHAIN_GCC_ARM/libmbed.a(FilePath.o)
                0x00000000140012a0                mbed::FilePath::exists()
 .text._ZN4mbed6Serial4lockEv
                0x00000000140012aa        0x2 /media/adems/e7cdae34-f8e0-4a3e-b804-7e3ff37522fe/mbed-os/BUILD/mbed/TARGET_LPC4337/TOOLCHAIN_GCC_ARM/libmbed.a(Serial.o)
                0x00000000140012aa                mbed::Serial::lock()
 .text._ZThn48_N4mbed6Serial4lockEv
                0x00000000140012ac        0x8 /media/adems/e7cdae34-f8e0-4a3e-b804-7e3ff37522fe/mbed-os/BUILD/mbed/TARGET_LPC4337/TOOLCHAIN_GCC_ARM/libmbed.a(Serial.o)
                0x00000000140012ac                non-virtual thunk to mbed::Serial::lock()
 .text._ZN4mbed6Serial6unlockEv
                0x00000000140012b4        0x2 /media/adems/e7cdae34-f8e0-4a3e-b804-7e3ff37522fe/mbed-os/BUILD/mbed/TARGET_LPC4337/TOOLCHAIN_GCC_ARM/libmbed.a(Serial.o)
                0x00000000140012b4                mbed::Serial::unlock()
 .text._ZThn48_N4mbed6Serial6unlockEv
                0x00000000140012b6        0x8 /media/adems/e7cdae34-f8e0-4a3e-b804-7e3ff37522fe/mbed-os/BUILD/mbed/TARGET_LPC4337/TOOLCHAIN_GCC_ARM/libmbed.a(Serial.o)
                0x00000000140012b6                non-virtual thunk to mbed::Serial::unlock()
 .text._ZN4mbed6Serial5_getcEv
                0x00000000140012be        0x4 /media/adems/e7cdae34-f8e0-4a3e-b804-7e3ff37522fe/mbed-os/BUILD/mbed/TARGET_LPC4337/TOOLCHAIN_GCC_ARM/libmbed.a(Serial.o)
                0x00000000140012be                mbed::Serial::_getc()
 .text._ZThn48_N4mbed6Serial5_getcEv
                0x00000000140012c2        0x8 /media/adems/e7cdae34-f8e0-4a3e-b804-7e3ff37522fe/mbed-os/BUILD/mbed/TARGET_LPC4337/TOOLCHAIN_GCC_ARM/libmbed.a(Serial.o)
                0x00000000140012c2                non-virtual thunk to mbed::Serial::_getc()
 .text._ZN4mbed6Serial5_putcEi
                0x00000000140012ca        0x4 /media/adems/e7cdae34-f8e0-4a3e-b804-7e3ff37522fe/mbed-os/BUILD/mbed/TARGET_LPC4337/TOOLCHAIN_GCC_ARM/libmbed.a(Serial.o)
                0x00000000140012ca                mbed::Serial::_putc(int)
 .text._ZThn48_N4mbed6Serial5_putcEi
                0x00000000140012ce        0x8 /media/adems/e7cdae34-f8e0-4a3e-b804-7e3ff37522fe/mbed-os/BUILD/mbed/TARGET_LPC4337/TOOLCHAIN_GCC_ARM/libmbed.a(Serial.o)
                0x00000000140012ce                non-virtual thunk to mbed::Serial::_putc(int)
 *fill*         0x00000000140012d6        0x2 
 .text._ZN4mbed6SerialC2E7PinNameS1_PKci
                0x00000000140012d8       0x30 /media/adems/e7cdae34-f8e0-4a3e-b804-7e3ff37522fe/mbed-os/BUILD/mbed/TARGET_LPC4337/TOOLCHAIN_GCC_ARM/libmbed.a(Serial.o)
                0x00000000140012d8                mbed::Serial::Serial(PinName, PinName, char const*, int)
                0x00000000140012d8                mbed::Serial::Serial(PinName, PinName, char const*, int)
 .text._ZN4mbed6Ticker7handlerEv
                0x0000000014001308       0x38 /media/adems/e7cdae34-f8e0-4a3e-b804-7e3ff37522fe/mbed-os/BUILD/mbed/TARGET_LPC4337/TOOLCHAIN_GCC_ARM/libmbed.a(Ticker.o)
                0x0000000014001308                mbed::Ticker::handler()
 .text._ZN4mbed6Ticker5setupEm
                0x0000000014001340       0x28 /media/adems/e7cdae34-f8e0-4a3e-b804-7e3ff37522fe/mbed-os/BUILD/mbed/TARGET_LPC4337/TOOLCHAIN_GCC_ARM/libmbed.a(Ticker.o)
                0x0000000014001340                mbed::Ticker::setup(unsigned long)
 .text._ZN4mbed6Ticker6detachEv
                0x0000000014001368       0x26 /media/adems/e7cdae34-f8e0-4a3e-b804-7e3ff37522fe/mbed-os/BUILD/mbed/TARGET_LPC4337/TOOLCHAIN_GCC_ARM/libmbed.a(Ticker.o)
                0x0000000014001368                mbed::Ticker::detach()
 .text._ZN4mbed6Stream5closeEv
                0x000000001400138e        0x4 /media/adems/e7cdae34-f8e0-4a3e-b804-7e3ff37522fe/mbed-os/BUILD/mbed/TARGET_LPC4337/TOOLCHAIN_GCC_ARM/libmbed.a(Stream.o)
                0x000000001400138e                mbed::Stream::close()
 .text._ZN4mbed6Stream5writeEPKvj
                0x0000000014001392       0x32 /media/adems/e7cdae34-f8e0-4a3e-b804-7e3ff37522fe/mbed-os/BUILD/mbed/TARGET_LPC4337/TOOLCHAIN_GCC_ARM/libmbed.a(Stream.o)
                0x0000000014001392                mbed::Stream::write(void const*, unsigned int)
 .text._ZN4mbed6Stream4readEPvj
                0x00000000140013c4       0x32 /media/adems/e7cdae34-f8e0-4a3e-b804-7e3ff37522fe/mbed-os/BUILD/mbed/TARGET_LPC4337/TOOLCHAIN_GCC_ARM/libmbed.a(Stream.o)
                0x00000000140013c4                mbed::Stream::read(void*, unsigned int)
 .text._ZN4mbed6Stream5lseekEli
                0x00000000140013f6        0x4 /media/adems/e7cdae34-f8e0-4a3e-b804-7e3ff37522fe/mbed-os/BUILD/mbed/TARGET_LPC4337/TOOLCHAIN_GCC_ARM/libmbed.a(Stream.o)
                0x00000000140013f6                mbed::Stream::lseek(long, int)
 .text._ZN4mbed6Stream6isattyEv
                0x00000000140013fa        0x4 /media/adems/e7cdae34-f8e0-4a3e-b804-7e3ff37522fe/mbed-os/BUILD/mbed/TARGET_LPC4337/TOOLCHAIN_GCC_ARM/libmbed.a(Stream.o)
                0x00000000140013fa                mbed::Stream::isatty()
 .text._ZN4mbed6Stream5fsyncEv
                0x00000000140013fe        0x4 /media/adems/e7cdae34-f8e0-4a3e-b804-7e3ff37522fe/mbed-os/BUILD/mbed/TARGET_LPC4337/TOOLCHAIN_GCC_ARM/libmbed.a(Stream.o)
                0x00000000140013fe                mbed::Stream::fsync()
 .text._ZN4mbed6Stream4flenEv
                0x0000000014001402        0x4 /media/adems/e7cdae34-f8e0-4a3e-b804-7e3ff37522fe/mbed-os/BUILD/mbed/TARGET_LPC4337/TOOLCHAIN_GCC_ARM/libmbed.a(Stream.o)
                0x0000000014001402                mbed::Stream::flen()
 *fill*         0x0000000014001406        0x2 
 .text._ZN4mbed6StreamC2EPKc
                0x0000000014001408       0x44 /media/adems/e7cdae34-f8e0-4a3e-b804-7e3ff37522fe/mbed-os/BUILD/mbed/TARGET_LPC4337/TOOLCHAIN_GCC_ARM/libmbed.a(Stream.o)
                0x0000000014001408                mbed::Stream::Stream(char const*)
                0x0000000014001408                mbed::Stream::Stream(char const*)
 .text._ZN4mbed6StreamD2Ev
                0x000000001400144c       0x24 /media/adems/e7cdae34-f8e0-4a3e-b804-7e3ff37522fe/mbed-os/BUILD/mbed/TARGET_LPC4337/TOOLCHAIN_GCC_ARM/libmbed.a(Stream.o)
                0x000000001400144c                mbed::Stream::~Stream()
                0x000000001400144c                mbed::Stream::~Stream()
 .text._ZN4mbedL9donothingEv
                0x0000000014001470        0x2 /media/adems/e7cdae34-f8e0-4a3e-b804-7e3ff37522fe/mbed-os/BUILD/mbed/TARGET_LPC4337/TOOLCHAIN_GCC_ARM/libmbed.a(SerialBase.o)
 .text._ZN4mbed10SerialBase4lockEv
                0x0000000014001472        0x2 /media/adems/e7cdae34-f8e0-4a3e-b804-7e3ff37522fe/mbed-os/BUILD/mbed/TARGET_LPC4337/TOOLCHAIN_GCC_ARM/libmbed.a(SerialBase.o)
                0x0000000014001472                mbed::SerialBase::lock()
 .text._ZN4mbed10SerialBase6unlockEv
                0x0000000014001474        0x2 /media/adems/e7cdae34-f8e0-4a3e-b804-7e3ff37522fe/mbed-os/BUILD/mbed/TARGET_LPC4337/TOOLCHAIN_GCC_ARM/libmbed.a(SerialBase.o)
                0x0000000014001474                mbed::SerialBase::unlock()
 *fill*         0x0000000014001476        0x2 
 .text._ZN4mbed10SerialBase12_irq_handlerEm9SerialIrq
                0x0000000014001478       0x30 /media/adems/e7cdae34-f8e0-4a3e-b804-7e3ff37522fe/mbed-os/BUILD/mbed/TARGET_LPC4337/TOOLCHAIN_GCC_ARM/libmbed.a(SerialBase.o)
                0x0000000014001478                mbed::SerialBase::_irq_handler(unsigned long, SerialIrq)
 .text._ZN4mbed10SerialBase4baudEi
                0x00000000140014a8       0x26 /media/adems/e7cdae34-f8e0-4a3e-b804-7e3ff37522fe/mbed-os/BUILD/mbed/TARGET_LPC4337/TOOLCHAIN_GCC_ARM/libmbed.a(SerialBase.o)
                0x00000000140014a8                mbed::SerialBase::baud(int)
 .text._ZN4mbed10SerialBase10_base_getcEv
                0x00000000140014ce        0x6 /media/adems/e7cdae34-f8e0-4a3e-b804-7e3ff37522fe/mbed-os/BUILD/mbed/TARGET_LPC4337/TOOLCHAIN_GCC_ARM/libmbed.a(SerialBase.o)
                0x00000000140014ce                mbed::SerialBase::_base_getc()
 .text._ZN4mbed10SerialBase10_base_putcEi
                0x00000000140014d4        0xe /media/adems/e7cdae34-f8e0-4a3e-b804-7e3ff37522fe/mbed-os/BUILD/mbed/TARGET_LPC4337/TOOLCHAIN_GCC_ARM/libmbed.a(SerialBase.o)
                0x00000000140014d4                mbed::SerialBase::_base_putc(int)
 *fill*         0x00000000140014e2        0x2 
 .text._ZN4mbed10SerialBaseC2E7PinNameS1_i
                0x00000000140014e4       0x74 /media/adems/e7cdae34-f8e0-4a3e-b804-7e3ff37522fe/mbed-os/BUILD/mbed/TARGET_LPC4337/TOOLCHAIN_GCC_ARM/libmbed.a(SerialBase.o)
                0x00000000140014e4                mbed::SerialBase::SerialBase(PinName, PinName, int)
                0x00000000140014e4                mbed::SerialBase::SerialBase(PinName, PinName, int)
 .text.gpio_write
                0x0000000014001558       0x2c /media/adems/e7cdae34-f8e0-4a3e-b804-7e3ff37522fe/mbed-os/BUILD/mbed/TARGET_LPC4337/TOOLCHAIN_GCC_ARM/libmbed.a(mbed_gpio.o)
 .text._gpio_init_in
                0x0000000014001584       0x26 /media/adems/e7cdae34-f8e0-4a3e-b804-7e3ff37522fe/mbed-os/BUILD/mbed/TARGET_LPC4337/TOOLCHAIN_GCC_ARM/libmbed.a(mbed_gpio.o)
 .text.gpio_init_in
                0x00000000140015aa        0x6 /media/adems/e7cdae34-f8e0-4a3e-b804-7e3ff37522fe/mbed-os/BUILD/mbed/TARGET_LPC4337/TOOLCHAIN_GCC_ARM/libmbed.a(mbed_gpio.o)
                0x00000000140015aa                gpio_init_in
 .text.gpio_init_in_ex
                0x00000000140015b0        0x4 /media/adems/e7cdae34-f8e0-4a3e-b804-7e3ff37522fe/mbed-os/BUILD/mbed/TARGET_LPC4337/TOOLCHAIN_GCC_ARM/libmbed.a(mbed_gpio.o)
                0x00000000140015b0                gpio_init_in_ex
 .text.gpio_init_out_ex
                0x00000000140015b4       0x2e /media/adems/e7cdae34-f8e0-4a3e-b804-7e3ff37522fe/mbed-os/BUILD/mbed/TARGET_LPC4337/TOOLCHAIN_GCC_ARM/libmbed.a(mbed_gpio.o)
                0x00000000140015b4                gpio_init_out_ex
 .text.gpio_init_out
                0x00000000140015e2        0x6 /media/adems/e7cdae34-f8e0-4a3e-b804-7e3ff37522fe/mbed-os/BUILD/mbed/TARGET_LPC4337/TOOLCHAIN_GCC_ARM/libmbed.a(mbed_gpio.o)
                0x00000000140015e2                gpio_init_out
 .text._ZN4mbed10TimerEvent3irqEm
                0x00000000140015e8        0x6 /media/adems/e7cdae34-f8e0-4a3e-b804-7e3ff37522fe/mbed-os/BUILD/mbed/TARGET_LPC4337/TOOLCHAIN_GCC_ARM/libmbed.a(TimerEvent.o)
                0x00000000140015e8                mbed::TimerEvent::irq(unsigned long)
 *fill*         0x00000000140015ee        0x2 
 .text._ZN4mbed10TimerEventC2Ev
                0x00000000140015f0       0x28 /media/adems/e7cdae34-f8e0-4a3e-b804-7e3ff37522fe/mbed-os/BUILD/mbed/TARGET_LPC4337/TOOLCHAIN_GCC_ARM/libmbed.a(TimerEvent.o)
                0x00000000140015f0                mbed::TimerEvent::TimerEvent()
                0x00000000140015f0                mbed::TimerEvent::TimerEvent()
 .text._ZN4mbed10TimerEvent6insertEm
                0x0000000014001618        0xc /media/adems/e7cdae34-f8e0-4a3e-b804-7e3ff37522fe/mbed-os/BUILD/mbed/TARGET_LPC4337/TOOLCHAIN_GCC_ARM/libmbed.a(TimerEvent.o)
                0x0000000014001618                mbed::TimerEvent::insert(unsigned long)
 .text._ZN4mbed10TimerEvent6removeEv
                0x0000000014001624        0xa /media/adems/e7cdae34-f8e0-4a3e-b804-7e3ff37522fe/mbed-os/BUILD/mbed/TARGET_LPC4337/TOOLCHAIN_GCC_ARM/libmbed.a(TimerEvent.o)
                0x0000000014001624                mbed::TimerEvent::remove()
 *fill*         0x000000001400162e        0x2 
 .text._ZN4mbed10TimerEventD2Ev
                0x0000000014001630       0x14 /media/adems/e7cdae34-f8e0-4a3e-b804-7e3ff37522fe/mbed-os/BUILD/mbed/TARGET_LPC4337/TOOLCHAIN_GCC_ARM/libmbed.a(TimerEvent.o)
                0x0000000014001630                mbed::TimerEvent::~TimerEvent()
                0x0000000014001630                mbed::TimerEvent::~TimerEvent()
 .text.pinmap_pinout
                0x0000000014001644       0x38 /media/adems/e7cdae34-f8e0-4a3e-b804-7e3ff37522fe/mbed-os/BUILD/mbed/TARGET_LPC4337/TOOLCHAIN_GCC_ARM/libmbed.a(mbed_pinmap_common.o)
                0x0000000014001644                pinmap_pinout
 .text.pinmap_merge
                0x000000001400167c       0x24 /media/adems/e7cdae34-f8e0-4a3e-b804-7e3ff37522fe/mbed-os/BUILD/mbed/TARGET_LPC4337/TOOLCHAIN_GCC_ARM/libmbed.a(mbed_pinmap_common.o)
                0x000000001400167c                pinmap_merge
 .text.pinmap_find_peripheral
                0x00000000140016a0       0x16 /media/adems/e7cdae34-f8e0-4a3e-b804-7e3ff37522fe/mbed-os/BUILD/mbed/TARGET_LPC4337/TOOLCHAIN_GCC_ARM/libmbed.a(mbed_pinmap_common.o)
                0x00000000140016a0                pinmap_find_peripheral
 *fill*         0x00000000140016b6        0x2 
 .text.pinmap_peripheral
                0x00000000140016b8       0x20 /media/adems/e7cdae34-f8e0-4a3e-b804-7e3ff37522fe/mbed-os/BUILD/mbed/TARGET_LPC4337/TOOLCHAIN_GCC_ARM/libmbed.a(mbed_pinmap_common.o)
                0x00000000140016b8                pinmap_peripheral
 .text.get_us_ticker_data
                0x00000000140016d8        0x8 /media/adems/e7cdae34-f8e0-4a3e-b804-7e3ff37522fe/mbed-os/BUILD/mbed/TARGET_LPC4337/TOOLCHAIN_GCC_ARM/libmbed.a(mbed_us_ticker_api.o)
                0x00000000140016d8                get_us_ticker_data
 .text.us_ticker_irq_handler
                0x00000000140016e0        0xc /media/adems/e7cdae34-f8e0-4a3e-b804-7e3ff37522fe/mbed-os/BUILD/mbed/TARGET_LPC4337/TOOLCHAIN_GCC_ARM/libmbed.a(mbed_us_ticker_api.o)
                0x00000000140016e0                us_ticker_irq_handler
 .text.ticker_set_handler
                0x00000000140016ec       0x12 /media/adems/e7cdae34-f8e0-4a3e-b804-7e3ff37522fe/mbed-os/BUILD/mbed/TARGET_LPC4337/TOOLCHAIN_GCC_ARM/libmbed.a(mbed_ticker_api.o)
                0x00000000140016ec                ticker_set_handler
 .text.ticker_irq_handler
                0x00000000140016fe       0x48 /media/adems/e7cdae34-f8e0-4a3e-b804-7e3ff37522fe/mbed-os/BUILD/mbed/TARGET_LPC4337/TOOLCHAIN_GCC_ARM/libmbed.a(mbed_ticker_api.o)
                0x00000000140016fe                ticker_irq_handler
 .text.ticker_insert_event
                0x0000000014001746       0x42 /media/adems/e7cdae34-f8e0-4a3e-b804-7e3ff37522fe/mbed-os/BUILD/mbed/TARGET_LPC4337/TOOLCHAIN_GCC_ARM/libmbed.a(mbed_ticker_api.o)
                0x0000000014001746                ticker_insert_event
 .text.ticker_remove_event
                0x0000000014001788       0x3e /media/adems/e7cdae34-f8e0-4a3e-b804-7e3ff37522fe/mbed-os/BUILD/mbed/TARGET_LPC4337/TOOLCHAIN_GCC_ARM/libmbed.a(mbed_ticker_api.o)
                0x0000000014001788                ticker_remove_event
 .text.ticker_read
                0x00000000140017c6        0x6 /media/adems/e7cdae34-f8e0-4a3e-b804-7e3ff37522fe/mbed-os/BUILD/mbed/TARGET_LPC4337/TOOLCHAIN_GCC_ARM/libmbed.a(mbed_ticker_api.o)
                0x00000000140017c6                ticker_read
 .text.mbed_assert_internal
                0x00000000140017cc       0x24 /media/adems/e7cdae34-f8e0-4a3e-b804-7e3ff37522fe/mbed-os/BUILD/mbed/TARGET_LPC4337/TOOLCHAIN_GCC_ARM/libmbed.a(mbed_assert.o)
                0x00000000140017cc                mbed_assert_internal
 .text.core_util_are_interrupts_enabled
                0x00000000140017f0        0xe /media/adems/e7cdae34-f8e0-4a3e-b804-7e3ff37522fe/mbed-os/BUILD/mbed/TARGET_LPC4337/TOOLCHAIN_GCC_ARM/libmbed.a(mbed_critical.o)
                0x00000000140017f0                core_util_are_interrupts_enabled
 *fill*         0x00000000140017fe        0x2 
 .text.core_util_critical_section_enter
                0x0000000014001800       0x54 /media/adems/e7cdae34-f8e0-4a3e-b804-7e3ff37522fe/mbed-os/BUILD/mbed/TARGET_LPC4337/TOOLCHAIN_GCC_ARM/libmbed.a(mbed_critical.o)
                0x0000000014001800                core_util_critical_section_enter
 .text.core_util_critical_section_exit
                0x0000000014001854       0x3c /media/adems/e7cdae34-f8e0-4a3e-b804-7e3ff37522fe/mbed-os/BUILD/mbed/TARGET_LPC4337/TOOLCHAIN_GCC_ARM/libmbed.a(mbed_critical.o)
                0x0000000014001854                core_util_critical_section_exit
 .text.error    0x0000000014001890       0x16 /media/adems/e7cdae34-f8e0-4a3e-b804-7e3ff37522fe/mbed-os/BUILD/mbed/TARGET_LPC4337/TOOLCHAIN_GCC_ARM/libmbed.a(mbed_error.o)
                0x0000000014001890                error
 .text.wait_us  0x00000000140018a6       0x16 /media/adems/e7cdae34-f8e0-4a3e-b804-7e3ff37522fe/mbed-os/BUILD/mbed/TARGET_LPC4337/TOOLCHAIN_GCC_ARM/libmbed.a(mbed_wait_api_no_rtos.o)
                0x00000000140018a6                wait_us
 .text.wait     0x00000000140018bc       0x1c /media/adems/e7cdae34-f8e0-4a3e-b804-7e3ff37522fe/mbed-os/BUILD/mbed/TARGET_LPC4337/TOOLCHAIN_GCC_ARM/libmbed.a(mbed_wait_api_no_rtos.o)
                0x00000000140018bc                wait
 .text.wait_ms  0x00000000140018d8        0xa /media/adems/e7cdae34-f8e0-4a3e-b804-7e3ff37522fe/mbed-os/BUILD/mbed/TARGET_LPC4337/TOOLCHAIN_GCC_ARM/libmbed.a(mbed_wait_api_no_rtos.o)
                0x00000000140018d8                wait_ms
 .text._ZN4mbed8FileBase11getPathTypeEv
                0x00000000140018e2        0x4 /media/adems/e7cdae34-f8e0-4a3e-b804-7e3ff37522fe/mbed-os/BUILD/mbed/TARGET_LPC4337/TOOLCHAIN_GCC_ARM/libmbed.a(FileBase.o)
                0x00000000140018e2                mbed::FileBase::getPathType()
 *fill*         0x00000000140018e6        0x2 
 .text._ZN4mbed8FileBaseC2EPKcNS_8PathTypeE
                0x00000000140018e8       0x3c /media/adems/e7cdae34-f8e0-4a3e-b804-7e3ff37522fe/mbed-os/BUILD/mbed/TARGET_LPC4337/TOOLCHAIN_GCC_ARM/libmbed.a(FileBase.o)
                0x00000000140018e8                mbed::FileBase::FileBase(char const*, mbed::PathType)
                0x00000000140018e8                mbed::FileBase::FileBase(char const*, mbed::PathType)
 .text._ZN4mbed8FileBaseD2Ev
                0x0000000014001924       0x44 /media/adems/e7cdae34-f8e0-4a3e-b804-7e3ff37522fe/mbed-os/BUILD/mbed/TARGET_LPC4337/TOOLCHAIN_GCC_ARM/libmbed.a(FileBase.o)
                0x0000000014001924                mbed::FileBase::~FileBase()
                0x0000000014001924                mbed::FileBase::~FileBase()
 .text._ZN4mbed8FileBaseD0Ev
                0x0000000014001968       0x12 /media/adems/e7cdae34-f8e0-4a3e-b804-7e3ff37522fe/mbed-os/BUILD/mbed/TARGET_LPC4337/TOOLCHAIN_GCC_ARM/libmbed.a(FileBase.o)
                0x0000000014001968                mbed::FileBase::~FileBase()
 *fill*         0x000000001400197a        0x2 
 .text._ZN4mbed8FileBase6lookupEPKcj
                0x000000001400197c       0x40 /media/adems/e7cdae34-f8e0-4a3e-b804-7e3ff37522fe/mbed-os/BUILD/mbed/TARGET_LPC4337/TOOLCHAIN_GCC_ARM/libmbed.a(FileBase.o)
                0x000000001400197c                mbed::FileBase::lookup(char const*, unsigned int)
 .text._ZN4mbed8FileLikeC2EPKc
                0x00000000140019bc       0x28 /media/adems/e7cdae34-f8e0-4a3e-b804-7e3ff37522fe/mbed-os/BUILD/mbed/TARGET_LPC4337/TOOLCHAIN_GCC_ARM/libmbed.a(FileLike.o)
                0x00000000140019bc                mbed::FileLike::FileLike(char const*)
                0x00000000140019bc                mbed::FileLike::FileLike(char const*)
 .text._ZN4mbed8FileLikeD2Ev
                0x00000000140019e4       0x24 /media/adems/e7cdae34-f8e0-4a3e-b804-7e3ff37522fe/mbed-os/BUILD/mbed/TARGET_LPC4337/TOOLCHAIN_GCC_ARM/libmbed.a(FileLike.o)
                0x00000000140019e4                mbed::FileLike::~FileLike()
                0x00000000140019e4                mbed::FileLike::~FileLike()
 .text.abs      0x0000000014001a08        0x8 /usr/lib/gcc/arm-none-eabi/4.9.3/../../../arm-none-eabi/lib/armv7e-m/softfp/libc.a(lib_a-abs.o)
                0x0000000014001a08                abs
 .text.__errno  0x0000000014001a10        0xc /usr/lib/gcc/arm-none-eabi/4.9.3/../../../arm-none-eabi/lib/armv7e-m/softfp/libc.a(lib_a-errno.o)
                0x0000000014001a10                __errno
 .text._fclose_r
                0x0000000014001a1c       0x84 /usr/lib/gcc/arm-none-eabi/4.9.3/../../../arm-none-eabi/lib/armv7e-m/softfp/libc.a(lib_a-fclose.o)
                0x0000000014001a1c                _fclose_r
 .text.fclose   0x0000000014001aa0       0x10 /usr/lib/gcc/arm-none-eabi/4.9.3/../../../arm-none-eabi/lib/armv7e-m/softfp/libc.a(lib_a-fclose.o)
                0x0000000014001aa0                fclose
 .text.__sflush_r
                0x0000000014001ab0      0x154 /usr/lib/gcc/arm-none-eabi/4.9.3/../../../arm-none-eabi/lib/armv7e-m/softfp/libc.a(lib_a-fflush.o)
                0x0000000014001ab0                __sflush_r
 .text._fflush_r
                0x0000000014001c04       0x2c /usr/lib/gcc/arm-none-eabi/4.9.3/../../../arm-none-eabi/lib/armv7e-m/softfp/libc.a(lib_a-fflush.o)
                0x0000000014001c04                _fflush_r
 .text.fflush   0x0000000014001c30       0x24 /usr/lib/gcc/arm-none-eabi/4.9.3/../../../arm-none-eabi/lib/armv7e-m/softfp/libc.a(lib_a-fflush.o)
                0x0000000014001c30                fflush
 .text._cleanup_r
                0x0000000014001c54        0xc /usr/lib/gcc/arm-none-eabi/4.9.3/../../../arm-none-eabi/lib/armv7e-m/softfp/libc.a(lib_a-findfp.o)
                0x0000000014001c54                _cleanup_r
 .text.__sinit.part.1
                0x0000000014001c60       0xf0 /usr/lib/gcc/arm-none-eabi/4.9.3/../../../arm-none-eabi/lib/armv7e-m/softfp/libc.a(lib_a-findfp.o)
 .text.__sfmoreglue
                0x0000000014001d50       0x30 /usr/lib/gcc/arm-none-eabi/4.9.3/../../../arm-none-eabi/lib/armv7e-m/softfp/libc.a(lib_a-findfp.o)
                0x0000000014001d50                __sfmoreglue
 .text.__sfp    0x0000000014001d80       0x88 /usr/lib/gcc/arm-none-eabi/4.9.3/../../../arm-none-eabi/lib/armv7e-m/softfp/libc.a(lib_a-findfp.o)
                0x0000000014001d80                __sfp
 .text.__sinit  0x0000000014001e08        0xc /usr/lib/gcc/arm-none-eabi/4.9.3/../../../arm-none-eabi/lib/armv7e-m/softfp/libc.a(lib_a-findfp.o)
                0x0000000014001e08                __sinit
 .text.__sfp_lock_acquire
                0x0000000014001e14        0x4 /usr/lib/gcc/arm-none-eabi/4.9.3/../../../arm-none-eabi/lib/armv7e-m/softfp/libc.a(lib_a-findfp.o)
                0x0000000014001e14                __sfp_lock_acquire
 .text.__sfp_lock_release
                0x0000000014001e18        0x4 /usr/lib/gcc/arm-none-eabi/4.9.3/../../../arm-none-eabi/lib/armv7e-m/softfp/libc.a(lib_a-findfp.o)
                0x0000000014001e18                __sfp_lock_release
 .text.__libc_fini_array
                0x0000000014001e1c       0x2c /usr/lib/gcc/arm-none-eabi/4.9.3/../../../arm-none-eabi/lib/armv7e-m/softfp/libc.a(lib_a-fini.o)
                0x0000000014001e1c                __libc_fini_array
 .text._fopen_r
                0x0000000014001e48       0x88 /usr/lib/gcc/arm-none-eabi/4.9.3/../../../arm-none-eabi/lib/armv7e-m/softfp/libc.a(lib_a-fopen.o)
                0x0000000014001e48                _fopen_r
 .text.fopen    0x0000000014001ed0       0x10 /usr/lib/gcc/arm-none-eabi/4.9.3/../../../arm-none-eabi/lib/armv7e-m/softfp/libc.a(lib_a-fopen.o)
                0x0000000014001ed0                fopen
 .text._fseek_r
                0x0000000014001ee0        0x4 /usr/lib/gcc/arm-none-eabi/4.9.3/../../../arm-none-eabi/lib/armv7e-m/softfp/libc.a(lib_a-fseek.o)
                0x0000000014001ee0                _fseek_r
 .text._fseeko_r
                0x0000000014001ee4      0x2b8 /usr/lib/gcc/arm-none-eabi/4.9.3/../../../arm-none-eabi/lib/armv7e-m/softfp/libc.a(lib_a-fseeko.o)
                0x0000000014001ee4                _fseeko_r
 .text._fstat_r
                0x000000001400219c       0x28 /usr/lib/gcc/arm-none-eabi/4.9.3/../../../arm-none-eabi/lib/armv7e-m/softfp/libc.a(lib_a-fstatr.o)
                0x000000001400219c                _fstat_r
 .text._fwalk   0x00000000140021c4       0x4c /usr/lib/gcc/arm-none-eabi/4.9.3/../../../arm-none-eabi/lib/armv7e-m/softfp/libc.a(lib_a-fwalk.o)
                0x00000000140021c4                _fwalk
 .text._fwalk_reent
                0x0000000014002210       0x54 /usr/lib/gcc/arm-none-eabi/4.9.3/../../../arm-none-eabi/lib/armv7e-m/softfp/libc.a(lib_a-fwalk.o)
                0x0000000014002210                _fwalk_reent
 .text.__libc_init_array
                0x0000000014002264       0x50 /usr/lib/gcc/arm-none-eabi/4.9.3/../../../arm-none-eabi/lib/armv7e-m/softfp/libc.a(lib_a-init.o)
                0x0000000014002264                __libc_init_array
 .text.__smakebuf_r
                0x00000000140022b4       0xe0 /usr/lib/gcc/arm-none-eabi/4.9.3/../../../arm-none-eabi/lib/armv7e-m/softfp/libc.a(lib_a-makebuf.o)
                0x00000000140022b4                __smakebuf_r
 .text.malloc   0x0000000014002394       0x10 /usr/lib/gcc/arm-none-eabi/4.9.3/../../../arm-none-eabi/lib/armv7e-m/softfp/libc.a(lib_a-malloc.o)
                0x0000000014002394                malloc
 .text.free     0x00000000140023a4       0x10 /usr/lib/gcc/arm-none-eabi/4.9.3/../../../arm-none-eabi/lib/armv7e-m/softfp/libc.a(lib_a-malloc.o)
                0x00000000140023a4                free
 .text.memchr   0x00000000140023b4       0x94 /usr/lib/gcc/arm-none-eabi/4.9.3/../../../arm-none-eabi/lib/armv7e-m/softfp/libc.a(lib_a-memchr.o)
                0x00000000140023b4                memchr
 .text          0x0000000014002448      0x134 /usr/lib/gcc/arm-none-eabi/4.9.3/../../../arm-none-eabi/lib/armv7e-m/softfp/libc.a(lib_a-memcpy.o)
                0x0000000014002448                memcpy
 .text.memmove  0x000000001400257c       0xc8 /usr/lib/gcc/arm-none-eabi/4.9.3/../../../arm-none-eabi/lib/armv7e-m/softfp/libc.a(lib_a-memmove.o)
                0x000000001400257c                memmove
 .text.memset   0x0000000014002644       0x9c /usr/lib/gcc/arm-none-eabi/4.9.3/../../../arm-none-eabi/lib/armv7e-m/softfp/libc.a(lib_a-memset.o)
                0x0000000014002644                memset
 .text._open_r  0x00000000140026e0       0x28 /usr/lib/gcc/arm-none-eabi/4.9.3/../../../arm-none-eabi/lib/armv7e-m/softfp/libc.a(lib_a-openr.o)
                0x00000000140026e0                _open_r
 .text.lflush   0x0000000014002708       0x14 /usr/lib/gcc/arm-none-eabi/4.9.3/../../../arm-none-eabi/lib/armv7e-m/softfp/libc.a(lib_a-refill.o)
 .text.__srefill_r
                0x000000001400271c      0x110 /usr/lib/gcc/arm-none-eabi/4.9.3/../../../arm-none-eabi/lib/armv7e-m/softfp/libc.a(lib_a-refill.o)
                0x000000001400271c                __srefill_r
 .text.setbuf   0x000000001400282c       0x10 /usr/lib/gcc/arm-none-eabi/4.9.3/../../../arm-none-eabi/lib/armv7e-m/softfp/libc.a(lib_a-setbuf.o)
                0x000000001400282c                setbuf
 .text.setvbuf  0x000000001400283c       0xf8 /usr/lib/gcc/arm-none-eabi/4.9.3/../../../arm-none-eabi/lib/armv7e-m/softfp/libc.a(lib_a-setvbuf.o)
                0x000000001400283c                setvbuf
 .text.sprintf  0x0000000014002934       0x4c /usr/lib/gcc/arm-none-eabi/4.9.3/../../../arm-none-eabi/lib/armv7e-m/softfp/libc.a(lib_a-sprintf.o)
                0x0000000014002934                sprintf
 .text.sscanf   0x0000000014002980       0x58 /usr/lib/gcc/arm-none-eabi/4.9.3/../../../arm-none-eabi/lib/armv7e-m/softfp/libc.a(lib_a-sscanf.o)
                0x0000000014002980                sscanf
 .text.__sread  0x00000000140029d8       0x24 /usr/lib/gcc/arm-none-eabi/4.9.3/../../../arm-none-eabi/lib/armv7e-m/softfp/libc.a(lib_a-stdio.o)
                0x00000000140029d8                __sread
 .text.__seofread
                0x00000000140029fc        0x4 /usr/lib/gcc/arm-none-eabi/4.9.3/../../../arm-none-eabi/lib/armv7e-m/softfp/libc.a(lib_a-stdio.o)
                0x00000000140029fc                __seofread
 .text.__swrite
                0x0000000014002a00       0x38 /usr/lib/gcc/arm-none-eabi/4.9.3/../../../arm-none-eabi/lib/armv7e-m/softfp/libc.a(lib_a-stdio.o)
                0x0000000014002a00                __swrite
 .text.__sseek  0x0000000014002a38       0x20 /usr/lib/gcc/arm-none-eabi/4.9.3/../../../arm-none-eabi/lib/armv7e-m/softfp/libc.a(lib_a-stdio.o)
                0x0000000014002a38                __sseek
 .text.__sclose
                0x0000000014002a58        0x8 /usr/lib/gcc/arm-none-eabi/4.9.3/../../../arm-none-eabi/lib/armv7e-m/softfp/libc.a(lib_a-stdio.o)
                0x0000000014002a58                __sclose
 .text          0x0000000014002a60      0x2e0 /usr/lib/gcc/arm-none-eabi/4.9.3/../../../arm-none-eabi/lib/armv7e-m/softfp/libc.a(lib_a-strcmp.o)
                0x0000000014002a68                strcmp
 .text.strlen   0x0000000014002d40       0x5c /usr/lib/gcc/arm-none-eabi/4.9.3/../../../arm-none-eabi/lib/armv7e-m/softfp/libc.a(lib_a-strlen.o)
                0x0000000014002d40                strlen
 .text.strncmp  0x0000000014002d9c       0x98 /usr/lib/gcc/arm-none-eabi/4.9.3/../../../arm-none-eabi/lib/armv7e-m/softfp/libc.a(lib_a-strncmp.o)
                0x0000000014002d9c                strncmp
 *fill*         0x0000000014002e34        0x4 
 .text._svfprintf_r
                0x0000000014002e38     0x14d0 /usr/lib/gcc/arm-none-eabi/4.9.3/../../../arm-none-eabi/lib/armv7e-m/softfp/libc.a(lib_a-svfprintf.o)
                0x0000000014002e38                _svfprintf_r
 .text.__ssvfscanf_r
                0x0000000014004308      0xe4c /usr/lib/gcc/arm-none-eabi/4.9.3/../../../arm-none-eabi/lib/armv7e-m/softfp/libc.a(lib_a-svfscanf.o)
                0x0000000014004308                __ssvfscanf_r
 .text._vsprintf_r
                0x0000000014005154       0x34 /usr/lib/gcc/arm-none-eabi/4.9.3/../../../arm-none-eabi/lib/armv7e-m/softfp/libc.a(lib_a-vsprintf.o)
                0x0000000014005154                _vsprintf_r
 .text.vsprintf
                0x0000000014005188       0x18 /usr/lib/gcc/arm-none-eabi/4.9.3/../../../arm-none-eabi/lib/armv7e-m/softfp/libc.a(lib_a-vsprintf.o)
                0x0000000014005188                vsprintf
 .text._write_r
                0x00000000140051a0       0x28 /usr/lib/gcc/arm-none-eabi/4.9.3/../../../arm-none-eabi/lib/armv7e-m/softfp/libc.a(lib_a-writer.o)
                0x00000000140051a0                _write_r
 .text._close_r
                0x00000000140051c8       0x24 /usr/lib/gcc/arm-none-eabi/4.9.3/../../../arm-none-eabi/lib/armv7e-m/softfp/libc.a(lib_a-closer.o)
                0x00000000140051c8                _close_r
 .text.quorem   0x00000000140051ec      0x12c /usr/lib/gcc/arm-none-eabi/4.9.3/../../../arm-none-eabi/lib/armv7e-m/softfp/libc.a(lib_a-dtoa.o)
 .text._dtoa_r  0x0000000014005318      0xe90 /usr/lib/gcc/arm-none-eabi/4.9.3/../../../arm-none-eabi/lib/armv7e-m/softfp/libc.a(lib_a-dtoa.o)
                0x0000000014005318                _dtoa_r
 .text.__sflags
                0x00000000140061a8       0x74 /usr/lib/gcc/arm-none-eabi/4.9.3/../../../arm-none-eabi/lib/armv7e-m/softfp/libc.a(lib_a-flags.o)
                0x00000000140061a8                __sflags
 .text._isatty_r
                0x000000001400621c       0x24 /usr/lib/gcc/arm-none-eabi/4.9.3/../../../arm-none-eabi/lib/armv7e-m/softfp/libc.a(lib_a-isattyr.o)
                0x000000001400621c                _isatty_r
 .text.iswspace
                0x0000000014006240       0x1c /usr/lib/gcc/arm-none-eabi/4.9.3/../../../arm-none-eabi/lib/armv7e-m/softfp/libc.a(lib_a-iswspace.o)
                0x0000000014006240                iswspace
 .text.__locale_charset
                0x000000001400625c        0x8 /usr/lib/gcc/arm-none-eabi/4.9.3/../../../arm-none-eabi/lib/armv7e-m/softfp/libc.a(lib_a-locale.o)
                0x000000001400625c                __locale_charset
 .text.__locale_mb_cur_max
                0x0000000014006264        0xc /usr/lib/gcc/arm-none-eabi/4.9.3/../../../arm-none-eabi/lib/armv7e-m/softfp/libc.a(lib_a-locale.o)
                0x0000000014006264                __locale_mb_cur_max
 .text._localeconv_r
                0x0000000014006270        0x8 /usr/lib/gcc/arm-none-eabi/4.9.3/../../../arm-none-eabi/lib/armv7e-m/softfp/libc.a(lib_a-locale.o)
                0x0000000014006270                _localeconv_r
 .text._lseek_r
                0x0000000014006278       0x28 /usr/lib/gcc/arm-none-eabi/4.9.3/../../../arm-none-eabi/lib/armv7e-m/softfp/libc.a(lib_a-lseekr.o)
                0x0000000014006278                _lseek_r
 .text._mbrtowc_r
                0x00000000140062a0       0x5c /usr/lib/gcc/arm-none-eabi/4.9.3/../../../arm-none-eabi/lib/armv7e-m/softfp/libc.a(lib_a-mbrtowc.o)
                0x00000000140062a0                _mbrtowc_r
 .text.__ascii_mbtowc
                0x00000000140062fc       0x2c /usr/lib/gcc/arm-none-eabi/4.9.3/../../../arm-none-eabi/lib/armv7e-m/softfp/libc.a(lib_a-mbtowc_r.o)
                0x00000000140062fc                __ascii_mbtowc
 .text._Balloc  0x0000000014006328       0x4c /usr/lib/gcc/arm-none-eabi/4.9.3/../../../arm-none-eabi/lib/armv7e-m/softfp/libc.a(lib_a-mprec.o)
                0x0000000014006328                _Balloc
 .text._Bfree   0x0000000014006374       0x14 /usr/lib/gcc/arm-none-eabi/4.9.3/../../../arm-none-eabi/lib/armv7e-m/softfp/libc.a(lib_a-mprec.o)
                0x0000000014006374                _Bfree
 .text.__multadd
                0x0000000014006388       0x84 /usr/lib/gcc/arm-none-eabi/4.9.3/../../../arm-none-eabi/lib/armv7e-m/softfp/libc.a(lib_a-mprec.o)
                0x0000000014006388                __multadd
 .text.__s2b    0x000000001400640c       0x98 /usr/lib/gcc/arm-none-eabi/4.9.3/../../../arm-none-eabi/lib/armv7e-m/softfp/libc.a(lib_a-mprec.o)
                0x000000001400640c                __s2b
 .text.__hi0bits
                0x00000000140064a4       0x40 /usr/lib/gcc/arm-none-eabi/4.9.3/../../../arm-none-eabi/lib/armv7e-m/softfp/libc.a(lib_a-mprec.o)
                0x00000000140064a4                __hi0bits
 .text.__lo0bits
                0x00000000140064e4       0x5c /usr/lib/gcc/arm-none-eabi/4.9.3/../../../arm-none-eabi/lib/armv7e-m/softfp/libc.a(lib_a-mprec.o)
                0x00000000140064e4                __lo0bits
 .text.__i2b    0x0000000014006540       0x14 /usr/lib/gcc/arm-none-eabi/4.9.3/../../../arm-none-eabi/lib/armv7e-m/softfp/libc.a(lib_a-mprec.o)
                0x0000000014006540                __i2b
 .text.__multiply
                0x0000000014006554      0x134 /usr/lib/gcc/arm-none-eabi/4.9.3/../../../arm-none-eabi/lib/armv7e-m/softfp/libc.a(lib_a-mprec.o)
                0x0000000014006554                __multiply
 .text.__pow5mult
                0x0000000014006688       0xa0 /usr/lib/gcc/arm-none-eabi/4.9.3/../../../arm-none-eabi/lib/armv7e-m/softfp/libc.a(lib_a-mprec.o)
                0x0000000014006688                __pow5mult
 .text.__lshift
                0x0000000014006728       0xac /usr/lib/gcc/arm-none-eabi/4.9.3/../../../arm-none-eabi/lib/armv7e-m/softfp/libc.a(lib_a-mprec.o)
                0x0000000014006728                __lshift
 .text.__mcmp   0x00000000140067d4       0x48 /usr/lib/gcc/arm-none-eabi/4.9.3/../../../arm-none-eabi/lib/armv7e-m/softfp/libc.a(lib_a-mprec.o)
                0x00000000140067d4                __mcmp
 .text.__mdiff  0x000000001400681c       0xd4 /usr/lib/gcc/arm-none-eabi/4.9.3/../../../arm-none-eabi/lib/armv7e-m/softfp/libc.a(lib_a-mprec.o)
                0x000000001400681c                __mdiff
 .text.__ulp    0x00000000140068f0       0x40 /usr/lib/gcc/arm-none-eabi/4.9.3/../../../arm-none-eabi/lib/armv7e-m/softfp/libc.a(lib_a-mprec.o)
                0x00000000140068f0                __ulp
 .text.__b2d    0x0000000014006930       0xc4 /usr/lib/gcc/arm-none-eabi/4.9.3/../../../arm-none-eabi/lib/armv7e-m/softfp/libc.a(lib_a-mprec.o)
                0x0000000014006930                __b2d
 .text.__d2b    0x00000000140069f4       0xb8 /usr/lib/gcc/arm-none-eabi/4.9.3/../../../arm-none-eabi/lib/armv7e-m/softfp/libc.a(lib_a-mprec.o)
                0x00000000140069f4                __d2b
 .text.__ratio  0x0000000014006aac       0x58 /usr/lib/gcc/arm-none-eabi/4.9.3/../../../arm-none-eabi/lib/armv7e-m/softfp/libc.a(lib_a-mprec.o)
                0x0000000014006aac                __ratio
 .text.__copybits
                0x0000000014006b04       0x48 /usr/lib/gcc/arm-none-eabi/4.9.3/../../../arm-none-eabi/lib/armv7e-m/softfp/libc.a(lib_a-mprec.o)
                0x0000000014006b04                __copybits
 .text.__any_on
                0x0000000014006b4c       0x60 /usr/lib/gcc/arm-none-eabi/4.9.3/../../../arm-none-eabi/lib/armv7e-m/softfp/libc.a(lib_a-mprec.o)
                0x0000000014006b4c                __any_on
 .text._read_r  0x0000000014006bac       0x28 /usr/lib/gcc/arm-none-eabi/4.9.3/../../../arm-none-eabi/lib/armv7e-m/softfp/libc.a(lib_a-readr.o)
                0x0000000014006bac                _read_r
 .text.__fpclassifyd
                0x0000000014006bd4       0x58 /usr/lib/gcc/arm-none-eabi/4.9.3/../../../arm-none-eabi/lib/armv7e-m/softfp/libc.a(lib_a-s_fpclassify.o)
                0x0000000014006bd4                __fpclassifyd
 .text.__sccl   0x0000000014006c2c       0x78 /usr/lib/gcc/arm-none-eabi/4.9.3/../../../arm-none-eabi/lib/armv7e-m/softfp/libc.a(lib_a-sccl.o)
                0x0000000014006c2c                __sccl
 .text.nanf     0x0000000014006ca4        0x8 /usr/lib/gcc/arm-none-eabi/4.9.3/../../../arm-none-eabi/lib/armv7e-m/softfp/libc.a(lib_a-sf_nan.o)
                0x0000000014006ca4                nanf
 .text.sulp     0x0000000014006cac       0x44 /usr/lib/gcc/arm-none-eabi/4.9.3/../../../arm-none-eabi/lib/armv7e-m/softfp/libc.a(lib_a-strtod.o)
 .text._strtod_r
                0x0000000014006cf0      0xf50 /usr/lib/gcc/arm-none-eabi/4.9.3/../../../arm-none-eabi/lib/armv7e-m/softfp/libc.a(lib_a-strtod.o)
                0x0000000014006cf0                _strtod_r
 .text._strtol_r
                0x0000000014007c40      0x11c /usr/lib/gcc/arm-none-eabi/4.9.3/../../../arm-none-eabi/lib/armv7e-m/softfp/libc.a(lib_a-strtol.o)
                0x0000000014007c40                _strtol_r
 .text._strtoll_r
                0x0000000014007d5c      0x1cc /usr/lib/gcc/arm-none-eabi/4.9.3/../../../arm-none-eabi/lib/armv7e-m/softfp/libc.a(lib_a-strtoll_r.o)
                0x0000000014007d5c                _strtoll_r
 .text._strtoul_r
                0x0000000014007f28      0x128 /usr/lib/gcc/arm-none-eabi/4.9.3/../../../arm-none-eabi/lib/armv7e-m/softfp/libc.a(lib_a-strtoul.o)
                0x0000000014007f28                _strtoul_r
 .text._strtoull_r
                0x0000000014008050      0x1d8 /usr/lib/gcc/arm-none-eabi/4.9.3/../../../arm-none-eabi/lib/armv7e-m/softfp/libc.a(lib_a-strtoull_r.o)
                0x0000000014008050                _strtoull_r
 .text.__ssprint_r
                0x0000000014008228      0x104 /usr/lib/gcc/arm-none-eabi/4.9.3/../../../arm-none-eabi/lib/armv7e-m/softfp/libc.a(lib_a-svfiprintf.o)
                0x0000000014008228                __ssprint_r
 .text._sungetc_r
                0x000000001400832c       0x88 /usr/lib/gcc/arm-none-eabi/4.9.3/../../../arm-none-eabi/lib/armv7e-m/softfp/libc.a(lib_a-svfiscanf.o)
                0x000000001400832c                _sungetc_r
 .text.__ssrefill_r
                0x00000000140083b4       0x3c /usr/lib/gcc/arm-none-eabi/4.9.3/../../../arm-none-eabi/lib/armv7e-m/softfp/libc.a(lib_a-svfiscanf.o)
                0x00000000140083b4                __ssrefill_r
 .text._sfread_r
                0x00000000140083f0       0x80 /usr/lib/gcc/arm-none-eabi/4.9.3/../../../arm-none-eabi/lib/armv7e-m/softfp/libc.a(lib_a-svfiscanf.o)
                0x00000000140083f0                _sfread_r
 .text.__submore
                0x0000000014008470       0x78 /usr/lib/gcc/arm-none-eabi/4.9.3/../../../arm-none-eabi/lib/armv7e-m/softfp/libc.a(lib_a-ungetc.o)
                0x0000000014008470                __submore
 .text.rshift   0x00000000140084e8       0xa0 /usr/lib/gcc/arm-none-eabi/4.9.3/../../../arm-none-eabi/lib/armv7e-m/softfp/libc.a(lib_a-gdtoa-gethex.o)
 .text.__gethex
                0x0000000014008588      0x514 /usr/lib/gcc/arm-none-eabi/4.9.3/../../../arm-none-eabi/lib/armv7e-m/softfp/libc.a(lib_a-gdtoa-gethex.o)
                0x0000000014008588                __gethex
 .text.__hexnan
                0x0000000014008a9c      0x184 /usr/lib/gcc/arm-none-eabi/4.9.3/../../../arm-none-eabi/lib/armv7e-m/softfp/libc.a(lib_a-gdtoa-hexnan.o)
                0x0000000014008a9c                __hexnan
 .text          0x0000000014008c20      0x370 /usr/lib/gcc/arm-none-eabi/4.9.3/armv7e-m/softfp/libgcc.a(_arm_addsubdf3.o)
                0x0000000014008c20                __aeabi_drsub
                0x0000000014008c28                __aeabi_dsub
                0x0000000014008c28                __subdf3
                0x0000000014008c2c                __adddf3
                0x0000000014008c2c                __aeabi_dadd
                0x0000000014008ea4                __aeabi_ui2d
                0x0000000014008ea4                __floatunsidf
                0x0000000014008ec4                __floatsidf
                0x0000000014008ec4                __aeabi_i2d
                0x0000000014008ee8                __extendsfdf2
                0x0000000014008ee8                __aeabi_f2d
                0x0000000014008f24                __aeabi_ul2d
                0x0000000014008f24                __floatundidf
                0x0000000014008f34                __floatdidf
                0x0000000014008f34                __aeabi_l2d
 .text          0x0000000014008f90      0x424 /usr/lib/gcc/arm-none-eabi/4.9.3/armv7e-m/softfp/libgcc.a(_arm_muldivdf3.o)
                0x0000000014008f90                __aeabi_dmul
                0x0000000014008f90                __muldf3
                0x00000000140091e4                __aeabi_ddiv
                0x00000000140091e4                __divdf3
 .text          0x00000000140093b4      0x110 /usr/lib/gcc/arm-none-eabi/4.9.3/armv7e-m/softfp/libgcc.a(_arm_cmpdf2.o)
                0x00000000140093b4                __gtdf2
                0x00000000140093b4                __gedf2
                0x00000000140093bc                __ltdf2
                0x00000000140093bc                __ledf2
                0x00000000140093c4                __cmpdf2
                0x00000000140093c4                __eqdf2
                0x00000000140093c4                __nedf2
                0x0000000014009440                __aeabi_cdrcmple
                0x0000000014009450                __aeabi_cdcmple
                0x0000000014009450                __aeabi_cdcmpeq
                0x0000000014009460                __aeabi_dcmpeq
                0x0000000014009474                __aeabi_dcmplt
                0x0000000014009488                __aeabi_dcmple
                0x000000001400949c                __aeabi_dcmpge
                0x00000000140094b0                __aeabi_dcmpgt
 .text          0x00000000140094c4       0x50 /usr/lib/gcc/arm-none-eabi/4.9.3/armv7e-m/softfp/libgcc.a(_arm_fixdfsi.o)
                0x00000000140094c4                __fixdfsi
                0x00000000140094c4                __aeabi_d2iz
 .text          0x0000000014009514       0x40 /usr/lib/gcc/arm-none-eabi/4.9.3/armv7e-m/softfp/libgcc.a(_arm_fixunsdfsi.o)
                0x0000000014009514                __fixunsdfsi
                0x0000000014009514                __aeabi_d2uiz
 .text          0x0000000014009554       0xa0 /usr/lib/gcc/arm-none-eabi/4.9.3/armv7e-m/softfp/libgcc.a(_arm_truncdfsf2.o)
                0x0000000014009554                __aeabi_d2f
                0x0000000014009554                __truncdfsf2
 .text          0x00000000140095f4       0x30 /usr/lib/gcc/arm-none-eabi/4.9.3/armv7e-m/softfp/libgcc.a(_aeabi_uldivmod.o)
                0x00000000140095f4                __aeabi_uldivmod
 .text          0x0000000014009624       0x60 /usr/lib/gcc/arm-none-eabi/4.9.3/armv7e-m/softfp/libgcc.a(bpabi.o)
                0x0000000014009624                __gnu_ldivmod_helper
                0x0000000014009654                __gnu_uldivmod_helper
 .text          0x0000000014009684        0x4 /usr/lib/gcc/arm-none-eabi/4.9.3/armv7e-m/softfp/libgcc.a(_dvmd_tls.o)
                0x0000000014009684                __aeabi_ldiv0
                0x0000000014009684                __aeabi_idiv0
 .text          0x0000000014009688      0x29c /usr/lib/gcc/arm-none-eabi/4.9.3/armv7e-m/softfp/libgcc.a(_divdi3.o)
                0x0000000014009688                __divdi3
 .text          0x0000000014009924      0x26c /usr/lib/gcc/arm-none-eabi/4.9.3/armv7e-m/softfp/libgcc.a(_udivdi3.o)
                0x0000000014009924                __udivdi3
 .text.__wrap__malloc_r
                0x0000000014009b90        0x4 /media/adems/e7cdae34-f8e0-4a3e-b804-7e3ff37522fe/mbed-os/BUILD/mbed/TARGET_LPC4337/TOOLCHAIN_GCC_ARM/libmbed.a(mbed_alloc_wrappers.o)
                0x0000000014009b90                __wrap__malloc_r
 .text.__wrap__realloc_r
                0x0000000014009b94        0x4 /media/adems/e7cdae34-f8e0-4a3e-b804-7e3ff37522fe/mbed-os/BUILD/mbed/TARGET_LPC4337/TOOLCHAIN_GCC_ARM/libmbed.a(mbed_alloc_wrappers.o)
                0x0000000014009b94                __wrap__realloc_r
 .text.__wrap__free_r
                0x0000000014009b98        0x4 /media/adems/e7cdae34-f8e0-4a3e-b804-7e3ff37522fe/mbed-os/BUILD/mbed/TARGET_LPC4337/TOOLCHAIN_GCC_ARM/libmbed.a(mbed_alloc_wrappers.o)
                0x0000000014009b98                __wrap__free_r
 .text.__wrap__calloc_r
                0x0000000014009b9c        0x4 /media/adems/e7cdae34-f8e0-4a3e-b804-7e3ff37522fe/mbed-os/BUILD/mbed/TARGET_LPC4337/TOOLCHAIN_GCC_ARM/libmbed.a(mbed_alloc_wrappers.o)
                0x0000000014009b9c                __wrap__calloc_r
 .text._calloc_r
                0x0000000014009ba0       0x60 /usr/lib/gcc/arm-none-eabi/4.9.3/../../../arm-none-eabi/lib/armv7e-m/softfp/libc.a(lib_a-callocr.o)
                0x0000000014009ba0                _calloc_r
 .text._malloc_trim_r
                0x0000000014009c00       0x9c /usr/lib/gcc/arm-none-eabi/4.9.3/../../../arm-none-eabi/lib/armv7e-m/softfp/libc.a(lib_a-freer.o)
                0x0000000014009c00                _malloc_trim_r
 .text._free_r  0x0000000014009c9c      0x1b0 /usr/lib/gcc/arm-none-eabi/4.9.3/../../../arm-none-eabi/lib/armv7e-m/softfp/libc.a(lib_a-freer.o)
                0x0000000014009c9c                _free_r
 .text._malloc_r
                0x0000000014009e4c      0x524 /usr/lib/gcc/arm-none-eabi/4.9.3/../../../arm-none-eabi/lib/armv7e-m/softfp/libc.a(lib_a-mallocr.o)
                0x0000000014009e4c                _malloc_r
 .text._realloc_r
                0x000000001400a370      0x3ec /usr/lib/gcc/arm-none-eabi/4.9.3/../../../arm-none-eabi/lib/armv7e-m/softfp/libc.a(lib_a-reallocr.o)
                0x000000001400a370                _realloc_r
 .text._sbrk_r  0x000000001400a75c       0x24 /usr/lib/gcc/arm-none-eabi/4.9.3/../../../arm-none-eabi/lib/armv7e-m/softfp/libc.a(lib_a-sbrkr.o)
                0x000000001400a75c                _sbrk_r
 *(.init)
 .init          0x000000001400a780        0x4 /usr/lib/gcc/arm-none-eabi/4.9.3/armv7e-m/softfp/crti.o
                0x000000001400a780                _init
 .init          0x000000001400a784        0x8 /usr/lib/gcc/arm-none-eabi/4.9.3/armv7e-m/softfp/crtn.o
 *(.fini)
 .fini          0x000000001400a78c        0x4 /usr/lib/gcc/arm-none-eabi/4.9.3/armv7e-m/softfp/crti.o
                0x000000001400a78c                _fini
 .fini          0x000000001400a790        0x8 /usr/lib/gcc/arm-none-eabi/4.9.3/armv7e-m/softfp/crtn.o
 *crtbegin.o(.ctors)
 *crtbegin?.o(.ctors)
 *(EXCLUDE_FILE(*crtend.o *crtend?.o) .ctors)
 *(SORT(.ctors.*))
 *(.ctors)
 *crtbegin.o(.dtors)
 *crtbegin?.o(.dtors)
 *(EXCLUDE_FILE(*crtend.o *crtend?.o) .dtors)
 *(SORT(.dtors.*))
 *(.dtors)
 *(.rodata*)
 .rodata.str1.1
                0x000000001400a798       0x7f /media/adems/e7cdae34-f8e0-4a3e-b804-7e3ff37522fe/mbed-os/BUILD/mbed/TARGET_LPC4337/TOOLCHAIN_GCC_ARM/gpio_api.o
                                         0x92 (size before relaxing)
 .rodata.str1.1
                0x000000001400a817       0x7c /media/adems/e7cdae34-f8e0-4a3e-b804-7e3ff37522fe/mbed-os/BUILD/mbed/TARGET_LPC4337/TOOLCHAIN_GCC_ARM/mbed_board.o
                                         0x94 (size before relaxing)
 .rodata.str1.1
                0x000000001400a893       0x65 /media/adems/e7cdae34-f8e0-4a3e-b804-7e3ff37522fe/mbed-os/BUILD/mbed/TARGET_LPC4337/TOOLCHAIN_GCC_ARM/pinmap.o
                                         0x78 (size before relaxing)
 .rodata.__stdin_name
                0x000000001400a8f8        0x7 /media/adems/e7cdae34-f8e0-4a3e-b804-7e3ff37522fe/mbed-os/BUILD/mbed/TARGET_LPC4337/TOOLCHAIN_GCC_ARM/retarget.o
                0x000000001400a8f8                __stdin_name
 .rodata.__stderr_name
                0x000000001400a8ff        0x8 /media/adems/e7cdae34-f8e0-4a3e-b804-7e3ff37522fe/mbed-os/BUILD/mbed/TARGET_LPC4337/TOOLCHAIN_GCC_ARM/retarget.o
                0x000000001400a8ff                __stderr_name
 .rodata.str1.1
                0x000000001400a907      0x170 /media/adems/e7cdae34-f8e0-4a3e-b804-7e3ff37522fe/mbed-os/BUILD/mbed/TARGET_LPC4337/TOOLCHAIN_GCC_ARM/retarget.o
 .rodata.__stdout_name
                0x000000001400aa77        0x8 /media/adems/e7cdae34-f8e0-4a3e-b804-7e3ff37522fe/mbed-os/BUILD/mbed/TARGET_LPC4337/TOOLCHAIN_GCC_ARM/retarget.o
                0x000000001400aa77                __stdout_name
 *fill*         0x000000001400aa7f        0x1 
 .rodata._ZTVN4mbed10FileHandleE
                0x000000001400aa80       0x34 /media/adems/e7cdae34-f8e0-4a3e-b804-7e3ff37522fe/mbed-os/BUILD/mbed/TARGET_LPC4337/TOOLCHAIN_GCC_ARM/retarget.o
                0x000000001400aa80                vtable for mbed::FileHandle
 .rodata.PinMap_UART_RX
                0x000000001400aab4       0xd8 /media/adems/e7cdae34-f8e0-4a3e-b804-7e3ff37522fe/mbed-os/BUILD/mbed/TARGET_LPC4337/TOOLCHAIN_GCC_ARM/serial_api.o
 .rodata.str1.1
                0x000000001400ab8c       0x94 /media/adems/e7cdae34-f8e0-4a3e-b804-7e3ff37522fe/mbed-os/BUILD/mbed/TARGET_LPC4337/TOOLCHAIN_GCC_ARM/serial_api.o
 .rodata.PinMap_UART_TX
                0x000000001400ac20       0xd8 /media/adems/e7cdae34-f8e0-4a3e-b804-7e3ff37522fe/mbed-os/BUILD/mbed/TARGET_LPC4337/TOOLCHAIN_GCC_ARM/serial_api.o
 .rodata        0x000000001400acf8        0x4 /media/adems/e7cdae34-f8e0-4a3e-b804-7e3ff37522fe/mbed-os/BUILD/mbed/TARGET_LPC4337/TOOLCHAIN_GCC_ARM/system_LPC43xx.o
 .rodata.pre_clock_mux
                0x000000001400acfc       0x30 /media/adems/e7cdae34-f8e0-4a3e-b804-7e3ff37522fe/mbed-os/BUILD/mbed/TARGET_LPC4337/TOOLCHAIN_GCC_ARM/system_LPC43xx.o
 .rodata.clock_states
                0x000000001400ad2c       0x3f /media/adems/e7cdae34-f8e0-4a3e-b804-7e3ff37522fe/mbed-os/BUILD/mbed/TARGET_LPC4337/TOOLCHAIN_GCC_ARM/system_LPC43xx.o
 *fill*         0x000000001400ad6b        0x1 
 .rodata.post_clock_mux
                0x000000001400ad6c       0x48 /media/adems/e7cdae34-f8e0-4a3e-b804-7e3ff37522fe/mbed-os/BUILD/mbed/TARGET_LPC4337/TOOLCHAIN_GCC_ARM/system_LPC43xx.o
 .rodata._ZZN4mbed8CallbackIFvvEE8generateIPS1_EEvRKT_E3ops
                0x000000001400adb4        0xc /media/adems/e7cdae34-f8e0-4a3e-b804-7e3ff37522fe/mbed-os/BUILD/test/LPC4337/GCC_ARM/MBED_BLINKY/./main.o
                0x000000001400adb4                void mbed::Callback<void ()>::generate<void (*)()>(void (* const&)())::ops
 .rodata.str1.1
                0x000000001400adc0       0x94 /media/adems/e7cdae34-f8e0-4a3e-b804-7e3ff37522fe/mbed-os/BUILD/test/LPC4337/GCC_ARM/MBED_BLINKY/./main.o
 .rodata._ZTVN4mbed6SerialE
                0x000000001400adc0       0x6c /media/adems/e7cdae34-f8e0-4a3e-b804-7e3ff37522fe/mbed-os/BUILD/mbed/TARGET_LPC4337/TOOLCHAIN_GCC_ARM/libmbed.a(Serial.o)
                0x000000001400adc0                vtable for mbed::Serial
 .rodata.str1.1
                0x000000001400ae2c       0x5e /media/adems/e7cdae34-f8e0-4a3e-b804-7e3ff37522fe/mbed-os/BUILD/mbed/TARGET_LPC4337/TOOLCHAIN_GCC_ARM/libmbed.a(Ticker.o)
 *fill*         0x000000001400ae8a        0x6 
 .rodata._ZTVN4mbed6TickerE
                0x000000001400ae90       0x14 /media/adems/e7cdae34-f8e0-4a3e-b804-7e3ff37522fe/mbed-os/BUILD/mbed/TARGET_LPC4337/TOOLCHAIN_GCC_ARM/libmbed.a(Ticker.o)
                0x000000001400ae90                vtable for mbed::Ticker
 *fill*         0x000000001400aea4        0x4 
 .rodata._ZTVN4mbed6StreamE
                0x000000001400aea8       0x4c /media/adems/e7cdae34-f8e0-4a3e-b804-7e3ff37522fe/mbed-os/BUILD/mbed/TARGET_LPC4337/TOOLCHAIN_GCC_ARM/libmbed.a(Stream.o)
                0x000000001400aea8                vtable for mbed::Stream
 .rodata.str1.1
                0x000000001400aef4        0x3 /media/adems/e7cdae34-f8e0-4a3e-b804-7e3ff37522fe/mbed-os/BUILD/mbed/TARGET_LPC4337/TOOLCHAIN_GCC_ARM/libmbed.a(Stream.o)
                                          0x7 (size before relaxing)
 .rodata.str1.1
                0x000000001400aef7       0x5e /media/adems/e7cdae34-f8e0-4a3e-b804-7e3ff37522fe/mbed-os/BUILD/mbed/TARGET_LPC4337/TOOLCHAIN_GCC_ARM/libmbed.a(SerialBase.o)
 *fill*         0x000000001400aef7        0x1 
 .rodata._ZTVN4mbed10SerialBaseE
                0x000000001400aef8       0x18 /media/adems/e7cdae34-f8e0-4a3e-b804-7e3ff37522fe/mbed-os/BUILD/mbed/TARGET_LPC4337/TOOLCHAIN_GCC_ARM/libmbed.a(SerialBase.o)
                0x000000001400aef8                vtable for mbed::SerialBase
 .rodata.str1.1
                0x000000001400af10       0x94 /media/adems/e7cdae34-f8e0-4a3e-b804-7e3ff37522fe/mbed-os/BUILD/mbed/TARGET_LPC4337/TOOLCHAIN_GCC_ARM/libmbed.a(mbed_gpio.o)
 .rodata._ZTVN4mbed10TimerEventE
                0x000000001400af10       0x14 /media/adems/e7cdae34-f8e0-4a3e-b804-7e3ff37522fe/mbed-os/BUILD/mbed/TARGET_LPC4337/TOOLCHAIN_GCC_ARM/libmbed.a(TimerEvent.o)
                0x000000001400af10                vtable for mbed::TimerEvent
 .rodata.str1.1
                0x000000001400af24       0x60 /media/adems/e7cdae34-f8e0-4a3e-b804-7e3ff37522fe/mbed-os/BUILD/mbed/TARGET_LPC4337/TOOLCHAIN_GCC_ARM/libmbed.a(mbed_pinmap_common.o)
 .rodata.us_interface
                0x000000001400af84       0x14 /media/adems/e7cdae34-f8e0-4a3e-b804-7e3ff37522fe/mbed-os/BUILD/mbed/TARGET_LPC4337/TOOLCHAIN_GCC_ARM/libmbed.a(mbed_us_ticker_api.o)
 .rodata.us_data
                0x000000001400af98        0x8 /media/adems/e7cdae34-f8e0-4a3e-b804-7e3ff37522fe/mbed-os/BUILD/mbed/TARGET_LPC4337/TOOLCHAIN_GCC_ARM/libmbed.a(mbed_us_ticker_api.o)
 .rodata.str1.1
                0x000000001400afa0       0x31 /media/adems/e7cdae34-f8e0-4a3e-b804-7e3ff37522fe/mbed-os/BUILD/mbed/TARGET_LPC4337/TOOLCHAIN_GCC_ARM/libmbed.a(mbed_assert.o)
 .rodata.str1.1
                0x000000001400afd1       0x8d /media/adems/e7cdae34-f8e0-4a3e-b804-7e3ff37522fe/mbed-os/BUILD/mbed/TARGET_LPC4337/TOOLCHAIN_GCC_ARM/libmbed.a(mbed_critical.o)
 *fill*         0x000000001400b05e        0x2 
 .rodata._ZTVN4mbed8FileBaseE
                0x000000001400b060       0x10 /media/adems/e7cdae34-f8e0-4a3e-b804-7e3ff37522fe/mbed-os/BUILD/mbed/TARGET_LPC4337/TOOLCHAIN_GCC_ARM/libmbed.a(FileBase.o)
                0x000000001400b060                vtable for mbed::FileBase
 .rodata._ZTVN4mbed8FileLikeE
                0x000000001400b070       0x44 /media/adems/e7cdae34-f8e0-4a3e-b804-7e3ff37522fe/mbed-os/BUILD/mbed/TARGET_LPC4337/TOOLCHAIN_GCC_ARM/libmbed.a(FileLike.o)
                0x000000001400b070                vtable for mbed::FileLike
 .rodata.str1.4
                0x000000001400b0b4        0x2 /usr/lib/gcc/arm-none-eabi/4.9.3/../../../arm-none-eabi/lib/armv7e-m/softfp/libc.a(lib_a-impure.o)
                                          0x4 (size before relaxing)
 *fill*         0x000000001400b0b6        0x2 
 .rodata._global_impure_ptr
                0x000000001400b0b8        0x4 /usr/lib/gcc/arm-none-eabi/4.9.3/../../../arm-none-eabi/lib/armv7e-m/softfp/libc.a(lib_a-impure.o)
                0x000000001400b0b8                _global_impure_ptr
 .rodata.zeroes.6911
                0x000000001400b0bc       0x10 /usr/lib/gcc/arm-none-eabi/4.9.3/../../../arm-none-eabi/lib/armv7e-m/softfp/libc.a(lib_a-svfprintf.o)
 .rodata.blanks.6910
                0x000000001400b0cc       0x10 /usr/lib/gcc/arm-none-eabi/4.9.3/../../../arm-none-eabi/lib/armv7e-m/softfp/libc.a(lib_a-svfprintf.o)
 .rodata.str1.4
                0x000000001400b0dc       0x42 /usr/lib/gcc/arm-none-eabi/4.9.3/../../../arm-none-eabi/lib/armv7e-m/softfp/libc.a(lib_a-svfprintf.o)
                                         0x44 (size before relaxing)
 *fill*         0x000000001400b11e        0x2 
 .rodata.str1.4
                0x000000001400b120        0x5 /usr/lib/gcc/arm-none-eabi/4.9.3/../../../arm-none-eabi/lib/armv7e-m/softfp/libc.a(lib_a-svfscanf.o)
                                          0x8 (size before relaxing)
 *fill*         0x000000001400b125        0x3 
 .rodata.basefix.6862
                0x000000001400b128       0x24 /usr/lib/gcc/arm-none-eabi/4.9.3/../../../arm-none-eabi/lib/armv7e-m/softfp/libc.a(lib_a-svfscanf.o)
 .rodata._ctype_
                0x000000001400b14c      0x104 /usr/lib/gcc/arm-none-eabi/4.9.3/../../../arm-none-eabi/lib/armv7e-m/softfp/libc.a(lib_a-ctype_.o)
                0x000000001400b14c                _ctype_
 .rodata.str1.4
                0x000000001400b250       0x10 /usr/lib/gcc/arm-none-eabi/4.9.3/../../../arm-none-eabi/lib/armv7e-m/softfp/libc.a(lib_a-dtoa.o)
                                         0x14 (size before relaxing)
 .rodata.str1.4
                0x000000001400b260        0xa /usr/lib/gcc/arm-none-eabi/4.9.3/../../../arm-none-eabi/lib/armv7e-m/softfp/libc.a(lib_a-locale.o)
                                         0x14 (size before relaxing)
 .rodata.str1.4
                0x000000001400b26a        0x4 /usr/lib/gcc/arm-none-eabi/4.9.3/../../../arm-none-eabi/lib/armv7e-m/softfp/libc.a(lib_a-mbrtowc.o)
 *fill*         0x000000001400b26a        0x6 
 .rodata.__mprec_tens
                0x000000001400b270       0xc8 /usr/lib/gcc/arm-none-eabi/4.9.3/../../../arm-none-eabi/lib/armv7e-m/softfp/libc.a(lib_a-mprec.o)
                0x000000001400b270                __mprec_tens
 .rodata.p05.5302
                0x000000001400b338        0xc /usr/lib/gcc/arm-none-eabi/4.9.3/../../../arm-none-eabi/lib/armv7e-m/softfp/libc.a(lib_a-mprec.o)
 *fill*         0x000000001400b344        0x4 
 .rodata.__mprec_bigtens
                0x000000001400b348       0x28 /usr/lib/gcc/arm-none-eabi/4.9.3/../../../arm-none-eabi/lib/armv7e-m/softfp/libc.a(lib_a-mprec.o)
                0x000000001400b348                __mprec_bigtens
 .rodata.tinytens
                0x000000001400b370       0x28 /usr/lib/gcc/arm-none-eabi/4.9.3/../../../arm-none-eabi/lib/armv7e-m/softfp/libc.a(lib_a-strtod.o)
 .rodata.fpinan.5307
                0x000000001400b398       0x14 /usr/lib/gcc/arm-none-eabi/4.9.3/../../../arm-none-eabi/lib/armv7e-m/softfp/libc.a(lib_a-strtod.o)
 .rodata.str1.4
                0x000000001400b3ac       0x10 /usr/lib/gcc/arm-none-eabi/4.9.3/../../../arm-none-eabi/lib/armv7e-m/softfp/libc.a(lib_a-strtod.o)
 .rodata.fpi.5271
                0x000000001400b3bc       0x14 /usr/lib/gcc/arm-none-eabi/4.9.3/../../../arm-none-eabi/lib/armv7e-m/softfp/libc.a(lib_a-strtod.o)
 .rodata.__hexdig
                0x000000001400b3d0      0x100 /usr/lib/gcc/arm-none-eabi/4.9.3/../../../arm-none-eabi/lib/armv7e-m/softfp/libc.a(lib_a-gdtoa-gethex.o)
                0x000000001400b3d0                __hexdig
 *(.eh_frame*)
 .eh_frame      0x000000001400b4d0        0x0 /usr/lib/gcc/arm-none-eabi/4.9.3/armv7e-m/softfp/crtbegin.o
 .eh_frame      0x000000001400b4d0       0x70 /usr/lib/gcc/arm-none-eabi/4.9.3/../../../arm-none-eabi/lib/armv7e-m/softfp/libc.a(lib_a-strcmp.o)
 .eh_frame      0x000000001400b540        0x4 /usr/lib/gcc/arm-none-eabi/4.9.3/armv7e-m/softfp/crtend.o

.glue_7         0x000000001400b544        0x0
 .glue_7        0x000000001400b544        0x0 linker stubs

.glue_7t        0x000000001400b544        0x0
 .glue_7t       0x000000001400b544        0x0 linker stubs

.vfp11_veneer   0x000000001400b544        0x0
 .vfp11_veneer  0x000000001400b544        0x0 linker stubs

.v4_bx          0x000000001400b544        0x0
 .v4_bx         0x000000001400b544        0x0 linker stubs

.iplt           0x000000001400b544        0x0
 .iplt          0x000000001400b544        0x0 /usr/lib/gcc/arm-none-eabi/4.9.3/armv7e-m/softfp/crtbegin.o

.ARM.extab
 *(.ARM.extab* .gnu.linkonce.armextab.*)
                0x000000001400b544                __exidx_start = .

.ARM.exidx      0x000000001400b544        0x8
 *(.ARM.exidx* .gnu.linkonce.armexidx.*)
 .ARM.exidx     0x000000001400b544        0x8 /usr/lib/gcc/arm-none-eabi/4.9.3/../../../arm-none-eabi/lib/armv7e-m/softfp/crt0.o
 .ARM.exidx     0x000000001400b54c        0x0 /usr/lib/gcc/arm-none-eabi/4.9.3/armv7e-m/softfp/libgcc.a(_divdi3.o)
                                          0x8 (size before relaxing)
 .ARM.exidx     0x000000001400b54c        0x0 /usr/lib/gcc/arm-none-eabi/4.9.3/armv7e-m/softfp/libgcc.a(_udivdi3.o)
                                          0x8 (size before relaxing)
                0x000000001400b54c                __exidx_end = .
                0x000000001400b54c                __etext = .

.rel.dyn        0x000000001400b54c        0x0
 .rel.iplt      0x000000001400b54c        0x0 /usr/lib/gcc/arm-none-eabi/4.9.3/armv7e-m/softfp/crtbegin.o

.data           0x0000000010080000      0x8bc load address 0x000000001400b54c
                0x0000000010080000                __data_start__ = .
                0x0000000010080000                Image$$RW_IRAM1$$Base = .
 *(vtable)
 *(.data*)
 .data          0x0000000010080000        0x4 /usr/lib/gcc/arm-none-eabi/4.9.3/armv7e-m/softfp/crtbegin.o
                0x0000000010080000                __dso_handle
 .data._ZZ5_sbrkE4heap
                0x0000000010080004        0x4 /media/adems/e7cdae34-f8e0-4a3e-b804-7e3ff37522fe/mbed-os/BUILD/mbed/TARGET_LPC4337/TOOLCHAIN_GCC_ARM/retarget.o
 .data.SystemCoreClock
                0x0000000010080008        0x4 /media/adems/e7cdae34-f8e0-4a3e-b804-7e3ff37522fe/mbed-os/BUILD/mbed/TARGET_LPC4337/TOOLCHAIN_GCC_ARM/system_LPC43xx.o
                0x0000000010080008                SystemCoreClock
 .data.dutycycle
                0x000000001008000c        0x1 /media/adems/e7cdae34-f8e0-4a3e-b804-7e3ff37522fe/mbed-os/BUILD/test/LPC4337/GCC_ARM/MBED_BLINKY/./main.o
                0x000000001008000c                dutycycle
 *fill*         0x000000001008000d        0x3 
 .data.impure_data
                0x0000000010080010      0x428 /usr/lib/gcc/arm-none-eabi/4.9.3/../../../arm-none-eabi/lib/armv7e-m/softfp/libc.a(lib_a-impure.o)
 .data._impure_ptr
                0x0000000010080438        0x4 /usr/lib/gcc/arm-none-eabi/4.9.3/../../../arm-none-eabi/lib/armv7e-m/softfp/libc.a(lib_a-impure.o)
                0x0000000010080438                _impure_ptr
 .data.__ctype_ptr__
                0x000000001008043c        0x4 /usr/lib/gcc/arm-none-eabi/4.9.3/../../../arm-none-eabi/lib/armv7e-m/softfp/libc.a(lib_a-ctype_.o)
                0x000000001008043c                __ctype_ptr__
 .data.lconv    0x0000000010080440       0x38 /usr/lib/gcc/arm-none-eabi/4.9.3/../../../arm-none-eabi/lib/armv7e-m/softfp/libc.a(lib_a-locale.o)
 .data.lc_ctype_charset
                0x0000000010080478       0x20 /usr/lib/gcc/arm-none-eabi/4.9.3/../../../arm-none-eabi/lib/armv7e-m/softfp/libc.a(lib_a-locale.o)
 .data.__mb_cur_max
                0x0000000010080498        0x4 /usr/lib/gcc/arm-none-eabi/4.9.3/../../../arm-none-eabi/lib/armv7e-m/softfp/libc.a(lib_a-locale.o)
                0x0000000010080498                __mb_cur_max
 .data.__mbtowc
                0x000000001008049c        0x4 /usr/lib/gcc/arm-none-eabi/4.9.3/../../../arm-none-eabi/lib/armv7e-m/softfp/libc.a(lib_a-mbtowc_r.o)
                0x000000001008049c                __mbtowc
 .data.__malloc_av_
                0x00000000100804a0      0x408 /usr/lib/gcc/arm-none-eabi/4.9.3/../../../arm-none-eabi/lib/armv7e-m/softfp/libc.a(lib_a-mallocr.o)
                0x00000000100804a0                __malloc_av_
 .data.__malloc_trim_threshold
                0x00000000100808a8        0x4 /usr/lib/gcc/arm-none-eabi/4.9.3/../../../arm-none-eabi/lib/armv7e-m/softfp/libc.a(lib_a-mallocr.o)
                0x00000000100808a8                __malloc_trim_threshold
 .data.__malloc_sbrk_base