Archive member included to satisfy reference by file (symbol)

/media/adems/e7cdae34-f8e0-4a3e-b804-7e3ff37522fe/mbed-os/BUILD/mbed/TARGET_K64F/TOOLCHAIN_GCC_ARM/libmbed.a(FilePath.o)
                              /media/adems/e7cdae34-f8e0-4a3e-b804-7e3ff37522fe/mbed-os/BUILD/mbed/TARGET_K64F/TOOLCHAIN_GCC_ARM/retarget.o (mbed::FilePath::FilePath(char const*))
/media/adems/e7cdae34-f8e0-4a3e-b804-7e3ff37522fe/mbed-os/BUILD/mbed/TARGET_K64F/TOOLCHAIN_GCC_ARM/libmbed.a(FileBase.o)
                              /media/adems/e7cdae34-f8e0-4a3e-b804-7e3ff37522fe/mbed-os/BUILD/mbed/TARGET_K64F/TOOLCHAIN_GCC_ARM/libmbed.a(FilePath.o) (mbed::FileBase::getPathType())
/media/adems/e7cdae34-f8e0-4a3e-b804-7e3ff37522fe/mbed-os/BUILD/mbed/TARGET_K64F/TOOLCHAIN_GCC_ARM/libmbed.a(FileSystemLike.o)
                              /media/adems/e7cdae34-f8e0-4a3e-b804-7e3ff37522fe/mbed-os/BUILD/mbed/TARGET_K64F/TOOLCHAIN_GCC_ARM/retarget.o (mbed::FileSystemLike::opendir())
/media/adems/e7cdae34-f8e0-4a3e-b804-7e3ff37522fe/mbed-os/BUILD/mbed/TARGET_K64F/TOOLCHAIN_GCC_ARM/libmbed.a(mbed_gpio.o)
                              /media/adems/e7cdae34-f8e0-4a3e-b804-7e3ff37522fe/mbed-os/BUILD/mbed/TARGET_K64F/TOOLCHAIN_GCC_ARM/mbed_overrides.o (gpio_init_in)
/media/adems/e7cdae34-f8e0-4a3e-b804-7e3ff37522fe/mbed-os/BUILD/mbed/TARGET_K64F/TOOLCHAIN_GCC_ARM/libmbed.a(mbed_lp_ticker_api.o)
                              /media/adems/e7cdae34-f8e0-4a3e-b804-7e3ff37522fe/mbed-os/BUILD/mbed/TARGET_K64F/TOOLCHAIN_GCC_ARM/lp_ticker.o (lp_ticker_irq_handler)
/media/adems/e7cdae34-f8e0-4a3e-b804-7e3ff37522fe/mbed-os/BUILD/mbed/TARGET_K64F/TOOLCHAIN_GCC_ARM/libmbed.a(mbed_pinmap_common.o)
                              /media/adems/e7cdae34-f8e0-4a3e-b804-7e3ff37522fe/mbed-os/BUILD/mbed/TARGET_K64F/TOOLCHAIN_GCC_ARM/analogin_api.o (pinmap_pinout)
/media/adems/e7cdae34-f8e0-4a3e-b804-7e3ff37522fe/mbed-os/BUILD/mbed/TARGET_K64F/TOOLCHAIN_GCC_ARM/libmbed.a(mbed_us_ticker_api.o)
                              /media/adems/e7cdae34-f8e0-4a3e-b804-7e3ff37522fe/mbed-os/BUILD/mbed/TARGET_K64F/TOOLCHAIN_GCC_ARM/us_ticker.o (us_ticker_irq_handler)
/media/adems/e7cdae34-f8e0-4a3e-b804-7e3ff37522fe/mbed-os/BUILD/mbed/TARGET_K64F/TOOLCHAIN_GCC_ARM/libmbed.a(mbed_ticker_api.o)
                              /media/adems/e7cdae34-f8e0-4a3e-b804-7e3ff37522fe/mbed-os/BUILD/mbed/TARGET_K64F/TOOLCHAIN_GCC_ARM/libmbed.a(mbed_lp_ticker_api.o) (ticker_irq_handler)
/media/adems/e7cdae34-f8e0-4a3e-b804-7e3ff37522fe/mbed-os/BUILD/mbed/TARGET_K64F/TOOLCHAIN_GCC_ARM/libmbed.a(mbed_assert.o)
                              /media/adems/e7cdae34-f8e0-4a3e-b804-7e3ff37522fe/mbed-os/BUILD/mbed/TARGET_K64F/TOOLCHAIN_GCC_ARM/analogin_api.o (mbed_assert_internal)
/media/adems/e7cdae34-f8e0-4a3e-b804-7e3ff37522fe/mbed-os/BUILD/mbed/TARGET_K64F/TOOLCHAIN_GCC_ARM/libmbed.a(mbed_critical.o)
                              /media/adems/e7cdae34-f8e0-4a3e-b804-7e3ff37522fe/mbed-os/BUILD/mbed/TARGET_K64F/TOOLCHAIN_GCC_ARM/mbed_board.o (core_util_critical_section_enter)
/media/adems/e7cdae34-f8e0-4a3e-b804-7e3ff37522fe/mbed-os/BUILD/mbed/TARGET_K64F/TOOLCHAIN_GCC_ARM/libmbed.a(mbed_error.o)
                              /media/adems/e7cdae34-f8e0-4a3e-b804-7e3ff37522fe/mbed-os/BUILD/mbed/TARGET_K64F/TOOLCHAIN_GCC_ARM/analogout_api.o (error)
/media/adems/e7cdae34-f8e0-4a3e-b804-7e3ff37522fe/mbed-os/BUILD/mbed/TARGET_K64F/TOOLCHAIN_GCC_ARM/libmbed.a(mbed_wait_api_no_rtos.o)
                              /media/adems/e7cdae34-f8e0-4a3e-b804-7e3ff37522fe/mbed-os/BUILD/mbed/TARGET_K64F/TOOLCHAIN_GCC_ARM/mbed_board.o (wait_ms)
/media/adems/e7cdae34-f8e0-4a3e-b804-7e3ff37522fe/mbed-os/BUILD/net/eth/TARGET_K64F/TOOLCHAIN_GCC_ARM/libeth.a(EthernetInterface.o)
                              /media/adems/e7cdae34-f8e0-4a3e-b804-7e3ff37522fe/mbed-os/BUILD/test/K64F/GCC_ARM/NET_12/./main.o (EthernetInterface::init())
/media/adems/e7cdae34-f8e0-4a3e-b804-7e3ff37522fe/mbed-os/BUILD/net/eth/TARGET_K64F/TOOLCHAIN_GCC_ARM/libeth.a(k64f_emac.o)
                              /media/adems/e7cdae34-f8e0-4a3e-b804-7e3ff37522fe/mbed-os/BUILD/net/eth/TARGET_K64F/TOOLCHAIN_GCC_ARM/libeth.a(EthernetInterface.o) (eth_arch_enetif_init)
/media/adems/e7cdae34-f8e0-4a3e-b804-7e3ff37522fe/mbed-os/BUILD/net/eth/TARGET_K64F/TOOLCHAIN_GCC_ARM/libeth.a(Endpoint.o)
                              /media/adems/e7cdae34-f8e0-4a3e-b804-7e3ff37522fe/mbed-os/BUILD/test/K64F/GCC_ARM/NET_12/./main.o (Endpoint::Endpoint())
/media/adems/e7cdae34-f8e0-4a3e-b804-7e3ff37522fe/mbed-os/BUILD/net/eth/TARGET_K64F/TOOLCHAIN_GCC_ARM/libeth.a(memcpy.o)
                              /media/adems/e7cdae34-f8e0-4a3e-b804-7e3ff37522fe/mbed-os/BUILD/net/eth/TARGET_K64F/TOOLCHAIN_GCC_ARM/libeth.a(k64f_emac.o) (thumb2_memcpy)
/media/adems/e7cdae34-f8e0-4a3e-b804-7e3ff37522fe/mbed-os/BUILD/net/eth/TARGET_K64F/TOOLCHAIN_GCC_ARM/libeth.a(UDPSocket.o)
[...]
Memory Configuration

Name             Origin             Length             Attributes
m_interrupts     0x0000000000000000 0x0000000000000400 xr
m_flash_config   0x0000000000000400 0x0000000000000010 xr
m_text           0x0000000000000410 0x00000000000ffbf0 xr
m_data           0x000000001fff0000 0x0000000000010000 rw
m_data_2         0x0000000020000000 0x0000000000030000 rw
*default*        0x0000000000000000 0xffffffffffffffff

Linker script and memory map

LOAD /usr/lib/gcc/arm-none-eabi/4.9.3/armv7e-m/softfp/crti.o
LOAD /usr/lib/gcc/arm-none-eabi/4.9.3/armv7e-m/softfp/crtbegin.o
LOAD /usr/lib/gcc/arm-none-eabi/4.9.3/../../../arm-none-eabi/lib/armv7e-m/softfp/crt0.o
LOAD /media/adems/e7cdae34-f8e0-4a3e-b804-7e3ff37522fe/mbed-os/BUILD/mbed/TARGET_K64F/TOOLCHAIN_GCC_ARM/PeripheralPins.o
LOAD /media/adems/e7cdae34-f8e0-4a3e-b804-7e3ff37522fe/mbed-os/BUILD/mbed/TARGET_K64F/TOOLCHAIN_GCC_ARM/analogin_api.o
LOAD /media/adems/e7cdae34-f8e0-4a3e-b804-7e3ff37522fe/mbed-os/BUILD/mbed/TARGET_K64F/TOOLCHAIN_GCC_ARM/analogout_api.o
LOAD /media/adems/e7cdae34-f8e0-4a3e-b804-7e3ff37522fe/mbed-os/BUILD/mbed/TARGET_K64F/TOOLCHAIN_GCC_ARM/cmsis_nvic.o
LOAD /media/adems/e7cdae34-f8e0-4a3e-b804-7e3ff37522fe/mbed-os/BUILD/mbed/TARGET_K64F/TOOLCHAIN_GCC_ARM/crc.o
LOAD /media/adems/e7cdae34-f8e0-4a3e-b804-7e3ff37522fe/mbed-os/BUILD/mbed/TARGET_K64F/TOOLCHAIN_GCC_ARM/dma_api.o
LOAD /media/adems/e7cdae34-f8e0-4a3e-b804-7e3ff37522fe/mbed-os/BUILD/mbed/TARGET_K64F/TOOLCHAIN_GCC_ARM/fsl_adc16.o
LOAD /media/adems/e7cdae34-f8e0-4a3e-b804-7e3ff37522fe/mbed-os/BUILD/mbed/TARGET_K64F/TOOLCHAIN_GCC_ARM/fsl_clock.o
LOAD /media/adems/e7cdae34-f8e0-4a3e-b804-7e3ff37522fe/mbed-os/BUILD/mbed/TARGET_K64F/TOOLCHAIN_GCC_ARM/fsl_clock_config.o
LOAD /media/adems/e7cdae34-f8e0-4a3e-b804-7e3ff37522fe/mbed-os/BUILD/mbed/TARGET_K64F/TOOLCHAIN_GCC_ARM/fsl_cmp.o
LOAD /media/adems/e7cdae34-f8e0-4a3e-b804-7e3ff37522fe/mbed-os/BUILD/mbed/TARGET_K64F/TOOLCHAIN_GCC_ARM/fsl_cmt.o
LOAD /media/adems/e7cdae34-f8e0-4a3e-b804-7e3ff37522fe/mbed-os/BUILD/mbed/TARGET_K64F/TOOLCHAIN_GCC_ARM/fsl_common.o
LOAD /media/adems/e7cdae34-f8e0-4a3e-b804-7e3ff37522fe/mbed-os/BUILD/mbed/TARGET_K64F/TOOLCHAIN_GCC_ARM/fsl_crc.o
LOAD /media/adems/e7cdae34-f8e0-4a3e-b804-7e3ff37522fe/mbed-os/BUILD/mbed/TARGET_K64F/TOOLCHAIN_GCC_ARM/fsl_dac.o
LOAD /media/adems/e7cdae34-f8e0-4a3e-b804-7e3ff37522fe/mbed-os/BUILD/mbed/TARGET_K64F/TOOLCHAIN_GCC_ARM/fsl_dmamux.o
LOAD /media/adems/e7cdae34-f8e0-4a3e-b804-7e3ff37522fe/mbed-os/BUILD/mbed/TARGET_K64F/TOOLCHAIN_GCC_ARM/fsl_dspi.o
LOAD /media/adems/e7cdae34-f8e0-4a3e-b804-7e3ff37522fe/mbed-os/BUILD/mbed/TARGET_K64F/TOOLCHAIN_GCC_ARM/fsl_dspi_edma.o
LOAD /media/adems/e7cdae34-f8e0-4a3e-b804-7e3ff37522fe/mbed-os/BUILD/mbed/TARGET_K64F/TOOLCHAIN_GCC_ARM/fsl_edma.o
LOAD /media/adems/e7cdae34-f8e0-4a3e-b804-7e3ff37522fe/mbed-os/BUILD/mbed/TARGET_K64F/TOOLCHAIN_GCC_ARM/fsl_enet.o
LOAD /media/adems/e7cdae34-f8e0-4a3e-b804-7e3ff37522fe/mbed-os/BUILD/mbed/TARGET_K64F/TOOLCHAIN_GCC_ARM/fsl_ewm.o
LOAD /media/adems/e7cdae34-f8e0-4a3e-b804-7e3ff37522fe/mbed-os/BUILD/mbed/TARGET_K64F/TOOLCHAIN_GCC_ARM/fsl_flash.o
LOAD /media/adems/e7cdae34-f8e0-4a3e-b804-7e3ff37522fe/mbed-os/BUILD/mbed/TARGET_K64F/TOOLCHAIN_GCC_ARM/fsl_flexbus.o
LOAD /media/adems/e7cdae34-f8e0-4a3e-b804-7e3ff37522fe/mbed-os/BUILD/mbed/TARGET_K64F/TOOLCHAIN_GCC_ARM/fsl_flexcan.o
LOAD /media/adems/e7cdae34-f8e0-4a3e-b804-7e3ff37522fe/mbed-os/BUILD/mbed/TARGET_K64F/TOOLCHAIN_GCC_ARM/fsl_ftm.o
LOAD /media/adems/e7cdae34-f8e0-4a3e-b804-7e3ff37522fe/mbed-os/BUILD/mbed/TARGET_K64F/TOOLCHAIN_GCC_ARM/fsl_gpio.o
LOAD /media/adems/e7cdae34-f8e0-4a3e-b804-7e3ff37522fe/mbed-os/BUILD/mbed/TARGET_K64F/TOOLCHAIN_GCC_ARM/fsl_i2c.o
LOAD /media/adems/e7cdae34-f8e0-4a3e-b804-7e3ff37522fe/mbed-os/BUILD/mbed/TARGET_K64F/TOOLCHAIN_GCC_ARM/fsl_i2c_edma.o
LOAD /media/adems/e7cdae34-f8e0-4a3e-b804-7e3ff37522fe/mbed-os/BUILD/mbed/TARGET_K64F/TOOLCHAIN_GCC_ARM/fsl_llwu.o
LOAD /media/adems/e7cdae34-f8e0-4a3e-b804-7e3ff37522fe/mbed-os/BUILD/mbed/TARGET_K64F/TOOLCHAIN_GCC_ARM/fsl_lptmr.o
LOAD /media/adems/e7cdae34-f8e0-4a3e-b804-7e3ff37522fe/mbed-os/BUILD/mbed/TARGET_K64F/TOOLCHAIN_GCC_ARM/fsl_mpu.o
LOAD /media/adems/e7cdae34-f8e0-4a3e-b804-7e3ff37522fe/mbed-os/BUILD/mbed/TARGET_K64F/TOOLCHAIN_GCC_ARM/fsl_pdb.o
LOAD /media/adems/e7cdae34-f8e0-4a3e-b804-7e3ff37522fe/mbed-os/BUILD/mbed/TARGET_K64F/TOOLCHAIN_GCC_ARM/fsl_phy.o
LOAD /media/adems/e7cdae34-f8e0-4a3e-b804-7e3ff37522fe/mbed-os/BUILD/mbed/TARGET_K64F/TOOLCHAIN_GCC_ARM/fsl_pit.o
LOAD /media/adems/e7cdae34-f8e0-4a3e-b804-7e3ff37522fe/mbed-os/BUILD/mbed/TARGET_K64F/TOOLCHAIN_GCC_ARM/fsl_pmc.o
LOAD /media/adems/e7cdae34-f8e0-4a3e-b804-7e3ff37522fe/mbed-os/BUILD/mbed/TARGET_K64F/TOOLCHAIN_GCC_ARM/fsl_rcm.o
LOAD /media/adems/e7cdae34-f8e0-4a3e-b804-7e3ff37522fe/mbed-os/BUILD/mbed/TARGET_K64F/TOOLCHAIN_GCC_ARM/fsl_rnga.o
LOAD /media/adems/e7cdae34-f8e0-4a3e-b804-7e3ff37522fe/mbed-os/BUILD/mbed/TARGET_K64F/TOOLCHAIN_GCC_ARM/fsl_rtc.o
LOAD /media/adems/e7cdae34-f8e0-4a3e-b804-7e3ff37522fe/mbed-os/BUILD/mbed/TARGET_K64F/TOOLCHAIN_GCC_ARM/fsl_sai.o
LOAD /media/adems/e7cdae34-f8e0-4a3e-b804-7e3ff37522fe/mbed-os/BUILD/mbed/TARGET_K64F/TOOLCHAIN_GCC_ARM/fsl_sai_edma.o
LOAD /media/adems/e7cdae34-f8e0-4a3e-b804-7e3ff37522fe/mbed-os/BUILD/mbed/TARGET_K64F/TOOLCHAIN_GCC_ARM/fsl_sdhc.o
LOAD /media/adems/e7cdae34-f8e0-4a3e-b804-7e3ff37522fe/mbed-os/BUILD/mbed/TARGET_K64F/TOOLCHAIN_GCC_ARM/fsl_sim.o
LOAD /media/adems/e7cdae34-f8e0-4a3e-b804-7e3ff37522fe/mbed-os/BUILD/mbed/TARGET_K64F/TOOLCHAIN_GCC_ARM/fsl_smc.o
LOAD /media/adems/e7cdae34-f8e0-4a3e-b804-7e3ff37522fe/mbed-os/BUILD/mbed/TARGET_K64F/TOOLCHAIN_GCC_ARM/fsl_uart.o
LOAD /media/adems/e7cdae34-f8e0-4a3e-b804-7e3ff37522fe/mbed-os/BUILD/mbed/TARGET_K64F/TOOLCHAIN_GCC_ARM/fsl_uart_edma.o
LOAD /media/adems/e7cdae34-f8e0-4a3e-b804-7e3ff37522fe/mbed-os/BUILD/mbed/TARGET_K64F/TOOLCHAIN_GCC_ARM/fsl_vref.o
LOAD /media/adems/e7cdae34-f8e0-4a3e-b804-7e3ff37522fe/mbed-os/BUILD/mbed/TARGET_K64F/TOOLCHAIN_GCC_ARM/fsl_wdog.o
LOAD /media/adems/e7cdae34-f8e0-4a3e-b804-7e3ff37522fe/mbed-os/BUILD/mbed/TARGET_K64F/TOOLCHAIN_GCC_ARM/gpio_api.o
LOAD /media/adems/e7cdae34-f8e0-4a3e-b804-7e3ff37522fe/mbed-os/BUILD/mbed/TARGET_K64F/TOOLCHAIN_GCC_ARM/gpio_irq_api.o
LOAD /media/adems/e7cdae34-f8e0-4a3e-b804-7e3ff37522fe/mbed-os/BUILD/mbed/TARGET_K64F/TOOLCHAIN_GCC_ARM/i2c_api.o
LOAD /media/adems/e7cdae34-f8e0-4a3e-b804-7e3ff37522fe/mbed-os/BUILD/mbed/TARGET_K64F/TOOLCHAIN_GCC_ARM/lp_ticker.o
LOAD /media/adems/e7cdae34-f8e0-4a3e-b804-7e3ff37522fe/mbed-os/BUILD/mbed/TARGET_K64F/TOOLCHAIN_GCC_ARM/mbed_board.o
LOAD /media/adems/e7cdae34-f8e0-4a3e-b804-7e3ff37522fe/mbed-os/BUILD/mbed/TARGET_K64F/TOOLCHAIN_GCC_ARM/mbed_overrides.o
LOAD /media/adems/e7cdae34-f8e0-4a3e-b804-7e3ff37522fe/mbed-os/BUILD/mbed/TARGET_K64F/TOOLCHAIN_GCC_ARM/pinmap.o
LOAD /media/adems/e7cdae34-f8e0-4a3e-b804-7e3ff37522fe/mbed-os/BUILD/mbed/TARGET_K64F/TOOLCHAIN_GCC_ARM/port_api.o
LOAD /media/adems/e7cdae34-f8e0-4a3e-b804-7e3ff37522fe/mbed-os/BUILD/mbed/TARGET_K64F/TOOLCHAIN_GCC_ARM/pwmout_api.o
LOAD /media/adems/e7cdae34-f8e0-4a3e-b804-7e3ff37522fe/mbed-os/BUILD/mbed/TARGET_K64F/TOOLCHAIN_GCC_ARM/retarget.o
LOAD /media/adems/e7cdae34-f8e0-4a3e-b804-7e3ff37522fe/mbed-os/BUILD/mbed/TARGET_K64F/TOOLCHAIN_GCC_ARM/rtc_api.o
LOAD /media/adems/e7cdae34-f8e0-4a3e-b804-7e3ff37522fe/mbed-os/BUILD/mbed/TARGET_K64F/TOOLCHAIN_GCC_ARM/serial_api.o
LOAD /media/adems/e7cdae34-f8e0-4a3e-b804-7e3ff37522fe/mbed-os/BUILD/mbed/TARGET_K64F/TOOLCHAIN_GCC_ARM/sleep.o
LOAD /media/adems/e7cdae34-f8e0-4a3e-b804-7e3ff37522fe/mbed-os/BUILD/mbed/TARGET_K64F/TOOLCHAIN_GCC_ARM/spi_api.o
LOAD /media/adems/e7cdae34-f8e0-4a3e-b804-7e3ff37522fe/mbed-os/BUILD/mbed/TARGET_K64F/TOOLCHAIN_GCC_ARM/startup_MK64F12.o
LOAD /media/adems/e7cdae34-f8e0-4a3e-b804-7e3ff37522fe/mbed-os/BUILD/mbed/TARGET_K64F/TOOLCHAIN_GCC_ARM/storage_driver.o
LOAD /media/adems/e7cdae34-f8e0-4a3e-b804-7e3ff37522fe/mbed-os/BUILD/mbed/TARGET_K64F/TOOLCHAIN_GCC_ARM/system_MK64F12.o
LOAD /media/adems/e7cdae34-f8e0-4a3e-b804-7e3ff37522fe/mbed-os/BUILD/mbed/TARGET_K64F/TOOLCHAIN_GCC_ARM/trng_api.o
LOAD /media/adems/e7cdae34-f8e0-4a3e-b804-7e3ff37522fe/mbed-os/BUILD/mbed/TARGET_K64F/TOOLCHAIN_GCC_ARM/us_ticker.o
LOAD /media/adems/e7cdae34-f8e0-4a3e-b804-7e3ff37522fe/mbed-os/BUILD/test/K64F/GCC_ARM/NET_12/./main.o
START GROUP
LOAD /media/adems/e7cdae34-f8e0-4a3e-b804-7e3ff37522fe/mbed-os/BUILD/mbed/TARGET_K64F/TOOLCHAIN_GCC_ARM/libmbed.a
LOAD /media/adems/e7cdae34-f8e0-4a3e-b804-7e3ff37522fe/mbed-os/BUILD/rtos/TARGET_K64F/TOOLCHAIN_GCC_ARM/librtx.a
LOAD /media/adems/e7cdae34-f8e0-4a3e-b804-7e3ff37522fe/mbed-os/BUILD/rtos/TARGET_K64F/TOOLCHAIN_GCC_ARM/librtos.a
LOAD /media/adems/e7cdae34-f8e0-4a3e-b804-7e3ff37522fe/mbed-os/BUILD/net/eth/TARGET_K64F/TOOLCHAIN_GCC_ARM/libeth.a
LOAD /usr/lib/gcc/arm-none-eabi/4.9.3/../../../arm-none-eabi/lib/armv7e-m/softfp/libstdc++.a
LOAD /usr/lib/gcc/arm-none-eabi/4.9.3/../../../arm-none-eabi/lib/armv7e-m/softfp/libsupc++.a
LOAD /usr/lib/gcc/arm-none-eabi/4.9.3/../../../arm-none-eabi/lib/armv7e-m/softfp/libm.a
LOAD /usr/lib/gcc/arm-none-eabi/4.9.3/../../../arm-none-eabi/lib/armv7e-m/softfp/libc.a
LOAD /usr/lib/gcc/arm-none-eabi/4.9.3/armv7e-m/softfp/libgcc.a
LOAD /usr/lib/gcc/arm-none-eabi/4.9.3/../../../arm-none-eabi/lib/armv7e-m/softfp/libnosys.a
END GROUP
LOAD /media/adems/e7cdae34-f8e0-4a3e-b804-7e3ff37522fe/mbed-os/BUILD/mbed/TARGET_K64F/TOOLCHAIN_GCC_ARM/libmbed.a
LOAD /media/adems/e7cdae34-f8e0-4a3e-b804-7e3ff37522fe/mbed-os/BUILD/rtos/TARGET_K64F/TOOLCHAIN_GCC_ARM/librtx.a
LOAD /media/adems/e7cdae34-f8e0-4a3e-b804-7e3ff37522fe/mbed-os/BUILD/rtos/TARGET_K64F/TOOLCHAIN_GCC_ARM/librtos.a
LOAD /media/adems/e7cdae34-f8e0-4a3e-b804-7e3ff37522fe/mbed-os/BUILD/net/eth/TARGET_K64F/TOOLCHAIN_GCC_ARM/libeth.a
LOAD /usr/lib/gcc/arm-none-eabi/4.9.3/../../../arm-none-eabi/lib/armv7e-m/softfp/libstdc++.a
LOAD /usr/lib/gcc/arm-none-eabi/4.9.3/../../../arm-none-eabi/lib/armv7e-m/softfp/libsupc++.a
LOAD /usr/lib/gcc/arm-none-eabi/4.9.3/../../../arm-none-eabi/lib/armv7e-m/softfp/libm.a
LOAD /usr/lib/gcc/arm-none-eabi/4.9.3/../../../arm-none-eabi/lib/armv7e-m/softfp/libc.a
LOAD /usr/lib/gcc/arm-none-eabi/4.9.3/armv7e-m/softfp/libgcc.a
LOAD /usr/lib/gcc/arm-none-eabi/4.9.3/../../../arm-none-eabi/lib/armv7e-m/softfp/libnosys.a
START GROUP
LOAD /usr/lib/gcc/arm-none-eabi/4.9.3/armv7e-m/softfp/libgcc.a
LOAD /usr/lib/gcc/arm-none-eabi/4.9.3/../../../arm-none-eabi/lib/armv7e-m/softfp/libc.a
END GROUP
LOAD /usr/lib/gcc/arm-none-eabi/4.9.3/armv7e-m/softfp/crtend.o
LOAD /usr/lib/gcc/arm-none-eabi/4.9.3/armv7e-m/softfp/crtn.o
                0x0000000000000001                __ram_vector_table__ = 0x1
                0x0000000000008000                __stack_size__ = 0x8000
                0x0000000000010000                __heap_size__ = 0x10000
                0x0000000000000400                HEAP_SIZE = DEFINED (__heap_size__)?__heap_size__:0x400
                0x0000000000000400                STACK_SIZE = DEFINED (__stack_size__)?__stack_size__:0x400
                0x0000000000000000                M_VECTOR_RAM_SIZE = DEFINED (__ram_vector_table__)?0x400:0x0

.interrupts     0x0000000000000000      0x400
                0x0000000000000000                __VECTOR_TABLE = .
                0x0000000000000000                . = ALIGN (0x4)
 *(.isr_vector)
 .isr_vector    0x0000000000000000      0x400 /media/adems/e7cdae34-f8e0-4a3e-b804-7e3ff37522fe/mbed-os/BUILD/mbed/TARGET_K64F/TOOLCHAIN_GCC_ARM/startup_MK64F12.o
                0x0000000000000000                __isr_vector
                0x0000000000000400                . = ALIGN (0x4)

.flash_config   0x0000000000000400       0x10
                0x0000000000000400                . = ALIGN (0x4)
 *(.FlashConfig)
 .FlashConfig   0x0000000000000400       0x10 /media/adems/e7cdae34-f8e0-4a3e-b804-7e3ff37522fe/mbed-os/BUILD/mbed/TARGET_K64F/TOOLCHAIN_GCC_ARM/startup_MK64F12.o
                0x0000000000000410                . = ALIGN (0x4)
                0x0000000000000410                __UVISOR_TEXT_OFFSET = 0x410
                0x0000000000000410                __UVISOR_TEXT_START = (ORIGIN (m_interrupts) + __UVISOR_TEXT_OFFSET)

.text           0x0000000000000410    0x15068
                0x0000000000000410                . = ALIGN (0x4)
                0x0000000000000410                __uvisor_main_start = .
 *(.uvisor.main)
                0x0000000000000410                __uvisor_main_end = .
                0x0000000000000410                . = ALIGN (0x4)
 *(.text)
 .text          0x0000000000000410       0xa4 /usr/lib/gcc/arm-none-eabi/4.9.3/armv7e-m/softfp/crtbegin.o
 .text          0x00000000000004b4       0x68 /usr/lib/gcc/arm-none-eabi/4.9.3/../../../arm-none-eabi/lib/armv7e-m/softfp/crt0.o
                0x00000000000004b4                _mainCRTStartup
                0x00000000000004b4                _start
 .text          0x000000000000051c      0x1e4 /media/adems/e7cdae34-f8e0-4a3e-b804-7e3ff37522fe/mbed-os/BUILD/mbed/TARGET_K64F/TOOLCHAIN_GCC_ARM/startup_MK64F12.o
                0x000000000000051c                Reset_Handler
                0x0000000000000560                DebugMon_Handler
                0x0000000000000560                DMA_Error_DriverIRQHandler
                0x0000000000000560                PIT0_IRQHandler
                0x0000000000000560                CMP2_IRQHandler
                0x0000000000000560                LLWU_IRQHandler
                0x0000000000000560                ENET_1588_Timer_DriverIRQHandler
                0x0000000000000560                SWI_IRQHandler
                0x0000000000000560                ADC0_IRQHandler
                0x0000000000000560                UsageFault_Handler
                0x0000000000000560                CMT_IRQHandler
                0x0000000000000560                DefaultISR
                0x0000000000000560                UART5_ERR_DriverIRQHandler
                0x0000000000000560                CMP1_IRQHandler
                0x0000000000000560                Reserved71_IRQHandler
                0x0000000000000560                PORTD_IRQHandler
                0x0000000000000560                PORTB_IRQHandler
                0x0000000000000560                UART2_ERR_DriverIRQHandler
                0x0000000000000560                ADC1_IRQHandler
                0x0000000000000560                PIT2_IRQHandler
                0x0000000000000560                RTC_IRQHandler
                0x0000000000000560                UART3_ERR_DriverIRQHandler
                0x0000000000000560                PDB0_IRQHandler
                0x0000000000000560                FTM1_IRQHandler
                0x0000000000000560                PIT3_IRQHandler
                0x0000000000000560                RTC_Seconds_IRQHandler
                0x0000000000000560                MCG_IRQHandler
                0x0000000000000560                FTFE_IRQHandler
                0x0000000000000560                UART0_ERR_DriverIRQHandler
                0x0000000000000560                Read_Collision_IRQHandler
                0x0000000000000560                USBDCD_IRQHandler
                0x0000000000000560                USB0_IRQHandler
                0x0000000000000560                UART4_ERR_DriverIRQHandler
                0x0000000000000560                WDOG_EWM_IRQHandler
                0x0000000000000560                MemManage_Handler
                0x0000000000000560                UART0_LON_DriverIRQHandler
                0x0000000000000560                RNG_IRQHandler
                0x0000000000000560                ENET_Receive_DriverIRQHandler
                0x0000000000000560                DAC0_IRQHandler
                0x0000000000000560                ENET_Error_DriverIRQHandler
                0x0000000000000560                PIT1_IRQHandler
                0x0000000000000560                LVD_LVW_IRQHandler
                0x0000000000000560                FTM0_IRQHandler
                0x0000000000000560                PORTA_IRQHandler
                0x0000000000000560                DAC1_IRQHandler
                0x0000000000000560                MCM_IRQHandler
                0x0000000000000560                FTM3_IRQHandler
                0x0000000000000560                PORTE_IRQHandler
                0x0000000000000560                FTM2_IRQHandler
                0x0000000000000560                LPTMR0_IRQHandler
                0x0000000000000560                BusFault_Handler
                0x0000000000000560                UART1_ERR_DriverIRQHandler
                0x0000000000000560                ENET_Transmit_DriverIRQHandler
                0x0000000000000560                CMP0_IRQHandler
                0x0000000000000560                PORTC_IRQHandler
                0x0000000000000568                HardFault_Handler
                0x0000000000000578                DMA0_IRQHandler
                0x000000000000057c                DMA1_IRQHandler
                0x0000000000000580                DMA2_IRQHandler
                0x0000000000000584                DMA3_IRQHandler
                0x0000000000000588                DMA4_IRQHandler
                0x000000000000058c                DMA5_IRQHandler
                0x0000000000000590                DMA6_IRQHandler
                0x0000000000000594                DMA7_IRQHandler
                0x0000000000000598                DMA8_IRQHandler
                0x000000000000059c                DMA9_IRQHandler
                0x00000000000005a0                DMA10_IRQHandler
                0x00000000000005a4                DMA11_IRQHandler
                0x00000000000005a8                DMA12_IRQHandler
                0x00000000000005ac                DMA13_IRQHandler
                0x00000000000005b0                DMA14_IRQHandler
                0x00000000000005b4                DMA15_IRQHandler
                0x00000000000005b8                DMA_Error_IRQHandler
                0x00000000000005bc                I2C0_IRQHandler
                0x00000000000005c0                I2C1_IRQHandler
                0x00000000000005c4                SPI0_IRQHandler
                0x00000000000005c8                SPI1_IRQHandler
                0x00000000000005cc                I2S0_Tx_IRQHandler
                0x00000000000005d0                I2S0_Rx_IRQHandler
                0x00000000000005d4                UART0_LON_IRQHandler
                0x00000000000005d8                UART0_RX_TX_IRQHandler
                0x00000000000005dc                UART0_ERR_IRQHandler
                0x00000000000005e0                UART1_RX_TX_IRQHandler
                0x00000000000005e4                UART1_ERR_IRQHandler
                0x00000000000005e8                UART2_RX_TX_IRQHandler
                0x00000000000005ec                UART2_ERR_IRQHandler
                0x00000000000005f0                UART3_RX_TX_IRQHandler
                0x00000000000005f4                UART3_ERR_IRQHandler
                0x00000000000005f8                SPI2_IRQHandler
                0x00000000000005fc                UART4_RX_TX_IRQHandler
                0x0000000000000600                UART4_ERR_IRQHandler
                0x0000000000000604                UART5_RX_TX_IRQHandler
                0x0000000000000608                UART5_ERR_IRQHandler
                0x000000000000060c                I2C2_IRQHandler
                0x0000000000000610                CAN0_ORed_Message_buffer_IRQHandler
                0x0000000000000614                CAN0_Bus_Off_IRQHandler
                0x0000000000000618                CAN0_Error_IRQHandler
                0x000000000000061c                CAN0_Tx_Warning_IRQHandler
                0x0000000000000620                CAN0_Rx_Warning_IRQHandler
                0x0000000000000624                CAN0_Wake_Up_IRQHandler
                0x0000000000000628                SDHC_IRQHandler
                0x000000000000062c                ENET_1588_Timer_IRQHandler
 .text          0x0000000000000700      0x134 /usr/lib/gcc/arm-none-eabi/4.9.3/../../../arm-none-eabi/lib/armv7e-m/softfp/libc.a(lib_a-memcpy.o)
                0x0000000000000700                memcpy
 .text          0x0000000000000834      0x370 /usr/lib/gcc/arm-none-eabi/4.9.3/armv7e-m/softfp/libgcc.a(_arm_addsubdf3.o)
                0x0000000000000834                __aeabi_drsub
                0x000000000000083c                __aeabi_dsub
                0x000000000000083c                __subdf3
                0x0000000000000840                __adddf3
                0x0000000000000840                __aeabi_dadd
                0x0000000000000ab8                __aeabi_ui2d
                0x0000000000000ab8                __floatunsidf
                0x0000000000000ad8                __floatsidf
                0x0000000000000ad8                __aeabi_i2d
                0x0000000000000afc                __extendsfdf2
                0x0000000000000afc                __aeabi_f2d
                0x0000000000000b38                __aeabi_ul2d
                0x0000000000000b38                __floatundidf
                0x0000000000000b48                __floatdidf
                0x0000000000000b48                __aeabi_l2d
 .text          0x0000000000000ba4      0x424 /usr/lib/gcc/arm-none-eabi/4.9.3/armv7e-m/softfp/libgcc.a(_arm_muldivdf3.o)
                0x0000000000000ba4                __aeabi_dmul
                0x0000000000000ba4                __muldf3
                0x0000000000000df8                __aeabi_ddiv
                0x0000000000000df8                __divdf3
 .text          0x0000000000000fc8      0x110 /usr/lib/gcc/arm-none-eabi/4.9.3/armv7e-m/softfp/libgcc.a(_arm_cmpdf2.o)
                0x0000000000000fc8                __gtdf2
                0x0000000000000fc8                __gedf2
                0x0000000000000fd0                __ltdf2
                0x0000000000000fd0                __ledf2
                0x0000000000000fd8                __cmpdf2
                0x0000000000000fd8                __eqdf2
                0x0000000000000fd8                __nedf2
                0x0000000000001054                __aeabi_cdrcmple
                0x0000000000001064                __aeabi_cdcmple
                0x0000000000001064                __aeabi_cdcmpeq
                0x0000000000001074                __aeabi_dcmpeq
                0x0000000000001088                __aeabi_dcmplt
                0x000000000000109c                __aeabi_dcmple
                0x00000000000010b0                __aeabi_dcmpge
                0x00000000000010c4                __aeabi_dcmpgt
 .text          0x00000000000010d8       0x50 /usr/lib/gcc/arm-none-eabi/4.9.3/armv7e-m/softfp/libgcc.a(_arm_fixdfsi.o)
                0x00000000000010d8                __fixdfsi
                0x00000000000010d8                __aeabi_d2iz
 .text          0x0000000000001128       0x30 /usr/lib/gcc/arm-none-eabi/4.9.3/armv7e-m/softfp/libgcc.a(_aeabi_uldivmod.o)
                0x0000000000001128                __aeabi_uldivmod
 .text          0x0000000000001158       0x60 /usr/lib/gcc/arm-none-eabi/4.9.3/armv7e-m/softfp/libgcc.a(bpabi.o)
                0x0000000000001158                __gnu_ldivmod_helper
                0x0000000000001188                __gnu_uldivmod_helper
 .text          0x00000000000011b8        0x4 /usr/lib/gcc/arm-none-eabi/4.9.3/armv7e-m/softfp/libgcc.a(_dvmd_tls.o)
                0x00000000000011b8                __aeabi_ldiv0
                0x00000000000011b8                __aeabi_idiv0
 .text          0x00000000000011bc      0x29c /usr/lib/gcc/arm-none-eabi/4.9.3/armv7e-m/softfp/libgcc.a(_divdi3.o)
                0x00000000000011bc                __divdi3
 .text          0x0000000000001458      0x26c /usr/lib/gcc/arm-none-eabi/4.9.3/armv7e-m/softfp/libgcc.a(_udivdi3.o)
                0x0000000000001458                __udivdi3
 .text          0x00000000000016c4      0x198 /media/adems/e7cdae34-f8e0-4a3e-b804-7e3ff37522fe/mbed-os/BUILD/rtos/TARGET_K64F/TOOLCHAIN_GCC_ARM/librtx.a(HAL_CM4.o)
                0x00000000000016c4                rt_set_PSP
                0x00000000000016ca                rt_get_PSP
                0x00000000000016d0                os_set_env
                0x00000000000016e8                _alloc_box
                0x0000000000001704                _free_box
                0x0000000000001720                SVC_Handler
                0x00000000000017c6                PendSV_Handler
                0x00000000000017cc                Sys_Switch
                0x0000000000001826                SysTick_Handler
                0x0000000000001830                OS_Tick_Handler
 *(.text*)
 .text.__NVIC_SetVector
                0x000000000000185c        0x4 /media/adems/e7cdae34-f8e0-4a3e-b804-7e3ff37522fe/mbed-os/BUILD/mbed/TARGET_K64F/TOOLCHAIN_GCC_ARM/cmsis_nvic.o
                0x000000000000185c                __NVIC_SetVector
 .text.reflect  0x0000000000001860       0x1c /media/adems/e7cdae34-f8e0-4a3e-b804-7e3ff37522fe/mbed-os/BUILD/mbed/TARGET_K64F/TOOLCHAIN_GCC_ARM/crc.o
 .text.crcSlow  0x000000000000187c       0x50 /media/adems/e7cdae34-f8e0-4a3e-b804-7e3ff37522fe/mbed-os/BUILD/mbed/TARGET_K64F/TOOLCHAIN_GCC_ARM/crc.o
                0x000000000000187c                crcSlow
 .text.CLOCK_GetInternalRefClkSelectFreq
                0x00000000000018cc       0x30 /media/adems/e7cdae34-f8e0-4a3e-b804-7e3ff37522fe/mbed-os/BUILD/mbed/TARGET_K64F/TOOLCHAIN_GCC_ARM/fsl_clock.o
 .text.CLOCK_GetMcgExtClkFreq
                0x00000000000018fc       0x60 /media/adems/e7cdae34-f8e0-4a3e-b804-7e3ff37522fe/mbed-os/BUILD/mbed/TARGET_K64F/TOOLCHAIN_GCC_ARM/fsl_clock.o
 .text.CLOCK_GetFllRefClkFreq
                0x000000000000195c       0x5c /media/adems/e7cdae34-f8e0-4a3e-b804-7e3ff37522fe/mbed-os/BUILD/mbed/TARGET_K64F/TOOLCHAIN_GCC_ARM/fsl_clock.o
 .text.CLOCK_GetOsc0ErClkFreq
                0x00000000000019b8       0x38 /media/adems/e7cdae34-f8e0-4a3e-b804-7e3ff37522fe/mbed-os/BUILD/mbed/TARGET_K64F/TOOLCHAIN_GCC_ARM/fsl_clock.o
                0x00000000000019b8                CLOCK_GetOsc0ErClkFreq
 .text.CLOCK_GetEr32kClkFreq
                0x00000000000019f0       0x58 /media/adems/e7cdae34-f8e0-4a3e-b804-7e3ff37522fe/mbed-os/BUILD/mbed/TARGET_K64F/TOOLCHAIN_GCC_ARM/fsl_clock.o
                0x00000000000019f0                CLOCK_GetEr32kClkFreq
 .text.CLOCK_SetSimConfig
                0x0000000000001a48       0x3c /media/adems/e7cdae34-f8e0-4a3e-b804-7e3ff37522fe/mbed-os/BUILD/mbed/TARGET_K64F/TOOLCHAIN_GCC_ARM/fsl_clock.o
                0x0000000000001a48                CLOCK_SetSimConfig
 .text.CLOCK_GetFllFreq
                0x0000000000001a84       0x44 /media/adems/e7cdae34-f8e0-4a3e-b804-7e3ff37522fe/mbed-os/BUILD/mbed/TARGET_K64F/TOOLCHAIN_GCC_ARM/fsl_clock.o
                0x0000000000001a84                CLOCK_GetFllFreq
 .text.CLOCK_GetInternalRefClkFreq
                0x0000000000001ac8       0x18 /media/adems/e7cdae34-f8e0-4a3e-b804-7e3ff37522fe/mbed-os/BUILD/mbed/TARGET_K64F/TOOLCHAIN_GCC_ARM/fsl_clock.o
                0x0000000000001ac8                CLOCK_GetInternalRefClkFreq
 .text.CLOCK_GetPll0Freq
                0x0000000000001ae0       0x58 /media/adems/e7cdae34-f8e0-4a3e-b804-7e3ff37522fe/mbed-os/BUILD/mbed/TARGET_K64F/TOOLCHAIN_GCC_ARM/fsl_clock.o
                0x0000000000001ae0                CLOCK_GetPll0Freq
 .text.CLOCK_GetPllFllSelClkFreq
                0x0000000000001b38       0x28 /media/adems/e7cdae34-f8e0-4a3e-b804-7e3ff37522fe/mbed-os/BUILD/mbed/TARGET_K64F/TOOLCHAIN_GCC_ARM/fsl_clock.o
                0x0000000000001b38                CLOCK_GetPllFllSelClkFreq
 .text.CLOCK_GetOutClkFreq
                0x0000000000001b60       0x28 /media/adems/e7cdae34-f8e0-4a3e-b804-7e3ff37522fe/mbed-os/BUILD/mbed/TARGET_K64F/TOOLCHAIN_GCC_ARM/fsl_clock.o
                0x0000000000001b60                CLOCK_GetOutClkFreq
 .text.CLOCK_GetFixedFreqClkFreq
                0x0000000000001b88       0x1c /media/adems/e7cdae34-f8e0-4a3e-b804-7e3ff37522fe/mbed-os/BUILD/mbed/TARGET_K64F/TOOLCHAIN_GCC_ARM/fsl_clock.o
                0x0000000000001b88                CLOCK_GetFixedFreqClkFreq
 .text.CLOCK_GetFreq
                0x0000000000001ba4       0xa8 /media/adems/e7cdae34-f8e0-4a3e-b804-7e3ff37522fe/mbed-os/BUILD/mbed/TARGET_K64F/TOOLCHAIN_GCC_ARM/fsl_clock.o
                0x0000000000001ba4                CLOCK_GetFreq
 .text.CLOCK_SetExternalRefClkConfig
                0x0000000000001c4c       0x4c /media/adems/e7cdae34-f8e0-4a3e-b804-7e3ff37522fe/mbed-os/BUILD/mbed/TARGET_K64F/TOOLCHAIN_GCC_ARM/fsl_clock.o
                0x0000000000001c4c                CLOCK_SetExternalRefClkConfig
 .text.CLOCK_SetInternalRefClkConfig
                0x0000000000001c98       0x90 /media/adems/e7cdae34-f8e0-4a3e-b804-7e3ff37522fe/mbed-os/BUILD/mbed/TARGET_K64F/TOOLCHAIN_GCC_ARM/fsl_clock.o
                0x0000000000001c98                CLOCK_SetInternalRefClkConfig
 .text.CLOCK_EnablePll0
                0x0000000000001d28       0x5c /media/adems/e7cdae34-f8e0-4a3e-b804-7e3ff37522fe/mbed-os/BUILD/mbed/TARGET_K64F/TOOLCHAIN_GCC_ARM/fsl_clock.o
                0x0000000000001d28                CLOCK_EnablePll0
 .text.CLOCK_InitOsc0
                0x0000000000001d84       0x70 /media/adems/e7cdae34-f8e0-4a3e-b804-7e3ff37522fe/mbed-os/BUILD/mbed/TARGET_K64F/TOOLCHAIN_GCC_ARM/fsl_clock.o
                0x0000000000001d84                CLOCK_InitOsc0
 .text.CLOCK_SetPbeMode
                0x0000000000001df4       0x7c /media/adems/e7cdae34-f8e0-4a3e-b804-7e3ff37522fe/mbed-os/BUILD/mbed/TARGET_K64F/TOOLCHAIN_GCC_ARM/fsl_clock.o
                0x0000000000001df4                CLOCK_SetPbeMode
 .text.CLOCK_BootToPeeMode
                0x0000000000001e70       0x4c /media/adems/e7cdae34-f8e0-4a3e-b804-7e3ff37522fe/mbed-os/BUILD/mbed/TARGET_K64F/TOOLCHAIN_GCC_ARM/fsl_clock.o
                0x0000000000001e70                CLOCK_BootToPeeMode
 .text.BOARD_BootClockRUN
                0x0000000000001ebc       0x58 /media/adems/e7cdae34-f8e0-4a3e-b804-7e3ff37522fe/mbed-os/BUILD/mbed/TARGET_K64F/TOOLCHAIN_GCC_ARM/fsl_clock_config.o
                0x0000000000001ebc                BOARD_BootClockRUN
 .text.InstallIRQHandler
                0x0000000000001f14       0x4c /media/adems/e7cdae34-f8e0-4a3e-b804-7e3ff37522fe/mbed-os/BUILD/mbed/TARGET_K64F/TOOLCHAIN_GCC_ARM/fsl_common.o
                0x0000000000001f14                InstallIRQHandler
 .text.DSPI_CommonIRQHandler
                0x0000000000001f60       0x18 /media/adems/e7cdae34-f8e0-4a3e-b804-7e3ff37522fe/mbed-os/BUILD/mbed/TARGET_K64F/TOOLCHAIN_GCC_ARM/fsl_dspi.o
 .text.SPI0_DriverIRQHandler
                0x0000000000001f78       0x34 /media/adems/e7cdae34-f8e0-4a3e-b804-7e3ff37522fe/mbed-os/BUILD/mbed/TARGET_K64F/TOOLCHAIN_GCC_ARM/fsl_dspi.o
                0x0000000000001f78                SPI0_DriverIRQHandler
 .text.SPI1_DriverIRQHandler
                0x0000000000001fac       0x34 /media/adems/e7cdae34-f8e0-4a3e-b804-7e3ff37522fe/mbed-os/BUILD/mbed/TARGET_K64F/TOOLCHAIN_GCC_ARM/fsl_dspi.o
                0x0000000000001fac                SPI1_DriverIRQHandler
 .text.SPI2_DriverIRQHandler
                0x0000000000001fe0       0x34 /media/adems/e7cdae34-f8e0-4a3e-b804-7e3ff37522fe/mbed-os/BUILD/mbed/TARGET_K64F/TOOLCHAIN_GCC_ARM/fsl_dspi.o
                0x0000000000001fe0                SPI2_DriverIRQHandler
 .text.EDMA_HandleIRQ
                0x0000000000002014       0xa0 /media/adems/e7cdae34-f8e0-4a3e-b804-7e3ff37522fe/mbed-os/BUILD/mbed/TARGET_K64F/TOOLCHAIN_GCC_ARM/fsl_edma.o
                0x0000000000002014                EDMA_HandleIRQ
 .text.DMA0_DriverIRQHandler
                0x00000000000020b4        0xc /media/adems/e7cdae34-f8e0-4a3e-b804-7e3ff37522fe/mbed-os/BUILD/mbed/TARGET_K64F/TOOLCHAIN_GCC_ARM/fsl_edma.o
                0x00000000000020b4                DMA0_DriverIRQHandler
 .text.DMA1_DriverIRQHandler
                0x00000000000020c0        0xc /media/adems/e7cdae34-f8e0-4a3e-b804-7e3ff37522fe/mbed-os/BUILD/mbed/TARGET_K64F/TOOLCHAIN_GCC_ARM/fsl_edma.o
                0x00000000000020c0                DMA1_DriverIRQHandler
 .text.DMA2_DriverIRQHandler
                0x00000000000020cc        0xc /media/adems/e7cdae34-f8e0-4a3e-b804-7e3ff37522fe/mbed-os/BUILD/mbed/TARGET_K64F/TOOLCHAIN_GCC_ARM/fsl_edma.o
                0x00000000000020cc                DMA2_DriverIRQHandler
 .text.DMA3_DriverIRQHandler
                0x00000000000020d8        0xc /media/adems/e7cdae34-f8e0-4a3e-b804-7e3ff37522fe/mbed-os/BUILD/mbed/TARGET_K64F/TOOLCHAIN_GCC_ARM/fsl_edma.o
                0x00000000000020d8                DMA3_DriverIRQHandler
 .text.DMA4_DriverIRQHandler
                0x00000000000020e4        0xc /media/adems/e7cdae34-f8e0-4a3e-b804-7e3ff37522fe/mbed-os/BUILD/mbed/TARGET_K64F/TOOLCHAIN_GCC_ARM/fsl_edma.o
                0x00000000000020e4                DMA4_DriverIRQHandler
 .text.DMA5_DriverIRQHandler
                0x00000000000020f0        0xc /media/adems/e7cdae34-f8e0-4a3e-b804-7e3ff37522fe/mbed-os/BUILD/mbed/TARGET_K64F/TOOLCHAIN_GCC_ARM/fsl_edma.o
                0x00000000000020f0                DMA5_DriverIRQHandler
 .text.DMA6_DriverIRQHandler
                0x00000000000020fc        0xc /media/adems/e7cdae34-f8e0-4a3e-b804-7e3ff37522fe/mbed-os/BUILD/mbed/TARGET_K64F/TOOLCHAIN_GCC_ARM/fsl_edma.o
                0x00000000000020fc                DMA6_DriverIRQHandler
 .text.DMA7_DriverIRQHandler
                0x0000000000002108        0xc /media/adems/e7cdae34-f8e0-4a3e-b804-7e3ff37522fe/mbed-os/BUILD/mbed/TARGET_K64F/TOOLCHAIN_GCC_ARM/fsl_edma.o
                0x0000000000002108                DMA7_DriverIRQHandler
 .text.DMA8_DriverIRQHandler
                0x0000000000002114        0xc /media/adems/e7cdae34-f8e0-4a3e-b804-7e3ff37522fe/mbed-os/BUILD/mbed/TARGET_K64F/TOOLCHAIN_GCC_ARM/fsl_edma.o
                0x0000000000002114                DMA8_DriverIRQHandler
 .text.DMA9_DriverIRQHandler
                0x0000000000002120        0xc /media/adems/e7cdae34-f8e0-4a3e-b804-7e3ff37522fe/mbed-os/BUILD/mbed/TARGET_K64F/TOOLCHAIN_GCC_ARM/fsl_edma.o
                0x0000000000002120                DMA9_DriverIRQHandler
 .text.DMA10_DriverIRQHandler
                0x000000000000212c        0xc /media/adems/e7cdae34-f8e0-4a3e-b804-7e3ff37522fe/mbed-os/BUILD/mbed/TARGET_K64F/TOOLCHAIN_GCC_ARM/fsl_edma.o
                0x000000000000212c                DMA10_DriverIRQHandler
 .text.DMA11_DriverIRQHandler
                0x0000000000002138        0xc /media/adems/e7cdae34-f8e0-4a3e-b804-7e3ff37522fe/mbed-os/BUILD/mbed/TARGET_K64F/TOOLCHAIN_GCC_ARM/fsl_edma.o
                0x0000000000002138                DMA11_DriverIRQHandler
 .text.DMA12_DriverIRQHandler
                0x0000000000002144        0xc /media/adems/e7cdae34-f8e0-4a3e-b804-7e3ff37522fe/mbed-os/BUILD/mbed/TARGET_K64F/TOOLCHAIN_GCC_ARM/fsl_edma.o
                0x0000000000002144                DMA12_DriverIRQHandler
 .text.DMA13_DriverIRQHandler
                0x0000000000002150        0xc /media/adems/e7cdae34-f8e0-4a3e-b804-7e3ff37522fe/mbed-os/BUILD/mbed/TARGET_K64F/TOOLCHAIN_GCC_ARM/fsl_edma.o
                0x0000000000002150                DMA13_DriverIRQHandler
 .text.DMA14_DriverIRQHandler
                0x000000000000215c        0xc /media/adems/e7cdae34-f8e0-4a3e-b804-7e3ff37522fe/mbed-os/BUILD/mbed/TARGET_K64F/TOOLCHAIN_GCC_ARM/fsl_edma.o
                0x000000000000215c                DMA14_DriverIRQHandler
 .text.DMA15_DriverIRQHandler
                0x0000000000002168        0xc /media/adems/e7cdae34-f8e0-4a3e-b804-7e3ff37522fe/mbed-os/BUILD/mbed/TARGET_K64F/TOOLCHAIN_GCC_ARM/fsl_edma.o
                0x0000000000002168                DMA15_DriverIRQHandler
 .text.ENET_TransmitIRQHandler
                0x0000000000002174       0x40 /media/adems/e7cdae34-f8e0-4a3e-b804-7e3ff37522fe/mbed-os/BUILD/mbed/TARGET_K64F/TOOLCHAIN_GCC_ARM/fsl_enet.o
                0x0000000000002174                ENET_TransmitIRQHandler
 .text.ENET_ReceiveIRQHandler
                0x00000000000021b4       0x40 /media/adems/e7cdae34-f8e0-4a3e-b804-7e3ff37522fe/mbed-os/BUILD/mbed/TARGET_K64F/TOOLCHAIN_GCC_ARM/fsl_enet.o
                0x00000000000021b4                ENET_ReceiveIRQHandler
 .text.ENET_ErrorIRQHandler
                0x00000000000021f4       0x5c /media/adems/e7cdae34-f8e0-4a3e-b804-7e3ff37522fe/mbed-os/BUILD/mbed/TARGET_K64F/TOOLCHAIN_GCC_ARM/fsl_enet.o
                0x00000000000021f4                ENET_ErrorIRQHandler
 .text.ENET_GetInstance
                0x0000000000002250       0x2c /media/adems/e7cdae34-f8e0-4a3e-b804-7e3ff37522fe/mbed-os/BUILD/mbed/TARGET_K64F/TOOLCHAIN_GCC_ARM/fsl_enet.o
                0x0000000000002250                ENET_GetInstance
 .text.ENET_GetDefaultConfig
                0x000000000000227c       0x38 /media/adems/e7cdae34-f8e0-4a3e-b804-7e3ff37522fe/mbed-os/BUILD/mbed/TARGET_K64F/TOOLCHAIN_GCC_ARM/fsl_enet.o
                0x000000000000227c                ENET_GetDefaultConfig
 .text.ENET_SetCallback
                0x00000000000022b4       0x24 /media/adems/e7cdae34-f8e0-4a3e-b804-7e3ff37522fe/mbed-os/BUILD/mbed/TARGET_K64F/TOOLCHAIN_GCC_ARM/fsl_enet.o
                0x00000000000022b4                ENET_SetCallback
 .text.ENET_SetMacAddr
                0x00000000000022d8       0x28 /media/adems/e7cdae34-f8e0-4a3e-b804-7e3ff37522fe/mbed-os/BUILD/mbed/TARGET_K64F/TOOLCHAIN_GCC_ARM/fsl_enet.o
                0x00000000000022d8                ENET_SetMacAddr
 .text.ENET_SetSMI
                0x0000000000002300       0x54 /media/adems/e7cdae34-f8e0-4a3e-b804-7e3ff37522fe/mbed-os/BUILD/mbed/TARGET_K64F/TOOLCHAIN_GCC_ARM/fsl_enet.o
                0x0000000000002300                ENET_SetSMI
 .text.ENET_Init
                0x0000000000002354      0x368 /media/adems/e7cdae34-f8e0-4a3e-b804-7e3ff37522fe/mbed-os/BUILD/mbed/TARGET_K64F/TOOLCHAIN_GCC_ARM/fsl_enet.o
                0x0000000000002354                ENET_Init
 .text.ENET_StartSMIWrite
                0x00000000000026bc       0x2a /media/adems/e7cdae34-f8e0-4a3e-b804-7e3ff37522fe/mbed-os/BUILD/mbed/TARGET_K64F/TOOLCHAIN_GCC_ARM/fsl_enet.o
                0x00000000000026bc                ENET_StartSMIWrite
 .text.ENET_StartSMIRead
                0x00000000000026e6       0x22 /media/adems/e7cdae34-f8e0-4a3e-b804-7e3ff37522fe/mbed-os/BUILD/mbed/TARGET_K64F/TOOLCHAIN_GCC_ARM/fsl_enet.o
                0x00000000000026e6                ENET_StartSMIRead
 .text.ENET_Transmit_IRQHandler
                0x0000000000002708       0x18 /media/adems/e7cdae34-f8e0-4a3e-b804-7e3ff37522fe/mbed-os/BUILD/mbed/TARGET_K64F/TOOLCHAIN_GCC_ARM/fsl_enet.o
                0x0000000000002708                ENET_Transmit_IRQHandler
 .text.ENET_Receive_IRQHandler
                0x0000000000002720       0x18 /media/adems/e7cdae34-f8e0-4a3e-b804-7e3ff37522fe/mbed-os/BUILD/mbed/TARGET_K64F/TOOLCHAIN_GCC_ARM/fsl_enet.o
                0x0000000000002720                ENET_Receive_IRQHandler
 .text.ENET_Error_IRQHandler
                0x0000000000002738       0x18 /media/adems/e7cdae34-f8e0-4a3e-b804-7e3ff37522fe/mbed-os/BUILD/mbed/TARGET_K64F/TOOLCHAIN_GCC_ARM/fsl_enet.o
                0x0000000000002738                ENET_Error_IRQHandler
 .text.CAN0_DriverIRQHandler
                0x0000000000002750       0x3c /media/adems/e7cdae34-f8e0-4a3e-b804-7e3ff37522fe/mbed-os/BUILD/mbed/TARGET_K64F/TOOLCHAIN_GCC_ARM/fsl_flexcan.o
                0x0000000000002750                CAN0_DriverIRQHandler
 .text.I2C_TransferCommonIRQHandler
                0x000000000000278c       0x34 /media/adems/e7cdae34-f8e0-4a3e-b804-7e3ff37522fe/mbed-os/BUILD/mbed/TARGET_K64F/TOOLCHAIN_GCC_ARM/fsl_i2c.o
 .text.I2C0_DriverIRQHandler
                0x00000000000027c0       0x14 /media/adems/e7cdae34-f8e0-4a3e-b804-7e3ff37522fe/mbed-os/BUILD/mbed/TARGET_K64F/TOOLCHAIN_GCC_ARM/fsl_i2c.o
                0x00000000000027c0                I2C0_DriverIRQHandler
 .text.I2C1_DriverIRQHandler
                0x00000000000027d4       0x14 /media/adems/e7cdae34-f8e0-4a3e-b804-7e3ff37522fe/mbed-os/BUILD/mbed/TARGET_K64F/TOOLCHAIN_GCC_ARM/fsl_i2c.o
                0x00000000000027d4                I2C1_DriverIRQHandler
 .text.I2C2_DriverIRQHandler
                0x00000000000027e8       0x14 /media/adems/e7cdae34-f8e0-4a3e-b804-7e3ff37522fe/mbed-os/BUILD/mbed/TARGET_K64F/TOOLCHAIN_GCC_ARM/fsl_i2c.o
                0x00000000000027e8                I2C2_DriverIRQHandler
 .text.PHY_Write
                0x00000000000027fc       0x34 /media/adems/e7cdae34-f8e0-4a3e-b804-7e3ff37522fe/mbed-os/BUILD/mbed/TARGET_K64F/TOOLCHAIN_GCC_ARM/fsl_phy.o
                0x00000000000027fc                PHY_Write
 .text.PHY_Read
                0x0000000000002830       0x54 /media/adems/e7cdae34-f8e0-4a3e-b804-7e3ff37522fe/mbed-os/BUILD/mbed/TARGET_K64F/TOOLCHAIN_GCC_ARM/fsl_phy.o
                0x0000000000002830                PHY_Read
 .text.PHY_Init
                0x0000000000002884       0x8c /media/adems/e7cdae34-f8e0-4a3e-b804-7e3ff37522fe/mbed-os/BUILD/mbed/TARGET_K64F/TOOLCHAIN_GCC_ARM/fsl_phy.o
                0x0000000000002884                PHY_Init
 .text.PHY_GetLinkStatus
                0x0000000000002910       0x38 /media/adems/e7cdae34-f8e0-4a3e-b804-7e3ff37522fe/mbed-os/BUILD/mbed/TARGET_K64F/TOOLCHAIN_GCC_ARM/fsl_phy.o
                0x0000000000002910                PHY_GetLinkStatus
 .text.PHY_GetLinkSpeedDuplex
                0x0000000000002948       0x54 /media/adems/e7cdae34-f8e0-4a3e-b804-7e3ff37522fe/mbed-os/BUILD/mbed/TARGET_K64F/TOOLCHAIN_GCC_ARM/fsl_phy.o
                0x0000000000002948                PHY_GetLinkSpeedDuplex
 .text.PIT_GetInstance
                0x000000000000299c       0x28 /media/adems/e7cdae34-f8e0-4a3e-b804-7e3ff37522fe/mbed-os/BUILD/mbed/TARGET_K64F/TOOLCHAIN_GCC_ARM/fsl_pit.o
 .text.PIT_Init
                0x00000000000029c4       0x50 /media/adems/e7cdae34-f8e0-4a3e-b804-7e3ff37522fe/mbed-os/BUILD/mbed/TARGET_K64F/TOOLCHAIN_GCC_ARM/fsl_pit.o
                0x00000000000029c4                PIT_Init
 .text.I2S0_Tx_DriverIRQHandler
                0x0000000000002a14       0x3c /media/adems/e7cdae34-f8e0-4a3e-b804-7e3ff37522fe/mbed-os/BUILD/mbed/TARGET_K64F/TOOLCHAIN_GCC_ARM/fsl_sai.o
                0x0000000000002a14                I2S0_Tx_DriverIRQHandler
 .text.I2S0_Rx_DriverIRQHandler
                0x0000000000002a50       0x3c /media/adems/e7cdae34-f8e0-4a3e-b804-7e3ff37522fe/mbed-os/BUILD/mbed/TARGET_K64F/TOOLCHAIN_GCC_ARM/fsl_sai.o
                0x0000000000002a50                I2S0_Rx_DriverIRQHandler
 .text.SDHC_DriverIRQHandler
                0x0000000000002a8c       0x3c /media/adems/e7cdae34-f8e0-4a3e-b804-7e3ff37522fe/mbed-os/BUILD/mbed/TARGET_K64F/TOOLCHAIN_GCC_ARM/fsl_sdhc.o
                0x0000000000002a8c                SDHC_DriverIRQHandler
 .text.UART_GetInstance
                0x0000000000002ac8       0x34 /media/adems/e7cdae34-f8e0-4a3e-b804-7e3ff37522fe/mbed-os/BUILD/mbed/TARGET_K64F/TOOLCHAIN_GCC_ARM/fsl_uart.o
                0x0000000000002ac8                UART_GetInstance
 .text.UART_Init
                0x0000000000002afc      0x1bc /media/adems/e7cdae34-f8e0-4a3e-b804-7e3ff37522fe/mbed-os/BUILD/mbed/TARGET_K64F/TOOLCHAIN_GCC_ARM/fsl_uart.o
                0x0000000000002afc                UART_Init
 .text.UART_GetDefaultConfig
                0x0000000000002cb8       0x38 /media/adems/e7cdae34-f8e0-4a3e-b804-7e3ff37522fe/mbed-os/BUILD/mbed/TARGET_K64F/TOOLCHAIN_GCC_ARM/fsl_uart.o
                0x0000000000002cb8                UART_GetDefaultConfig
 .text.UART_SetBaudRate
                0x0000000000002cf0       0x94 /media/adems/e7cdae34-f8e0-4a3e-b804-7e3ff37522fe/mbed-os/BUILD/mbed/TARGET_K64F/TOOLCHAIN_GCC_ARM/fsl_uart.o
                0x0000000000002cf0                UART_SetBaudRate
 .text.UART_GetStatusFlags
                0x0000000000002d84       0x16 /media/adems/e7cdae34-f8e0-4a3e-b804-7e3ff37522fe/mbed-os/BUILD/mbed/TARGET_K64F/TOOLCHAIN_GCC_ARM/fsl_uart.o
                0x0000000000002d84                UART_GetStatusFlags
 .text.UART_ClearStatusFlags
                0x0000000000002d9a       0x42 /media/adems/e7cdae34-f8e0-4a3e-b804-7e3ff37522fe/mbed-os/BUILD/mbed/TARGET_K64F/TOOLCHAIN_GCC_ARM/fsl_uart.o
                0x0000000000002d9a                UART_ClearStatusFlags
 .text.UART0_DriverIRQHandler
                0x0000000000002ddc       0x18 /media/adems/e7cdae34-f8e0-4a3e-b804-7e3ff37522fe/mbed-os/BUILD/mbed/TARGET_K64F/TOOLCHAIN_GCC_ARM/fsl_uart.o
                0x0000000000002ddc                UART0_DriverIRQHandler
 .text.UART0_RX_TX_DriverIRQHandler
                0x0000000000002df4        0x4 /media/adems/e7cdae34-f8e0-4a3e-b804-7e3ff37522fe/mbed-os/BUILD/mbed/TARGET_K64F/TOOLCHAIN_GCC_ARM/fsl_uart.o
                0x0000000000002df4                UART0_RX_TX_DriverIRQHandler
 .text.UART1_DriverIRQHandler
                0x0000000000002df8       0x18 /media/adems/e7cdae34-f8e0-4a3e-b804-7e3ff37522fe/mbed-os/BUILD/mbed/TARGET_K64F/TOOLCHAIN_GCC_ARM/fsl_uart.o
                0x0000000000002df8                UART1_DriverIRQHandler
 .text.UART1_RX_TX_DriverIRQHandler
                0x0000000000002e10        0x4 /media/adems/e7cdae34-f8e0-4a3e-b804-7e3ff37522fe/mbed-os/BUILD/mbed/TARGET_K64F/TOOLCHAIN_GCC_ARM/fsl_uart.o
                0x0000000000002e10                UART1_RX_TX_DriverIRQHandler
 .text.UART2_DriverIRQHandler
                0x0000000000002e14       0x18 /media/adems/e7cdae34-f8e0-4a3e-b804-7e3ff37522fe/mbed-os/BUILD/mbed/TARGET_K64F/TOOLCHAIN_GCC_ARM/fsl_uart.o
                0x0000000000002e14                UART2_DriverIRQHandler
 .text.UART2_RX_TX_DriverIRQHandler
                0x0000000000002e2c        0x4 /media/adems/e7cdae34-f8e0-4a3e-b804-7e3ff37522fe/mbed-os/BUILD/mbed/TARGET_K64F/TOOLCHAIN_GCC_ARM/fsl_uart.o
                0x0000000000002e2c                UART2_RX_TX_DriverIRQHandler
 .text.UART3_DriverIRQHandler
                0x0000000000002e30       0x18 /media/adems/e7cdae34-f8e0-4a3e-b804-7e3ff37522fe/mbed-os/BUILD/mbed/TARGET_K64F/TOOLCHAIN_GCC_ARM/fsl_uart.o
                0x0000000000002e30                UART3_DriverIRQHandler
 .text.UART3_RX_TX_DriverIRQHandler
                0x0000000000002e48        0x4 /media/adems/e7cdae34-f8e0-4a3e-b804-7e3ff37522fe/mbed-os/BUILD/mbed/TARGET_K64F/TOOLCHAIN_GCC_ARM/fsl_uart.o
                0x0000000000002e48                UART3_RX_TX_DriverIRQHandler
 .text.UART4_DriverIRQHandler
                0x0000000000002e4c       0x18 /media/adems/e7cdae34-f8e0-4a3e-b804-7e3ff37522fe/mbed-os/BUILD/mbed/TARGET_K64F/TOOLCHAIN_GCC_ARM/fsl_uart.o
                0x0000000000002e4c                UART4_DriverIRQHandler
 .text.UART4_RX_TX_DriverIRQHandler
                0x0000000000002e64        0x4 /media/adems/e7cdae34-f8e0-4a3e-b804-7e3ff37522fe/mbed-os/BUILD/mbed/TARGET_K64F/TOOLCHAIN_GCC_ARM/fsl_uart.o
                0x0000000000002e64                UART4_RX_TX_DriverIRQHandler
 .text.UART5_DriverIRQHandler
                0x0000000000002e68       0x18 /media/adems/e7cdae34-f8e0-4a3e-b804-7e3ff37522fe/mbed-os/BUILD/mbed/TARGET_K64F/TOOLCHAIN_GCC_ARM/fsl_uart.o
                0x0000000000002e68                UART5_DriverIRQHandler
 .text.UART5_RX_TX_DriverIRQHandler
                0x0000000000002e80        0x4 /media/adems/e7cdae34-f8e0-4a3e-b804-7e3ff37522fe/mbed-os/BUILD/mbed/TARGET_K64F/TOOLCHAIN_GCC_ARM/fsl_uart.o
                0x0000000000002e80                UART5_RX_TX_DriverIRQHandler
 .text.gpio_init
                0x0000000000002e84       0x10 /media/adems/e7cdae34-f8e0-4a3e-b804-7e3ff37522fe/mbed-os/BUILD/mbed/TARGET_K64F/TOOLCHAIN_GCC_ARM/gpio_api.o
                0x0000000000002e84                gpio_init
 .text.gpio_mode
                0x0000000000002e94        0x6 /media/adems/e7cdae34-f8e0-4a3e-b804-7e3ff37522fe/mbed-os/BUILD/mbed/TARGET_K64F/TOOLCHAIN_GCC_ARM/gpio_api.o
                0x0000000000002e94                gpio_mode
 *fill*         0x0000000000002e9a        0x2 
 .text.gpio_dir
                0x0000000000002e9c       0x50 /media/adems/e7cdae34-f8e0-4a3e-b804-7e3ff37522fe/mbed-os/BUILD/mbed/TARGET_K64F/TOOLCHAIN_GCC_ARM/gpio_api.o
                0x0000000000002e9c                gpio_dir
 .text.gpio_write
                0x0000000000002eec       0x44 /media/adems/e7cdae34-f8e0-4a3e-b804-7e3ff37522fe/mbed-os/BUILD/mbed/TARGET_K64F/TOOLCHAIN_GCC_ARM/gpio_api.o
                0x0000000000002eec                gpio_write
 .text.mbed_die
                0x0000000000002f30       0x2e /media/adems/e7cdae34-f8e0-4a3e-b804-7e3ff37522fe/mbed-os/BUILD/mbed/TARGET_K64F/TOOLCHAIN_GCC_ARM/mbed_board.o
                0x0000000000002f30                mbed_die
 *fill*         0x0000000000002f5e        0x2 
 .text.mbed_error_vfprintf
                0x0000000000002f60       0x54 /media/adems/e7cdae34-f8e0-4a3e-b804-7e3ff37522fe/mbed-os/BUILD/mbed/TARGET_K64F/TOOLCHAIN_GCC_ARM/mbed_board.o
                0x0000000000002f60                mbed_error_vfprintf
 .text.mbed_error_printf
                0x0000000000002fb4       0x1a /media/adems/e7cdae34-f8e0-4a3e-b804-7e3ff37522fe/mbed-os/BUILD/mbed/TARGET_K64F/TOOLCHAIN_GCC_ARM/mbed_board.o
                0x0000000000002fb4                mbed_error_printf
 .text.mbed_sdk_init
                0x0000000000002fce        0x4 /media/adems/e7cdae34-f8e0-4a3e-b804-7e3ff37522fe/mbed-os/BUILD/mbed/TARGET_K64F/TOOLCHAIN_GCC_ARM/mbed_overrides.o
                0x0000000000002fce                mbed_sdk_init
 .text.NMI_Handler
                0x0000000000002fd2       0x10 /media/adems/e7cdae34-f8e0-4a3e-b804-7e3ff37522fe/mbed-os/BUILD/mbed/TARGET_K64F/TOOLCHAIN_GCC_ARM/mbed_overrides.o
                0x0000000000002fd2                NMI_Handler
 *fill*         0x0000000000002fe2        0x2 
 .text.mbed_mac_address
                0x0000000000002fe4       0x64 /media/adems/e7cdae34-f8e0-4a3e-b804-7e3ff37522fe/mbed-os/BUILD/mbed/TARGET_K64F/TOOLCHAIN_GCC_ARM/mbed_overrides.o
                0x0000000000002fe4                mbed_mac_address
 .text.pin_function
                0x0000000000003048       0x74 /media/adems/e7cdae34-f8e0-4a3e-b804-7e3ff37522fe/mbed-os/BUILD/mbed/TARGET_K64F/TOOLCHAIN_GCC_ARM/pinmap.o
                0x0000000000003048                pin_function
 .text.pin_mode
                0x00000000000030bc       0x60 /media/adems/e7cdae34-f8e0-4a3e-b804-7e3ff37522fe/mbed-os/BUILD/mbed/TARGET_K64F/TOOLCHAIN_GCC_ARM/pinmap.o
                0x00000000000030bc                pin_mode
 .text._ZL11init_serialv
                0x000000000000311c       0x30 /media/adems/e7cdae34-f8e0-4a3e-b804-7e3ff37522fe/mbed-os/BUILD/mbed/TARGET_K64F/TOOLCHAIN_GCC_ARM/retarget.o
 .text._close   0x000000000000314c       0x2c /media/adems/e7cdae34-f8e0-4a3e-b804-7e3ff37522fe/mbed-os/BUILD/mbed/TARGET_K64F/TOOLCHAIN_GCC_ARM/retarget.o
                0x000000000000314c                _close
 .text._write   0x0000000000003178       0x50 /media/adems/e7cdae34-f8e0-4a3e-b804-7e3ff37522fe/mbed-os/BUILD/mbed/TARGET_K64F/TOOLCHAIN_GCC_ARM/retarget.o
                0x0000000000003178                _write
 .text._read    0x00000000000031c8       0x44 /media/adems/e7cdae34-f8e0-4a3e-b804-7e3ff37522fe/mbed-os/BUILD/mbed/TARGET_K64F/TOOLCHAIN_GCC_ARM/retarget.o
                0x00000000000031c8                _read
 .text._isatty  0x000000000000320c       0x24 /media/adems/e7cdae34-f8e0-4a3e-b804-7e3ff37522fe/mbed-os/BUILD/mbed/TARGET_K64F/TOOLCHAIN_GCC_ARM/retarget.o
                0x000000000000320c                _isatty
 .text._lseek   0x0000000000003230       0x24 /media/adems/e7cdae34-f8e0-4a3e-b804-7e3ff37522fe/mbed-os/BUILD/mbed/TARGET_K64F/TOOLCHAIN_GCC_ARM/retarget.o
                0x0000000000003230                _lseek
 .text._fstat   0x0000000000003254       0x1e /media/adems/e7cdae34-f8e0-4a3e-b804-7e3ff37522fe/mbed-os/BUILD/mbed/TARGET_K64F/TOOLCHAIN_GCC_ARM/retarget.o
                0x0000000000003254                _fstat
 .text.software_init_hook
                0x0000000000003272        0xc /media/adems/e7cdae34-f8e0-4a3e-b804-7e3ff37522fe/mbed-os/BUILD/mbed/TARGET_K64F/TOOLCHAIN_GCC_ARM/retarget.o
                0x0000000000003272                software_init_hook
 .text.mbed_main
                0x000000000000327e        0x2 /media/adems/e7cdae34-f8e0-4a3e-b804-7e3ff37522fe/mbed-os/BUILD/mbed/TARGET_K64F/TOOLCHAIN_GCC_ARM/retarget.o
                0x000000000000327e                mbed_main
 .text.__wrap_main
                0x0000000000003280        0xe /media/adems/e7cdae34-f8e0-4a3e-b804-7e3ff37522fe/mbed-os/BUILD/mbed/TARGET_K64F/TOOLCHAIN_GCC_ARM/retarget.o
                0x0000000000003280                __wrap_main
 *fill*         0x000000000000328e        0x2 
 .text._sbrk    0x0000000000003290       0x44 /media/adems/e7cdae34-f8e0-4a3e-b804-7e3ff37522fe/mbed-os/BUILD/mbed/TARGET_K64F/TOOLCHAIN_GCC_ARM/retarget.o
                0x0000000000003290                _sbrk
 .text._exit    0x00000000000032d4       0x24 /media/adems/e7cdae34-f8e0-4a3e-b804-7e3ff37522fe/mbed-os/BUILD/mbed/TARGET_K64F/TOOLCHAIN_GCC_ARM/retarget.o
                0x00000000000032d4                _exit
 .text.__aeabi_atexit
                0x00000000000032f8        0x4 /media/adems/e7cdae34-f8e0-4a3e-b804-7e3ff37522fe/mbed-os/BUILD/mbed/TARGET_K64F/TOOLCHAIN_GCC_ARM/retarget.o
                0x00000000000032f8                __aeabi_atexit
 .text.__wrap_exit
                0x00000000000032fc        0x6 /media/adems/e7cdae34-f8e0-4a3e-b804-7e3ff37522fe/mbed-os/BUILD/mbed/TARGET_K64F/TOOLCHAIN_GCC_ARM/retarget.o
                0x00000000000032fc                __wrap_exit
 .text.__wrap_atexit
                0x0000000000003302        0x4 /media/adems/e7cdae34-f8e0-4a3e-b804-7e3ff37522fe/mbed-os/BUILD/mbed/TARGET_K64F/TOOLCHAIN_GCC_ARM/retarget.o
                0x0000000000003302                __wrap_atexit
 .text.__malloc_lock
                0x0000000000003306        0x8 /media/adems/e7cdae34-f8e0-4a3e-b804-7e3ff37522fe/mbed-os/BUILD/mbed/TARGET_K64F/TOOLCHAIN_GCC_ARM/retarget.o
                0x0000000000003306                __malloc_lock
 .text.__malloc_unlock
                0x000000000000330e        0x8 /media/adems/e7cdae34-f8e0-4a3e-b804-7e3ff37522fe/mbed-os/BUILD/mbed/TARGET_K64F/TOOLCHAIN_GCC_ARM/retarget.o
                0x000000000000330e                __malloc_unlock
 *fill*         0x0000000000003316        0x2 
 .text.serial_init
                0x0000000000003318       0xe4 /media/adems/e7cdae34-f8e0-4a3e-b804-7e3ff37522fe/mbed-os/BUILD/mbed/TARGET_K64F/TOOLCHAIN_GCC_ARM/serial_api.o
                0x0000000000003318                serial_init
 .text.serial_baud
                0x00000000000033fc       0x2c /media/adems/e7cdae34-f8e0-4a3e-b804-7e3ff37522fe/mbed-os/BUILD/mbed/TARGET_K64F/TOOLCHAIN_GCC_ARM/serial_api.o
                0x00000000000033fc                serial_baud
 .text.serial_readable
                0x0000000000003428       0x2c /media/adems/e7cdae34-f8e0-4a3e-b804-7e3ff37522fe/mbed-os/BUILD/mbed/TARGET_K64F/TOOLCHAIN_GCC_ARM/serial_api.o
                0x0000000000003428                serial_readable
 .text.serial_getc
                0x0000000000003454       0x20 /media/adems/e7cdae34-f8e0-4a3e-b804-7e3ff37522fe/mbed-os/BUILD/mbed/TARGET_K64F/TOOLCHAIN_GCC_ARM/serial_api.o
                0x0000000000003454                serial_getc
 .text.serial_writable
                0x0000000000003474       0x2c /media/adems/e7cdae34-f8e0-4a3e-b804-7e3ff37522fe/mbed-os/BUILD/mbed/TARGET_K64F/TOOLCHAIN_GCC_ARM/serial_api.o
                0x0000000000003474                serial_writable
 .text.serial_putc
                0x00000000000034a0       0x24 /media/adems/e7cdae34-f8e0-4a3e-b804-7e3ff37522fe/mbed-os/BUILD/mbed/TARGET_K64F/TOOLCHAIN_GCC_ARM/serial_api.o
                0x00000000000034a0                serial_putc
 .text.SystemInit
                0x00000000000034c4       0x2c /media/adems/e7cdae34-f8e0-4a3e-b804-7e3ff37522fe/mbed-os/BUILD/mbed/TARGET_K64F/TOOLCHAIN_GCC_ARM/system_MK64F12.o
                0x00000000000034c4                SystemInit
 .text.us_ticker_init
                0x00000000000034f0       0x90 /media/adems/e7cdae34-f8e0-4a3e-b804-7e3ff37522fe/mbed-os/BUILD/mbed/TARGET_K64F/TOOLCHAIN_GCC_ARM/us_ticker.o
                0x00000000000034f0                us_ticker_init
 .text.us_ticker_read
                0x0000000000003580       0x20 /media/adems/e7cdae34-f8e0-4a3e-b804-7e3ff37522fe/mbed-os/BUILD/mbed/TARGET_K64F/TOOLCHAIN_GCC_ARM/us_ticker.o
                0x0000000000003580                us_ticker_read
 .text.us_ticker_disable_interrupt
                0x00000000000035a0       0x14 /media/adems/e7cdae34-f8e0-4a3e-b804-7e3ff37522fe/mbed-os/BUILD/mbed/TARGET_K64F/TOOLCHAIN_GCC_ARM/us_ticker.o
                0x00000000000035a0                us_ticker_disable_interrupt
 .text.us_ticker_clear_interrupt
                0x00000000000035b4       0x10 /media/adems/e7cdae34-f8e0-4a3e-b804-7e3ff37522fe/mbed-os/BUILD/mbed/TARGET_K64F/TOOLCHAIN_GCC_ARM/us_ticker.o
                0x00000000000035b4                us_ticker_clear_interrupt
 .text.us_ticker_set_interrupt
                0x00000000000035c4       0x68 /media/adems/e7cdae34-f8e0-4a3e-b804-7e3ff37522fe/mbed-os/BUILD/mbed/TARGET_K64F/TOOLCHAIN_GCC_ARM/us_ticker.o
                0x00000000000035c4                us_ticker_set_interrupt
 .text.startup.main
                0x000000000000362c       0x64 /media/adems/e7cdae34-f8e0-4a3e-b804-7e3ff37522fe/mbed-os/BUILD/test/K64F/GCC_ARM/NET_12/./main.o
                0x000000000000362c                main
 .text._gpio_init_in
                0x0000000000003690       0x26 /media/adems/e7cdae34-f8e0-4a3e-b804-7e3ff37522fe/mbed-os/BUILD/mbed/TARGET_K64F/TOOLCHAIN_GCC_ARM/libmbed.a(mbed_gpio.o)
 .text.gpio_init_in
                0x00000000000036b6        0x6 /media/adems/e7cdae34-f8e0-4a3e-b804-7e3ff37522fe/mbed-os/BUILD/mbed/TARGET_K64F/TOOLCHAIN_GCC_ARM/libmbed.a(mbed_gpio.o)
                0x00000000000036b6                gpio_init_in
 .text.gpio_init_out_ex
                0x00000000000036bc       0x2e /media/adems/e7cdae34-f8e0-4a3e-b804-7e3ff37522fe/mbed-os/BUILD/mbed/TARGET_K64F/TOOLCHAIN_GCC_ARM/libmbed.a(mbed_gpio.o)
                0x00000000000036bc                gpio_init_out_ex
 .text.gpio_init_out
                0x00000000000036ea        0x6 /media/adems/e7cdae34-f8e0-4a3e-b804-7e3ff37522fe/mbed-os/BUILD/mbed/TARGET_K64F/TOOLCHAIN_GCC_ARM/libmbed.a(mbed_gpio.o)
                0x00000000000036ea                gpio_init_out
 .text.pinmap_pinout
                0x00000000000036f0       0x38 /media/adems/e7cdae34-f8e0-4a3e-b804-7e3ff37522fe/mbed-os/BUILD/mbed/TARGET_K64F/TOOLCHAIN_GCC_ARM/libmbed.a(mbed_pinmap_common.o)
                0x00000000000036f0                pinmap_pinout
 .text.pinmap_merge
                0x0000000000003728       0x24 /media/adems/e7cdae34-f8e0-4a3e-b804-7e3ff37522fe/mbed-os/BUILD/mbed/TARGET_K64F/TOOLCHAIN_GCC_ARM/libmbed.a(mbed_pinmap_common.o)
                0x0000000000003728                pinmap_merge
 .text.pinmap_find_peripheral
                0x000000000000374c       0x16 /media/adems/e7cdae34-f8e0-4a3e-b804-7e3ff37522fe/mbed-os/BUILD/mbed/TARGET_K64F/TOOLCHAIN_GCC_ARM/libmbed.a(mbed_pinmap_common.o)
                0x000000000000374c                pinmap_find_peripheral
 *fill*         0x0000000000003762        0x2 
 .text.pinmap_peripheral
                0x0000000000003764       0x20 /media/adems/e7cdae34-f8e0-4a3e-b804-7e3ff37522fe/mbed-os/BUILD/mbed/TARGET_K64F/TOOLCHAIN_GCC_ARM/libmbed.a(mbed_pinmap_common.o)
                0x0000000000003764                pinmap_peripheral
 .text.us_ticker_irq_handler
                0x0000000000003784        0xc /media/adems/e7cdae34-f8e0-4a3e-b804-7e3ff37522fe/mbed-os/BUILD/mbed/TARGET_K64F/TOOLCHAIN_GCC_ARM/libmbed.a(mbed_us_ticker_api.o)
                0x0000000000003784                us_ticker_irq_handler
 .text.ticker_irq_handler
                0x0000000000003790       0x48 /media/adems/e7cdae34-f8e0-4a3e-b804-7e3ff37522fe/mbed-os/BUILD/mbed/TARGET_K64F/TOOLCHAIN_GCC_ARM/libmbed.a(mbed_ticker_api.o)
                0x0000000000003790                ticker_irq_handler
 .text.mbed_assert_internal
                0x00000000000037d8       0x24 /media/adems/e7cdae34-f8e0-4a3e-b804-7e3ff37522fe/mbed-os/BUILD/mbed/TARGET_K64F/TOOLCHAIN_GCC_ARM/libmbed.a(mbed_assert.o)
                0x00000000000037d8                mbed_assert_internal
 .text.core_util_are_interrupts_enabled
                0x00000000000037fc        0xe /media/adems/e7cdae34-f8e0-4a3e-b804-7e3ff37522fe/mbed-os/BUILD/mbed/TARGET_K64F/TOOLCHAIN_GCC_ARM/libmbed.a(mbed_critical.o)
                0x00000000000037fc                core_util_are_interrupts_enabled
 *fill*         0x000000000000380a        0x2 
 .text.core_util_critical_section_enter
                0x000000000000380c       0x54 /media/adems/e7cdae34-f8e0-4a3e-b804-7e3ff37522fe/mbed-os/BUILD/mbed/TARGET_K64F/TOOLCHAIN_GCC_ARM/libmbed.a(mbed_critical.o)
                0x000000000000380c                core_util_critical_section_enter
 .text.core_util_critical_section_exit
                0x0000000000003860       0x3c /media/adems/e7cdae34-f8e0-4a3e-b804-7e3ff37522fe/mbed-os/BUILD/mbed/TARGET_K64F/TOOLCHAIN_GCC_ARM/libmbed.a(mbed_critical.o)
                0x0000000000003860                core_util_critical_section_exit
 .text.error    0x000000000000389c       0x16 /media/adems/e7cdae34-f8e0-4a3e-b804-7e3ff37522fe/mbed-os/BUILD/mbed/TARGET_K64F/TOOLCHAIN_GCC_ARM/libmbed.a(mbed_error.o)
                0x000000000000389c                error
 .text.wait_us  0x00000000000038b2       0x16 /media/adems/e7cdae34-f8e0-4a3e-b804-7e3ff37522fe/mbed-os/BUILD/mbed/TARGET_K64F/TOOLCHAIN_GCC_ARM/libmbed.a(mbed_wait_api_no_rtos.o)
                0x00000000000038b2                wait_us
 .text.wait_ms  0x00000000000038c8        0xa /media/adems/e7cdae34-f8e0-4a3e-b804-7e3ff37522fe/mbed-os/BUILD/mbed/TARGET_K64F/TOOLCHAIN_GCC_ARM/libmbed.a(mbed_wait_api_no_rtos.o)
                0x00000000000038c8                wait_ms
 *fill*         0x00000000000038d2        0x2 
 .text._ZL15set_mac_addressv
                0x00000000000038d4       0x44 /media/adems/e7cdae34-f8e0-4a3e-b804-7e3ff37522fe/mbed-os/BUILD/net/eth/TARGET_K64F/TOOLCHAIN_GCC_ARM/libeth.a(EthernetInterface.o)
 .text._ZL10init_netifP7ip_addrS0_S0_
                0x0000000000003918       0x78 /media/adems/e7cdae34-f8e0-4a3e-b804-7e3ff37522fe/mbed-os/BUILD/net/eth/TARGET_K64F/TOOLCHAIN_GCC_ARM/libeth.a(EthernetInterface.o)
 .text._ZL19netif_link_callbackP5netif
                0x0000000000003990       0x14 /media/adems/e7cdae34-f8e0-4a3e-b804-7e3ff37522fe/mbed-os/BUILD/net/eth/TARGET_K64F/TOOLCHAIN_GCC_ARM/libeth.a(EthernetInterface.o)
 .text._ZL15tcpip_init_donePv
                0x00000000000039a4        0xc /media/adems/e7cdae34-f8e0-4a3e-b804-7e3ff37522fe/mbed-os/BUILD/net/eth/TARGET_K64F/TOOLCHAIN_GCC_ARM/libeth.a(EthernetInterface.o)
 .text._ZL21netif_status_callbackP5netif
                0x00000000000039b0       0x58 /media/adems/e7cdae34-f8e0-4a3e-b804-7e3ff37522fe/mbed-os/BUILD/net/eth/TARGET_K64F/TOOLCHAIN_GCC_ARM/libeth.a(EthernetInterface.o)
 .text._ZN17EthernetInterface4initEv
                0x0000000000003a08       0x20 /media/adems/e7cdae34-f8e0-4a3e-b804-7e3ff37522fe/mbed-os/BUILD/net/eth/TARGET_K64F/TOOLCHAIN_GCC_ARM/libeth.a(EthernetInterface.o)
                0x0000000000003a08                EthernetInterface::init()
 .text._ZN17EthernetInterface7connectEj
                0x0000000000003a28       0x40 /media/adems/e7cdae34-f8e0-4a3e-b804-7e3ff37522fe/mbed-os/BUILD/net/eth/TARGET_K64F/TOOLCHAIN_GCC_ARM/libeth.a(EthernetInterface.o)
                0x0000000000003a28                EthernetInterface::connect(unsigned int)
 .text.startup._GLOBAL__sub_I__ZN17EthernetInterface4initEv
                0x0000000000003a68       0x5c /media/adems/e7cdae34-f8e0-4a3e-b804-7e3ff37522fe/mbed-os/BUILD/net/eth/TARGET_K64F/TOOLCHAIN_GCC_ARM/libeth.a(EthernetInterface.o)
 .text.update_read_buffer
                0x0000000000003ac4       0x44 /media/adems/e7cdae34-f8e0-4a3e-b804-7e3ff37522fe/mbed-os/BUILD/net/eth/TARGET_K64F/TOOLCHAIN_GCC_ARM/libeth.a(k64f_emac.o)
 .text.k64f_etharp_output
                0x0000000000003b08       0x12 /media/adems/e7cdae34-f8e0-4a3e-b804-7e3ff37522fe/mbed-os/BUILD/net/eth/TARGET_K64F/TOOLCHAIN_GCC_ARM/libeth.a(k64f_emac.o)
                0x0000000000003b08                k64f_etharp_output
 *fill*         0x0000000000003b1a        0x2 
 .text.k64f_phy_task
                0x0000000000003b1c       0x8c /media/adems/e7cdae34-f8e0-4a3e-b804-7e3ff37522fe/mbed-os/BUILD/net/eth/TARGET_K64F/TOOLCHAIN_GCC_ARM/libeth.a(k64f_emac.o)
 .text.packet_tx
                0x0000000000003ba8       0x68 /media/adems/e7cdae34-f8e0-4a3e-b804-7e3ff37522fe/mbed-os/BUILD/net/eth/TARGET_K64F/TOOLCHAIN_GCC_ARM/libeth.a(k64f_emac.o)
 .text.k64f_low_level_output
                0x0000000000003c10       0xb8 /media/adems/e7cdae34-f8e0-4a3e-b804-7e3ff37522fe/mbed-os/BUILD/net/eth/TARGET_K64F/TOOLCHAIN_GCC_ARM/libeth.a(k64f_emac.o)
 .text.enet_mac_rx_isr
                0x0000000000003cc8        0xc /media/adems/e7cdae34-f8e0-4a3e-b804-7e3ff37522fe/mbed-os/BUILD/net/eth/TARGET_K64F/TOOLCHAIN_GCC_ARM/libeth.a(k64f_emac.o)
                0x0000000000003cc8                enet_mac_rx_isr
 .text.enet_mac_tx_isr
                0x0000000000003cd4        0xc /media/adems/e7cdae34-f8e0-4a3e-b804-7e3ff37522fe/mbed-os/BUILD/net/eth/TARGET_K64F/TOOLCHAIN_GCC_ARM/libeth.a(k64f_emac.o)
                0x0000000000003cd4                enet_mac_tx_isr
 .text.ethernet_callback
                0x0000000000003ce0       0x10 /media/adems/e7cdae34-f8e0-4a3e-b804-7e3ff37522fe/mbed-os/BUILD/net/eth/TARGET_K64F/TOOLCHAIN_GCC_ARM/libeth.a(k64f_emac.o)
                0x0000000000003ce0                ethernet_callback
 .text.k64f_enetif_input
                0x0000000000003cf0       0x98 /media/adems/e7cdae34-f8e0-4a3e-b804-7e3ff37522fe/mbed-os/BUILD/net/eth/TARGET_K64F/TOOLCHAIN_GCC_ARM/libeth.a(k64f_emac.o)
                0x0000000000003cf0                k64f_enetif_input
 .text.packet_rx
                0x0000000000003d88       0x30 /media/adems/e7cdae34-f8e0-4a3e-b804-7e3ff37522fe/mbed-os/BUILD/net/eth/TARGET_K64F/TOOLCHAIN_GCC_ARM/libeth.a(k64f_emac.o)
 .text.eth_arch_enetif_init
                0x0000000000003db8      0x230 /media/adems/e7cdae34-f8e0-4a3e-b804-7e3ff37522fe/mbed-os/BUILD/net/eth/TARGET_K64F/TOOLCHAIN_GCC_ARM/libeth.a(k64f_emac.o)
                0x0000000000003db8                eth_arch_enetif_init
 .text.eth_arch_enable_interrupts
                0x0000000000003fe8        0x2 /media/adems/e7cdae34-f8e0-4a3e-b804-7e3ff37522fe/mbed-os/BUILD/net/eth/TARGET_K64F/TOOLCHAIN_GCC_ARM/libeth.a(k64f_emac.o)
                0x0000000000003fe8                eth_arch_enable_interrupts
 .text._ZN8Endpoint13reset_addressEv
                0x0000000000003fea       0x14 /media/adems/e7cdae34-f8e0-4a3e-b804-7e3ff37522fe/mbed-os/BUILD/net/eth/TARGET_K64F/TOOLCHAIN_GCC_ARM/libeth.a(Endpoint.o)
                0x0000000000003fea                Endpoint::reset_address()
 .text._ZN8EndpointC2Ev
                0x0000000000003ffe        0xc /media/adems/e7cdae34-f8e0-4a3e-b804-7e3ff37522fe/mbed-os/BUILD/net/eth/TARGET_K64F/TOOLCHAIN_GCC_ARM/libeth.a(Endpoint.o)
                0x0000000000003ffe                Endpoint::Endpoint()
                0x0000000000003ffe                Endpoint::Endpoint()
 .text._ZN8Endpoint11get_addressEv
                0x000000000000400a       0x1a /media/adems/e7cdae34-f8e0-4a3e-b804-7e3ff37522fe/mbed-os/BUILD/net/eth/TARGET_K64F/TOOLCHAIN_GCC_ARM/libeth.a(Endpoint.o)
                0x000000000000400a                Endpoint::get_address()
 .text.thumb2_memcpy
                0x0000000000004024       0x3c /media/adems/e7cdae34-f8e0-4a3e-b804-7e3ff37522fe/mbed-os/BUILD/net/eth/TARGET_K64F/TOOLCHAIN_GCC_ARM/libeth.a(memcpy.o)
                0x0000000000004024                thumb2_memcpy
 .text._ZN9UDPSocketC2Ev
                0x0000000000004060        0xc /media/adems/e7cdae34-f8e0-4a3e-b804-7e3ff37522fe/mbed-os/BUILD/net/eth/TARGET_K64F/TOOLCHAIN_GCC_ARM/libeth.a(UDPSocket.o)
                0x0000000000004060                UDPSocket::UDPSocket()
                0x0000000000004060                UDPSocket::UDPSocket()
 .text._ZN9UDPSocket4bindEi
                0x000000000000406c       0x4e /media/adems/e7cdae34-f8e0-4a3e-b804-7e3ff37522fe/mbed-os/BUILD/net/eth/TARGET_K64F/TOOLCHAIN_GCC_ARM/libeth.a(UDPSocket.o)
                0x000000000000406c                UDPSocket::bind(int)
 .text._ZN9UDPSocket16set_broadcastingEb
                0x00000000000040ba       0x1c /media/adems/e7cdae34-f8e0-4a3e-b804-7e3ff37522fe/mbed-os/BUILD/net/eth/TARGET_K64F/TOOLCHAIN_GCC_ARM/libeth.a(UDPSocket.o)
                0x00000000000040ba                UDPSocket::set_broadcasting(bool)
 .text._ZN9UDPSocket11receiveFromER8EndpointPci
                0x00000000000040d6       0x58 /media/adems/e7cdae34-f8e0-4a3e-b804-7e3ff37522fe/mbed-os/BUILD/net/eth/TARGET_K64F/TOOLCHAIN_GCC_ARM/libeth.a(UDPSocket.o)
                0x00000000000040d6                UDPSocket::receiveFrom(Endpoint&, char*, int)
 *fill*         0x000000000000412e        0x2 
 .text.sys_mbox_new
                0x0000000000004130       0x3c /media/adems/e7cdae34-f8e0-4a3e-b804-7e3ff37522fe/mbed-os/BUILD/net/eth/TARGET_K64F/TOOLCHAIN_GCC_ARM/libeth.a(sys_arch.o)
                0x0000000000004130                sys_mbox_new
 .text.sys_mbox_free
                0x000000000000416c       0x2c /media/adems/e7cdae34-f8e0-4a3e-b804-7e3ff37522fe/mbed-os/BUILD/net/eth/TARGET_K64F/TOOLCHAIN_GCC_ARM/libeth.a(sys_arch.o)
                0x000000000000416c                sys_mbox_free
 .text.sys_mbox_post
                0x0000000000004198       0x20 /media/adems/e7cdae34-f8e0-4a3e-b804-7e3ff37522fe/mbed-os/BUILD/net/eth/TARGET_K64F/TOOLCHAIN_GCC_ARM/libeth.a(sys_arch.o)
                0x0000000000004198                sys_mbox_post
 .text.sys_mbox_trypost
                0x00000000000041b8       0x14 /media/adems/e7cdae34-f8e0-4a3e-b804-7e3ff37522fe/mbed-os/BUILD/net/eth/TARGET_K64F/TOOLCHAIN_GCC_ARM/libeth.a(sys_arch.o)
                0x00000000000041b8                sys_mbox_trypost
 .text.sys_arch_mbox_fetch
                0x00000000000041cc       0x44 /media/adems/e7cdae34-f8e0-4a3e-b804-7e3ff37522fe/mbed-os/BUILD/net/eth/TARGET_K64F/TOOLCHAIN_GCC_ARM/libeth.a(sys_arch.o)
                0x00000000000041cc                sys_arch_mbox_fetch
 .text.sys_arch_mbox_tryfetch
                0x0000000000004210       0x24 /media/adems/e7cdae34-f8e0-4a3e-b804-7e3ff37522fe/mbed-os/BUILD/net/eth/TARGET_K64F/TOOLCHAIN_GCC_ARM/libeth.a(sys_arch.o)
                0x0000000000004210                sys_arch_mbox_tryfetch
 .text.sys_sem_new
                0x0000000000004234       0x34 /media/adems/e7cdae34-f8e0-4a3e-b804-7e3ff37522fe/mbed-os/BUILD/net/eth/TARGET_K64F/TOOLCHAIN_GCC_ARM/libeth.a(sys_arch.o)
                0x0000000000004234                sys_sem_new
 .text.sys_arch_sem_wait
                0x0000000000004268       0x36 /media/adems/e7cdae34-f8e0-4a3e-b804-7e3ff37522fe/mbed-os/BUILD/net/eth/TARGET_K64F/TOOLCHAIN_GCC_ARM/libeth.a(sys_arch.o)
                0x0000000000004268                sys_arch_sem_wait
 .text.sys_sem_signal
                0x000000000000429e       0x14 /media/adems/e7cdae34-f8e0-4a3e-b804-7e3ff37522fe/mbed-os/BUILD/net/eth/TARGET_K64F/TOOLCHAIN_GCC_ARM/libeth.a(sys_arch.o)
                0x000000000000429e                sys_sem_signal
 .text.sys_sem_free
                0x00000000000042b2        0x2 /media/adems/e7cdae34-f8e0-4a3e-b804-7e3ff37522fe/mbed-os/BUILD/net/eth/TARGET_K64F/TOOLCHAIN_GCC_ARM/libeth.a(sys_arch.o)
                0x00000000000042b2                sys_sem_free
 .text.sys_mutex_new
                0x00000000000042b4       0x28 /media/adems/e7cdae34-f8e0-4a3e-b804-7e3ff37522fe/mbed-os/BUILD/net/eth/TARGET_K64F/TOOLCHAIN_GCC_ARM/libeth.a(sys_arch.o)
                0x00000000000042b4                sys_mutex_new
 .text.sys_mutex_lock
                0x00000000000042dc       0x20 /media/adems/e7cdae34-f8e0-4a3e-b804-7e3ff37522fe/mbed-os/BUILD/net/eth/TARGET_K64F/TOOLCHAIN_GCC_ARM/libeth.a(sys_arch.o)
                0x00000000000042dc                sys_mutex_lock
 .text.sys_mutex_unlock
                0x00000000000042fc       0x1c /media/adems/e7cdae34-f8e0-4a3e-b804-7e3ff37522fe/mbed-os/BUILD/net/eth/TARGET_K64F/TOOLCHAIN_GCC_ARM/libeth.a(sys_arch.o)
                0x00000000000042fc                sys_mutex_unlock
 .text.sys_init
                0x0000000000004318       0x2c /media/adems/e7cdae34-f8e0-4a3e-b804-7e3ff37522fe/mbed-os/BUILD/net/eth/TARGET_K64F/TOOLCHAIN_GCC_ARM/libeth.a(sys_arch.o)
                0x0000000000004318                sys_init
 .text.sys_arch_protect
                0x0000000000004344       0x24 /media/adems/e7cdae34-f8e0-4a3e-b804-7e3ff37522fe/mbed-os/BUILD/net/eth/TARGET_K64F/TOOLCHAIN_GCC_ARM/libeth.a(sys_arch.o)
                0x0000000000004344                sys_arch_protect
 .text.sys_arch_unprotect
                0x0000000000004368       0x20 /media/adems/e7cdae34-f8e0-4a3e-b804-7e3ff37522fe/mbed-os/BUILD/net/eth/TARGET_K64F/TOOLCHAIN_GCC_ARM/libeth.a(sys_arch.o)
                0x0000000000004368                sys_arch_unprotect
 .text.sys_thread_new
                0x0000000000004388       0x7c /media/adems/e7cdae34-f8e0-4a3e-b804-7e3ff37522fe/mbed-os/BUILD/net/eth/TARGET_K64F/TOOLCHAIN_GCC_ARM/libeth.a(sys_arch.o)
                0x0000000000004388                sys_thread_new
 .text.tcpip_thread
                0x0000000000004404       0x80 /media/adems/e7cdae34-f8e0-4a3e-b804-7e3ff37522fe/mbed-os/BUILD/net/eth/TARGET_K64F/TOOLCHAIN_GCC_ARM/libeth.a(tcpip.o)
 .text.tcpip_input
                0x0000000000004484       0x40 /media/adems/e7cdae34-f8e0-4a3e-b804-7e3ff37522fe/mbed-os/BUILD/net/eth/TARGET_K64F/TOOLCHAIN_GCC_ARM/libeth.a(tcpip.o)
                0x0000000000004484                tcpip_input
 .text.tcpip_callback_with_block
                0x00000000000044c4       0x54 /media/adems/e7cdae34-f8e0-4a3e-b804-7e3ff37522fe/mbed-os/BUILD/net/eth/TARGET_K64F/TOOLCHAIN_GCC_ARM/libeth.a(tcpip.o)
                0x00000000000044c4                tcpip_callback_with_block
 .text.tcpip_apimsg
                0x0000000000004518       0x34 /media/adems/e7cdae34-f8e0-4a3e-b804-7e3ff37522fe/mbed-os/BUILD/net/eth/TARGET_K64F/TOOLCHAIN_GCC_ARM/libeth.a(tcpip.o)
                0x0000000000004518                tcpip_apimsg
 .text.tcpip_init
                0x000000000000454c       0x44 /media/adems/e7cdae34-f8e0-4a3e-b804-7e3ff37522fe/mbed-os/BUILD/net/eth/TARGET_K64F/TOOLCHAIN_GCC_ARM/libeth.a(tcpip.o)
                0x000000000000454c                tcpip_init
 .text.lwip_init
                0x0000000000004590       0x26 /media/adems/e7cdae34-f8e0-4a3e-b804-7e3ff37522fe/mbed-os/BUILD/net/eth/TARGET_K64F/TOOLCHAIN_GCC_ARM/libeth.a(init.o)
                0x0000000000004590                lwip_init
 .text.dns_parse_name
                0x00000000000045b6       0x1c /media/adems/e7cdae34-f8e0-4a3e-b804-7e3ff37522fe/mbed-os/BUILD/net/eth/TARGET_K64F/TOOLCHAIN_GCC_ARM/libeth.a(dns.o)
 *fill*         0x00000000000045d2        0x2 
 .text.dns_recv
                0x00000000000045d4      0x178 /media/adems/e7cdae34-f8e0-4a3e-b804-7e3ff37522fe/mbed-os/BUILD/net/eth/TARGET_K64F/TOOLCHAIN_GCC_ARM/libeth.a(dns.o)
 .text.dns_send
                0x000000000000474c       0xc8 /media/adems/e7cdae34-f8e0-4a3e-b804-7e3ff37522fe/mbed-os/BUILD/net/eth/TARGET_K64F/TOOLCHAIN_GCC_ARM/libeth.a(dns.o)
 .text.dns_check_entry
                0x0000000000004814       0xb8 /media/adems/e7cdae34-f8e0-4a3e-b804-7e3ff37522fe/mbed-os/BUILD/net/eth/TARGET_K64F/TOOLCHAIN_GCC_ARM/libeth.a(dns.o)
 .text.dns_setserver
                0x00000000000048cc       0x20 /media/adems/e7cdae34-f8e0-4a3e-b804-7e3ff37522fe/mbed-os/BUILD/net/eth/TARGET_K64F/TOOLCHAIN_GCC_ARM/libeth.a(dns.o)
                0x00000000000048cc                dns_setserver
 .text.dns_init
                0x00000000000048ec       0x58 /media/adems/e7cdae34-f8e0-4a3e-b804-7e3ff37522fe/mbed-os/BUILD/net/eth/TARGET_K64F/TOOLCHAIN_GCC_ARM/libeth.a(dns.o)
                0x00000000000048ec                dns_init
 .text.dns_tmr  0x0000000000004944       0x2c /media/adems/e7cdae34-f8e0-4a3e-b804-7e3ff37522fe/mbed-os/BUILD/net/eth/TARGET_K64F/TOOLCHAIN_GCC_ARM/libeth.a(dns.o)
                0x0000000000004944                dns_tmr
 .text.get_socket
                0x0000000000004970       0x20 /media/adems/e7cdae34-f8e0-4a3e-b804-7e3ff37522fe/mbed-os/BUILD/net/eth/TARGET_K64F/TOOLCHAIN_GCC_ARM/libeth.a(sockets.o)
 .text.alloc_socket
                0x0000000000004990       0x70 /media/adems/e7cdae34-f8e0-4a3e-b804-7e3ff37522fe/mbed-os/BUILD/net/eth/TARGET_K64F/TOOLCHAIN_GCC_ARM/libeth.a(sockets.o)
 .text.event_callback
                0x0000000000004a00      0x114 /media/adems/e7cdae34-f8e0-4a3e-b804-7e3ff37522fe/mbed-os/BUILD/net/eth/TARGET_K64F/TOOLCHAIN_GCC_ARM/libeth.a(sockets.o)
 .text.lwip_setsockopt_internal
                0x0000000000004b14      0x15a /media/adems/e7cdae34-f8e0-4a3e-b804-7e3ff37522fe/mbed-os/BUILD/net/eth/TARGET_K64F/TOOLCHAIN_GCC_ARM/libeth.a(sockets.o)
 *fill*         0x0000000000004c6e        0x2 
 .text.lwip_selscan
                0x0000000000004c70      0x160 /media/adems/e7cdae34-f8e0-4a3e-b804-7e3ff37522fe/mbed-os/BUILD/net/eth/TARGET_K64F/TOOLCHAIN_GCC_ARM/libeth.a(sockets.o)
 .text.lwip_socket_init
                0x0000000000004dd0        0x2 /media/adems/e7cdae34-f8e0-4a3e-b804-7e3ff37522fe/mbed-os/BUILD/net/eth/TARGET_K64F/TOOLCHAIN_GCC_ARM/libeth.a(sockets.o)
                0x0000000000004dd0                lwip_socket_init
 *fill*         0x0000000000004dd2        0x2 
 .text.lwip_bind
                0x0000000000004dd4       0x58 /media/adems/e7cdae34-f8e0-4a3e-b804-7e3ff37522fe/mbed-os/BUILD/net/eth/TARGET_K64F/TOOLCHAIN_GCC_ARM/libeth.a(sockets.o)
                0x0000000000004dd4                lwip_bind
 .text.lwip_close
                0x0000000000004e2c       0x52 /media/adems/e7cdae34-f8e0-4a3e-b804-7e3ff37522fe/mbed-os/BUILD/net/eth/TARGET_K64F/TOOLCHAIN_GCC_ARM/libeth.a(sockets.o)
                0x0000000000004e2c                lwip_close
 *fill*         0x0000000000004e7e        0x2 
 .text.lwip_recvfrom
                0x0000000000004e80      0x1cc /media/adems/e7cdae34-f8e0-4a3e-b804-7e3ff37522fe/mbed-os/BUILD/net/eth/TARGET_K64F/TOOLCHAIN_GCC_ARM/libeth.a(sockets.o)
                0x0000000000004e80                lwip_recvfrom
 .text.lwip_socket
                0x000000000000504c       0x70 /media/adems/e7cdae34-f8e0-4a3e-b804-7e3ff37522fe/mbed-os/BUILD/net/eth/TARGET_K64F/TOOLCHAIN_GCC_ARM/libeth.a(sockets.o)
                0x000000000000504c                lwip_socket
 .text.lwip_select
                0x00000000000050bc      0x240 /media/adems/e7cdae34-f8e0-4a3e-b804-7e3ff37522fe/mbed-os/BUILD/net/eth/TARGET_K64F/TOOLCHAIN_GCC_ARM/libeth.a(sockets.o)
                0x00000000000050bc                lwip_select
 .text.lwip_shutdown
                0x00000000000052fc       0x68 /media/adems/e7cdae34-f8e0-4a3e-b804-7e3ff37522fe/mbed-os/BUILD/net/eth/TARGET_K64F/TOOLCHAIN_GCC_ARM/libeth.a(sockets.o)
                0x00000000000052fc                lwip_shutdown
 .text.lwip_setsockopt
                0x0000000000005364      0x11c /media/adems/e7cdae34-f8e0-4a3e-b804-7e3ff37522fe/mbed-os/BUILD/net/eth/TARGET_K64F/TOOLCHAIN_GCC_ARM/libeth.a(sockets.o)
                0x0000000000005364                lwip_setsockopt
 .text.dhcp_set_state
                0x0000000000005480       0x10 /media/adems/e7cdae34-f8e0-4a3e-b804-7e3ff37522fe/mbed-os/BUILD/net/eth/TARGET_K64F/TOOLCHAIN_GCC_ARM/libeth.a(dhcp.o)
 .text.dhcp_option
                0x0000000000005490       0x20 /media/adems/e7cdae34-f8e0-4a3e-b804-7e3ff37522fe/mbed-os/BUILD/net/eth/TARGET_K64F/TOOLCHAIN_GCC_ARM/libeth.a(dhcp.o)
 .text.dhcp_option_byte
                0x00000000000054b0       0x12 /media/adems/e7cdae34-f8e0-4a3e-b804-7e3ff37522fe/mbed-os/BUILD/net/eth/TARGET_K64F/TOOLCHAIN_GCC_ARM/libeth.a(dhcp.o)
 .text.dhcp_option_short
                0x00000000000054c2       0x22 /media/adems/e7cdae34-f8e0-4a3e-b804-7e3ff37522fe/mbed-os/BUILD/net/eth/TARGET_K64F/TOOLCHAIN_GCC_ARM/libeth.a(dhcp.o)
 .text.dhcp_option_long
                0x00000000000054e4       0x46 /media/adems/e7cdae34-f8e0-4a3e-b804-7e3ff37522fe/mbed-os/BUILD/net/eth/TARGET_K64F/TOOLCHAIN_GCC_ARM/libeth.a(dhcp.o)
 *fill*         0x000000000000552a        0x2 
 .text.dhcp_create_msg
                0x000000000000552c      0x140 /media/adems/e7cdae34-f8e0-4a3e-b804-7e3ff37522fe/mbed-os/BUILD/net/eth/TARGET_K64F/TOOLCHAIN_GCC_ARM/libeth.a(dhcp.o)
 .text.dhcp_delete_msg
                0x000000000000566c       0x16 /media/adems/e7cdae34-f8e0-4a3e-b804-7e3ff37522fe/mbed-os/BUILD/net/eth/TARGET_K64F/TOOLCHAIN_GCC_ARM/libeth.a(dhcp.o)
 .text.dhcp_check
                0x0000000000005682       0x26 /media/adems/e7cdae34-f8e0-4a3e-b804-7e3ff37522fe/mbed-os/BUILD/net/eth/TARGET_K64F/TOOLCHAIN_GCC_ARM/libeth.a(dhcp.o)
 .text.dhcp_bind
                0x00000000000056a8       0xaa /media/adems/e7cdae34-f8e0-4a3e-b804-7e3ff37522fe/mbed-os/BUILD/net/eth/TARGET_K64F/TOOLCHAIN_GCC_ARM/libeth.a(dhcp.o)
 .text.dhcp_option_trailer
                0x0000000000005752       0x2a /media/adems/e7cdae34-f8e0-4a3e-b804-7e3ff37522fe/mbed-os/BUILD/net/eth/TARGET_K64F/TOOLCHAIN_GCC_ARM/libeth.a(dhcp.o)
 .text.dhcp_rebind
                0x000000000000577c       0xb8 /media/adems/e7cdae34-f8e0-4a3e-b804-7e3ff37522fe/mbed-os/BUILD/net/eth/TARGET_K64F/TOOLCHAIN_GCC_ARM/libeth.a(dhcp.o)
 .text.dhcp_select
                0x0000000000005834      0x108 /media/adems/e7cdae34-f8e0-4a3e-b804-7e3ff37522fe/mbed-os/BUILD/net/eth/TARGET_K64F/TOOLCHAIN_GCC_ARM/libeth.a(dhcp.o)
 .text.dhcp_reboot
                0x000000000000593c       0xa0 /media/adems/e7cdae34-f8e0-4a3e-b804-7e3ff37522fe/mbed-os/BUILD/net/eth/TARGET_K64F/TOOLCHAIN_GCC_ARM/libeth.a(dhcp.o)
 .text.dhcp_discover
                0x00000000000059dc       0xb4 /media/adems/e7cdae34-f8e0-4a3e-b804-7e3ff37522fe/mbed-os/BUILD/net/eth/TARGET_K64F/TOOLCHAIN_GCC_ARM/libeth.a(dhcp.o)
 .text.dhcp_recv
                0x0000000000005a90      0x3c0 /media/adems/e7cdae34-f8e0-4a3e-b804-7e3ff37522fe/mbed-os/BUILD/net/eth/TARGET_K64F/TOOLCHAIN_GCC_ARM/libeth.a(dhcp.o)
 .text.dhcp_network_changed
                0x0000000000005e50       0x3e /media/adems/e7cdae34-f8e0-4a3e-b804-7e3ff37522fe/mbed-os/BUILD/net/eth/TARGET_K64F/TOOLCHAIN_GCC_ARM/libeth.a(dhcp.o)
                0x0000000000005e50                dhcp_network_changed
 *fill*         0x0000000000005e8e        0x2 
 .text.dhcp_arp_reply
                0x0000000000005e90       0x7c /media/adems/e7cdae34-f8e0-4a3e-b804-7e3ff37522fe/mbed-os/BUILD/net/eth/TARGET_K64F/TOOLCHAIN_GCC_ARM/libeth.a(dhcp.o)
                0x0000000000005e90                dhcp_arp_reply
 .text.dhcp_renew
                0x0000000000005f0c       0xb4 /media/adems/e7cdae34-f8e0-4a3e-b804-7e3ff37522fe/mbed-os/BUILD/net/eth/TARGET_K64F/TOOLCHAIN_GCC_ARM/libeth.a(dhcp.o)
                0x0000000000005f0c                dhcp_renew
 .text.dhcp_coarse_tmr
                0x0000000000005fc0       0x54 /media/adems/e7cdae34-f8e0-4a3e-b804-7e3ff37522fe/mbed-os/BUILD/net/eth/TARGET_K64F/TOOLCHAIN_GCC_ARM/libeth.a(dhcp.o)
                0x0000000000005fc0                dhcp_coarse_tmr
 .text.dhcp_release
                0x0000000000006014       0xa8 /media/adems/e7cdae34-f8e0-4a3e-b804-7e3ff37522fe/mbed-os/BUILD/net/eth/TARGET_K64F/TOOLCHAIN_GCC_ARM/libeth.a(dhcp.o)
                0x0000000000006014                dhcp_release
 .text.dhcp_fine_tmr
                0x00000000000060bc       0x9c /media/adems/e7cdae34-f8e0-4a3e-b804-7e3ff37522fe/mbed-os/BUILD/net/eth/TARGET_K64F/TOOLCHAIN_GCC_ARM/libeth.a(dhcp.o)
                0x00000000000060bc                dhcp_fine_tmr
 .text.dhcp_stop
                0x0000000000006158       0x2e /media/adems/e7cdae34-f8e0-4a3e-b804-7e3ff37522fe/mbed-os/BUILD/net/eth/TARGET_K64F/TOOLCHAIN_GCC_ARM/libeth.a(dhcp.o)
                0x0000000000006158                dhcp_stop
 *fill*         0x0000000000006186        0x2 
 .text.dhcp_start
                0x0000000000006188       0xa0 /media/adems/e7cdae34-f8e0-4a3e-b804-7e3ff37522fe/mbed-os/BUILD/net/eth/TARGET_K64F/TOOLCHAIN_GCC_ARM/libeth.a(dhcp.o)
                0x0000000000006188                dhcp_start
 .text.igmp_send
                0x0000000000006228       0xa4 /media/adems/e7cdae34-f8e0-4a3e-b804-7e3ff37522fe/mbed-os/BUILD/net/eth/TARGET_K64F/TOOLCHAIN_GCC_ARM/libeth.a(igmp.o)
 .text.igmp_lookup_group.part.1
                0x00000000000062cc       0x34 /media/adems/e7cdae34-f8e0-4a3e-b804-7e3ff37522fe/mbed-os/BUILD/net/eth/TARGET_K64F/TOOLCHAIN_GCC_ARM/libeth.a(igmp.o)
 .text.igmp_delaying_member
                0x0000000000006300       0x36 /media/adems/e7cdae34-f8e0-4a3e-b804-7e3ff37522fe/mbed-os/BUILD/net/eth/TARGET_K64F/TOOLCHAIN_GCC_ARM/libeth.a(igmp.o)
 *fill*         0x0000000000006336        0x2 
 .text.igmp_init
                0x0000000000006338       0x1c /media/adems/e7cdae34-f8e0-4a3e-b804-7e3ff37522fe/mbed-os/BUILD/net/eth/TARGET_K64F/TOOLCHAIN_GCC_ARM/libeth.a(igmp.o)
                0x0000000000006338                igmp_init
 .text.igmp_report_groups
                0x0000000000006354       0x24 /media/adems/e7cdae34-f8e0-4a3e-b804-7e3ff37522fe/mbed-os/BUILD/net/eth/TARGET_K64F/TOOLCHAIN_GCC_ARM/libeth.a(igmp.o)
                0x0000000000006354                igmp_report_groups
 .text.igmp_lookfor_group
                0x0000000000006378       0x20 /media/adems/e7cdae34-f8e0-4a3e-b804-7e3ff37522fe/mbed-os/BUILD/net/eth/TARGET_K64F/TOOLCHAIN_GCC_ARM/libeth.a(igmp.o)
                0x0000000000006378                igmp_lookfor_group
 .text.igmp_start
                0x0000000000006398       0x40 /media/adems/e7cdae34-f8e0-4a3e-b804-7e3ff37522fe/mbed-os/BUILD/net/eth/TARGET_K64F/TOOLCHAIN_GCC_ARM/libeth.a(igmp.o)
                0x0000000000006398                igmp_start
 .text.igmp_input
                0x00000000000063d8       0xd0 /media/adems/e7cdae34-f8e0-4a3e-b804-7e3ff37522fe/mbed-os/BUILD/net/eth/TARGET_K64F/TOOLCHAIN_GCC_ARM/libeth.a(igmp.o)
                0x00000000000063d8                igmp_input
 .text.igmp_joingroup
                0x00000000000064a8       0xac /media/adems/e7cdae34-f8e0-4a3e-b804-7e3ff37522fe/mbed-os/BUILD/net/eth/TARGET_K64F/TOOLCHAIN_GCC_ARM/libeth.a(igmp.o)
                0x00000000000064a8                igmp_joingroup
 .text.igmp_leavegroup
                0x0000000000006554       0xb0 /media/adems/e7cdae34-f8e0-4a3e-b804-7e3ff37522fe/mbed-os/BUILD/net/eth/TARGET_K64F/TOOLCHAIN_GCC_ARM/libeth.a(igmp.o)
                0x0000000000006554                igmp_leavegroup
 .text.igmp_tmr
                0x0000000000006604       0x2c /media/adems/e7cdae34-f8e0-4a3e-b804-7e3ff37522fe/mbed-os/BUILD/net/eth/TARGET_K64F/TOOLCHAIN_GCC_ARM/libeth.a(igmp.o)
                0x0000000000006604                igmp_tmr
 .text.inet_chksum_pseudo
                0x0000000000006630       0x70 /media/adems/e7cdae34-f8e0-4a3e-b804-7e3ff37522fe/mbed-os/BUILD/net/eth/TARGET_K64F/TOOLCHAIN_GCC_ARM/libeth.a(inet_chksum.o)
                0x0000000000006630                inet_chksum_pseudo
 .text.inet_chksum_pseudo_partial
                0x00000000000066a0       0xa0 /media/adems/e7cdae34-f8e0-4a3e-b804-7e3ff37522fe/mbed-os/BUILD/net/eth/TARGET_K64F/TOOLCHAIN_GCC_ARM/libeth.a(inet_chksum.o)
                0x00000000000066a0                inet_chksum_pseudo_partial
 .text.inet_chksum
                0x0000000000006740        0xc /media/adems/e7cdae34-f8e0-4a3e-b804-7e3ff37522fe/mbed-os/BUILD/net/eth/TARGET_K64F/TOOLCHAIN_GCC_ARM/libeth.a(inet_chksum.o)
                0x0000000000006740                inet_chksum
 .text.inet_chksum_pbuf
                0x000000000000674c       0x36 /media/adems/e7cdae34-f8e0-4a3e-b804-7e3ff37522fe/mbed-os/BUILD/net/eth/TARGET_K64F/TOOLCHAIN_GCC_ARM/libeth.a(inet_chksum.o)
                0x000000000000674c                inet_chksum_pbuf
 .text.lwip_chksum_copy
                0x0000000000006782       0x16 /media/adems/e7cdae34-f8e0-4a3e-b804-7e3ff37522fe/mbed-os/BUILD/net/eth/TARGET_K64F/TOOLCHAIN_GCC_ARM/libeth.a(inet_chksum.o)
                0x0000000000006782                lwip_chksum_copy
 .text.ip4_addr_isbroadcast
                0x0000000000006798       0x3a /media/adems/e7cdae34-f8e0-4a3e-b804-7e3ff37522fe/mbed-os/BUILD/net/eth/TARGET_K64F/TOOLCHAIN_GCC_ARM/libeth.a(ip_addr.o)
                0x0000000000006798                ip4_addr_isbroadcast
 .text.ipaddr_aton
                0x00000000000067d2       0xf8 /media/adems/e7cdae34-f8e0-4a3e-b804-7e3ff37522fe/mbed-os/BUILD/net/eth/TARGET_K64F/TOOLCHAIN_GCC_ARM/libeth.a(ip_addr.o)
                0x00000000000067d2                ipaddr_aton
 .text.ipaddr_addr
                0x00000000000068ca       0x18 /media/adems/e7cdae34-f8e0-4a3e-b804-7e3ff37522fe/mbed-os/BUILD/net/eth/TARGET_K64F/TOOLCHAIN_GCC_ARM/libeth.a(ip_addr.o)
                0x00000000000068ca                ipaddr_addr
 .text.ipaddr_ntoa_r
                0x00000000000068e2       0x96 /media/adems/e7cdae34-f8e0-4a3e-b804-7e3ff37522fe/mbed-os/BUILD/net/eth/TARGET_K64F/TOOLCHAIN_GCC_ARM/libeth.a(ip_addr.o)
                0x00000000000068e2                ipaddr_ntoa_r
 .text.ipaddr_ntoa
                0x0000000000006978        0xc /media/adems/e7cdae34-f8e0-4a3e-b804-7e3ff37522fe/mbed-os/BUILD/net/eth/TARGET_K64F/TOOLCHAIN_GCC_ARM/libeth.a(ip_addr.o)
                0x0000000000006978                ipaddr_ntoa
 .text.ip_route
                0x0000000000006984       0x3c /media/adems/e7cdae34-f8e0-4a3e-b804-7e3ff37522fe/mbed-os/BUILD/net/eth/TARGET_K64F/TOOLCHAIN_GCC_ARM/libeth.a(ip.o)
                0x0000000000006984                ip_route
 .text.ip_input
                0x00000000000069c0      0x1bc /media/adems/e7cdae34-f8e0-4a3e-b804-7e3ff37522fe/mbed-os/BUILD/net/eth/TARGET_K64F/TOOLCHAIN_GCC_ARM/libeth.a(ip.o)
                0x00000000000069c0                ip_input
 .text.ip_output_if_opt
                0x0000000000006b7c      0x154 /media/adems/e7cdae34-f8e0-4a3e-b804-7e3ff37522fe/mbed-os/BUILD/net/eth/TARGET_K64F/TOOLCHAIN_GCC_ARM/libeth.a(ip.o)
                0x0000000000006b7c                ip_output_if_opt
 .text.ip_output_if
                0x0000000000006cd0       0x22 /media/adems/e7cdae34-f8e0-4a3e-b804-7e3ff37522fe/mbed-os/BUILD/net/eth/TARGET_K64F/TOOLCHAIN_GCC_ARM/libeth.a(ip.o)
                0x0000000000006cd0                ip_output_if
 .text.ip_output
                0x0000000000006cf2       0x38 /media/adems/e7cdae34-f8e0-4a3e-b804-7e3ff37522fe/mbed-os/BUILD/net/eth/TARGET_K64F/TOOLCHAIN_GCC_ARM/libeth.a(ip.o)
                0x0000000000006cf2                ip_output
 *fill*         0x0000000000006d2a        0x2 
 .text.mem_init
                0x0000000000006d2c       0x44 /media/adems/e7cdae34-f8e0-4a3e-b804-7e3ff37522fe/mbed-os/BUILD/net/eth/TARGET_K64F/TOOLCHAIN_GCC_ARM/libeth.a(mem.o)
                0x0000000000006d2c                mem_init
 .text.mem_free
                0x0000000000006d70       0xb4 /media/adems/e7cdae34-f8e0-4a3e-b804-7e3ff37522fe/mbed-os/BUILD/net/eth/TARGET_K64F/TOOLCHAIN_GCC_ARM/libeth.a(mem.o)
                0x0000000000006d70                mem_free
 .text.mem_trim
                0x0000000000006e24       0xe4 /media/adems/e7cdae34-f8e0-4a3e-b804-7e3ff37522fe/mbed-os/BUILD/net/eth/TARGET_K64F/TOOLCHAIN_GCC_ARM/libeth.a(mem.o)
                0x0000000000006e24                mem_trim
 .text.mem_malloc
                0x0000000000006f08       0xd8 /media/adems/e7cdae34-f8e0-4a3e-b804-7e3ff37522fe/mbed-os/BUILD/net/eth/TARGET_K64F/TOOLCHAIN_GCC_ARM/libeth.a(mem.o)
                0x0000000000006f08                mem_malloc
 .text.ipfrag_free_pbuf_custom
                0x0000000000006fe0       0x18 /media/adems/e7cdae34-f8e0-4a3e-b804-7e3ff37522fe/mbed-os/BUILD/net/eth/TARGET_K64F/TOOLCHAIN_GCC_ARM/libeth.a(ip_frag.o)
 .text.ip_reass_free_complete_datagram
                0x0000000000006ff8       0x88 /media/adems/e7cdae34-f8e0-4a3e-b804-7e3ff37522fe/mbed-os/BUILD/net/eth/TARGET_K64F/TOOLCHAIN_GCC_ARM/libeth.a(ip_frag.o)
 .text.ip_reass_remove_oldest_datagram
                0x0000000000007080       0x6c /media/adems/e7cdae34-f8e0-4a3e-b804-7e3ff37522fe/mbed-os/BUILD/net/eth/TARGET_K64F/TOOLCHAIN_GCC_ARM/libeth.a(ip_frag.o)
 .text.ip_reass_tmr
                0x00000000000070ec       0x28 /media/adems/e7cdae34-f8e0-4a3e-b804-7e3ff37522fe/mbed-os/BUILD/net/eth/TARGET_K64F/TOOLCHAIN_GCC_ARM/libeth.a(ip_frag.o)
                0x00000000000070ec                ip_reass_tmr
 .text.ip_reass
                0x0000000000007114      0x298 /media/adems/e7cdae34-f8e0-4a3e-b804-7e3ff37522fe/mbed-os/BUILD/net/eth/TARGET_K64F/TOOLCHAIN_GCC_ARM/libeth.a(ip_frag.o)
                0x0000000000007114                ip_reass
 .text.ip_frag  0x00000000000073ac      0x16c /media/adems/e7cdae34-f8e0-4a3e-b804-7e3ff37522fe/mbed-os/BUILD/net/eth/TARGET_K64F/TOOLCHAIN_GCC_ARM/libeth.a(ip_frag.o)
                0x00000000000073ac                ip_frag
 .text.memp_init
                0x0000000000007518       0x48 /media/adems/e7cdae34-f8e0-4a3e-b804-7e3ff37522fe/mbed-os/BUILD/net/eth/TARGET_K64F/TOOLCHAIN_GCC_ARM/libeth.a(memp.o)
                0x0000000000007518                memp_init
 .text.memp_malloc
                0x0000000000007560       0x2c /media/adems/e7cdae34-f8e0-4a3e-b804-7e3ff37522fe/mbed-os/BUILD/net/eth/TARGET_K64F/TOOLCHAIN_GCC_ARM/libeth.a(memp.o)
                0x0000000000007560                memp_malloc
 .text.memp_free
                0x000000000000758c       0x28 /media/adems/e7cdae34-f8e0-4a3e-b804-7e3ff37522fe/mbed-os/BUILD/net/eth/TARGET_K64F/TOOLCHAIN_GCC_ARM/libeth.a(memp.o)
                0x000000000000758c                memp_free
 .text.netif_init
                0x00000000000075b4        0x2 /media/adems/e7cdae34-f8e0-4a3e-b804-7e3ff37522fe/mbed-os/BUILD/net/eth/TARGET_K64F/TOOLCHAIN_GCC_ARM/libeth.a(netif.o)
                0x00000000000075b4                netif_init
 *fill*         0x00000000000075b6        0x2 
 .text.netif_set_ipaddr