Archive member included to satisfy reference by file (symbol)

/media/adems/e7cdae34-f8e0-4a3e-b804-7e3ff37522fe/mbed-os/BUILD/mbed/TARGET_LPC4337/TOOLCHAIN_GCC_ARM/libmbed.a(FilePath.o)
                              /media/adems/e7cdae34-f8e0-4a3e-b804-7e3ff37522fe/mbed-os/BUILD/mbed/TARGET_LPC4337/TOOLCHAIN_GCC_ARM/retarget.o (mbed::FilePath::FilePath(char const*))
/media/adems/e7cdae34-f8e0-4a3e-b804-7e3ff37522fe/mbed-os/BUILD/mbed/TARGET_LPC4337/TOOLCHAIN_GCC_ARM/libmbed.a(FileSystemLike.o)
                              /media/adems/e7cdae34-f8e0-4a3e-b804-7e3ff37522fe/mbed-os/BUILD/mbed/TARGET_LPC4337/TOOLCHAIN_GCC_ARM/retarget.o (mbed::FileSystemLike::opendir())
/media/adems/e7cdae34-f8e0-4a3e-b804-7e3ff37522fe/mbed-os/BUILD/mbed/TARGET_LPC4337/TOOLCHAIN_GCC_ARM/libmbed.a(mbed_gpio.o)
                              /media/adems/e7cdae34-f8e0-4a3e-b804-7e3ff37522fe/mbed-os/BUILD/mbed/TARGET_LPC4337/TOOLCHAIN_GCC_ARM/mbed_board.o (gpio_init_out)
/media/adems/e7cdae34-f8e0-4a3e-b804-7e3ff37522fe/mbed-os/BUILD/mbed/TARGET_LPC4337/TOOLCHAIN_GCC_ARM/libmbed.a(mbed_pinmap_common.o)
                              /media/adems/e7cdae34-f8e0-4a3e-b804-7e3ff37522fe/mbed-os/BUILD/mbed/TARGET_LPC4337/TOOLCHAIN_GCC_ARM/i2c_api.o (pinmap_pinout)
/media/adems/e7cdae34-f8e0-4a3e-b804-7e3ff37522fe/mbed-os/BUILD/mbed/TARGET_LPC4337/TOOLCHAIN_GCC_ARM/libmbed.a(mbed_us_ticker_api.o)
                              /media/adems/e7cdae34-f8e0-4a3e-b804-7e3ff37522fe/mbed-os/BUILD/mbed/TARGET_LPC4337/TOOLCHAIN_GCC_ARM/us_ticker.o (us_ticker_irq_handler)
/media/adems/e7cdae34-f8e0-4a3e-b804-7e3ff37522fe/mbed-os/BUILD/mbed/TARGET_LPC4337/TOOLCHAIN_GCC_ARM/libmbed.a(mbed_assert.o)
                              /media/adems/e7cdae34-f8e0-4a3e-b804-7e3ff37522fe/mbed-os/BUILD/mbed/TARGET_LPC4337/TOOLCHAIN_GCC_ARM/analogin_api.o (mbed_assert_internal)
/media/adems/e7cdae34-f8e0-4a3e-b804-7e3ff37522fe/mbed-os/BUILD/mbed/TARGET_LPC4337/TOOLCHAIN_GCC_ARM/libmbed.a(mbed_error.o)
                              /media/adems/e7cdae34-f8e0-4a3e-b804-7e3ff37522fe/mbed-os/BUILD/mbed/TARGET_LPC4337/TOOLCHAIN_GCC_ARM/ethernet_api.o (error)
/media/adems/e7cdae34-f8e0-4a3e-b804-7e3ff37522fe/mbed-os/BUILD/mbed/TARGET_LPC4337/TOOLCHAIN_GCC_ARM/libmbed.a(mbed_interface.o)
                              /media/adems/e7cdae34-f8e0-4a3e-b804-7e3ff37522fe/mbed-os/BUILD/mbed/TARGET_LPC4337/TOOLCHAIN_GCC_ARM/ethernet_api.o (mbed_mac_address)
/media/adems/e7cdae34-f8e0-4a3e-b804-7e3ff37522fe/mbed-os/BUILD/mbed/TARGET_LPC4337/TOOLCHAIN_GCC_ARM/libmbed.a(mbed_critical.o)
                              /media/adems/e7cdae34-f8e0-4a3e-b804-7e3ff37522fe/mbed-os/BUILD/mbed/TARGET_LPC4337/TOOLCHAIN_GCC_ARM/mbed_board.o (core_util_critical_section_enter)
/media/adems/e7cdae34-f8e0-4a3e-b804-7e3ff37522fe/mbed-os/BUILD/mbed/TARGET_LPC4337/TOOLCHAIN_GCC_ARM/libmbed.a(mbed_wait_api_no_rtos.o)
                              /media/adems/e7cdae34-f8e0-4a3e-b804-7e3ff37522fe/mbed-os/BUILD/mbed/TARGET_LPC4337/TOOLCHAIN_GCC_ARM/mbed_board.o (wait_ms)
/media/adems/e7cdae34-f8e0-4a3e-b804-7e3ff37522fe/mbed-os/BUILD/mbed/TARGET_LPC4337/TOOLCHAIN_GCC_ARM/libmbed.a(FileBase.o)
                              /media/adems/e7cdae34-f8e0-4a3e-b804-7e3ff37522fe/mbed-os/BUILD/mbed/TARGET_LPC4337/TOOLCHAIN_GCC_ARM/libmbed.a(FileSystemLike.o) (mbed::FileBase::getName())
/media/adems/e7cdae34-f8e0-4a3e-b804-7e3ff37522fe/mbed-os/BUILD/mbed/TARGET_LPC4337/TOOLCHAIN_GCC_ARM/libmbed.a(mbed_ticker_api.o)
                              /media/adems/e7cdae34-f8e0-4a3e-b804-7e3ff37522fe/mbed-os/BUILD/mbed/TARGET_LPC4337/TOOLCHAIN_GCC_ARM/libmbed.a(mbed_us_ticker_api.o) (ticker_irq_handler)
/media/adems/e7cdae34-f8e0-4a3e-b804-7e3ff37522fe/mbed-os/BUILD/net/eth/TARGET_LPC4337/TOOLCHAIN_GCC_ARM/libeth.a(EthernetInterface.o)
                              /media/adems/e7cdae34-f8e0-4a3e-b804-7e3ff37522fe/mbed-os/BUILD/test/LPC4337/GCC_ARM/NET_12/./main.o (EthernetInterface::init())
/media/adems/e7cdae34-f8e0-4a3e-b804-7e3ff37522fe/mbed-os/BUILD/net/eth/TARGET_LPC4337/TOOLCHAIN_GCC_ARM/libeth.a(lpc17_emac.o)
                              /media/adems/e7cdae34-f8e0-4a3e-b804-7e3ff37522fe/mbed-os/BUILD/net/eth/TARGET_LPC4337/TOOLCHAIN_GCC_ARM/libeth.a(EthernetInterface.o) (eth_arch_enetif_init)
/media/adems/e7cdae34-f8e0-4a3e-b804-7e3ff37522fe/mbed-os/BUILD/net/eth/TARGET_LPC4337/TOOLCHAIN_GCC_ARM/libeth.a(lpc_phy_dp83848.o)
                              /media/adems/e7cdae34-f8e0-4a3e-b804-7e3ff37522fe/mbed-os/BUILD/net/eth/TARGET_LPC4337/TOOLCHAIN_GCC_ARM/libeth.a(lpc17_emac.o) (lpc_phy_init)
/media/adems/e7cdae34-f8e0-4a3e-b804-7e3ff37522fe/mbed-os/BUILD/net/eth/TARGET_LPC4337/TOOLCHAIN_GCC_ARM/libeth.a(Endpoint.o)
                              /media/adems/e7cdae34-f8e0-4a3e-b804-7e3ff37522fe/mbed-os/BUILD/test/LPC4337/GCC_ARM/NET_12/./main.o (Endpoint::Endpoint())
/media/adems/e7cdae34-f8e0-4a3e-b804-7e3ff37522fe/mbed-os/BUILD/net/eth/TARGET_LPC4337/TOOLCHAIN_GCC_ARM/libeth.a(memcpy.o)
[...]
Memory Configuration

Name             Origin             Length             Attributes
FLASH            0x0000000014000000 0x0000000002000000 xr
RAM              0x0000000010080000 0x0000000000012000 xrw
USB_RAM          0x0000000020000000 0x0000000000008000 xrw
ETH_RAM          0x0000000020080000 0x0000000000008000 xrw
*default*        0x0000000000000000 0xffffffffffffffff

Linker script and memory map

LOAD /usr/lib/gcc/arm-none-eabi/4.9.3/armv7e-m/softfp/crti.o
LOAD /usr/lib/gcc/arm-none-eabi/4.9.3/armv7e-m/softfp/crtbegin.o
LOAD /usr/lib/gcc/arm-none-eabi/4.9.3/../../../arm-none-eabi/lib/armv7e-m/softfp/crt0.o
LOAD /media/adems/e7cdae34-f8e0-4a3e-b804-7e3ff37522fe/mbed-os/BUILD/mbed/TARGET_LPC4337/TOOLCHAIN_GCC_ARM/analogin_api.o
LOAD /media/adems/e7cdae34-f8e0-4a3e-b804-7e3ff37522fe/mbed-os/BUILD/mbed/TARGET_LPC4337/TOOLCHAIN_GCC_ARM/analogout_api.o
LOAD /media/adems/e7cdae34-f8e0-4a3e-b804-7e3ff37522fe/mbed-os/BUILD/mbed/TARGET_LPC4337/TOOLCHAIN_GCC_ARM/cmsis_nvic.o
LOAD /media/adems/e7cdae34-f8e0-4a3e-b804-7e3ff37522fe/mbed-os/BUILD/mbed/TARGET_LPC4337/TOOLCHAIN_GCC_ARM/ethernet_api.o
LOAD /media/adems/e7cdae34-f8e0-4a3e-b804-7e3ff37522fe/mbed-os/BUILD/mbed/TARGET_LPC4337/TOOLCHAIN_GCC_ARM/gpio_api.o
LOAD /media/adems/e7cdae34-f8e0-4a3e-b804-7e3ff37522fe/mbed-os/BUILD/mbed/TARGET_LPC4337/TOOLCHAIN_GCC_ARM/gpio_irq_api.o
LOAD /media/adems/e7cdae34-f8e0-4a3e-b804-7e3ff37522fe/mbed-os/BUILD/mbed/TARGET_LPC4337/TOOLCHAIN_GCC_ARM/i2c_api.o
LOAD /media/adems/e7cdae34-f8e0-4a3e-b804-7e3ff37522fe/mbed-os/BUILD/mbed/TARGET_LPC4337/TOOLCHAIN_GCC_ARM/mbed_board.o
LOAD /media/adems/e7cdae34-f8e0-4a3e-b804-7e3ff37522fe/mbed-os/BUILD/mbed/TARGET_LPC4337/TOOLCHAIN_GCC_ARM/pinmap.o
LOAD /media/adems/e7cdae34-f8e0-4a3e-b804-7e3ff37522fe/mbed-os/BUILD/mbed/TARGET_LPC4337/TOOLCHAIN_GCC_ARM/port_api.o
LOAD /media/adems/e7cdae34-f8e0-4a3e-b804-7e3ff37522fe/mbed-os/BUILD/mbed/TARGET_LPC4337/TOOLCHAIN_GCC_ARM/pwmout_api.o
LOAD /media/adems/e7cdae34-f8e0-4a3e-b804-7e3ff37522fe/mbed-os/BUILD/mbed/TARGET_LPC4337/TOOLCHAIN_GCC_ARM/retarget.o
LOAD /media/adems/e7cdae34-f8e0-4a3e-b804-7e3ff37522fe/mbed-os/BUILD/mbed/TARGET_LPC4337/TOOLCHAIN_GCC_ARM/rtc_api.o
LOAD /media/adems/e7cdae34-f8e0-4a3e-b804-7e3ff37522fe/mbed-os/BUILD/mbed/TARGET_LPC4337/TOOLCHAIN_GCC_ARM/serial_api.o
LOAD /media/adems/e7cdae34-f8e0-4a3e-b804-7e3ff37522fe/mbed-os/BUILD/mbed/TARGET_LPC4337/TOOLCHAIN_GCC_ARM/sleep.o
LOAD /media/adems/e7cdae34-f8e0-4a3e-b804-7e3ff37522fe/mbed-os/BUILD/mbed/TARGET_LPC4337/TOOLCHAIN_GCC_ARM/spi_api.o
LOAD /media/adems/e7cdae34-f8e0-4a3e-b804-7e3ff37522fe/mbed-os/BUILD/mbed/TARGET_LPC4337/TOOLCHAIN_GCC_ARM/startup_LPC43xx.o
LOAD /media/adems/e7cdae34-f8e0-4a3e-b804-7e3ff37522fe/mbed-os/BUILD/mbed/TARGET_LPC4337/TOOLCHAIN_GCC_ARM/system_LPC43xx.o
LOAD /media/adems/e7cdae34-f8e0-4a3e-b804-7e3ff37522fe/mbed-os/BUILD/mbed/TARGET_LPC4337/TOOLCHAIN_GCC_ARM/us_ticker.o
LOAD /media/adems/e7cdae34-f8e0-4a3e-b804-7e3ff37522fe/mbed-os/BUILD/test/LPC4337/GCC_ARM/NET_12/./main.o
START GROUP
LOAD /media/adems/e7cdae34-f8e0-4a3e-b804-7e3ff37522fe/mbed-os/BUILD/mbed/TARGET_LPC4337/TOOLCHAIN_GCC_ARM/libmbed.a
LOAD /media/adems/e7cdae34-f8e0-4a3e-b804-7e3ff37522fe/mbed-os/BUILD/rtos/TARGET_LPC4337/TOOLCHAIN_GCC_ARM/librtx.a
LOAD /media/adems/e7cdae34-f8e0-4a3e-b804-7e3ff37522fe/mbed-os/BUILD/rtos/TARGET_LPC4337/TOOLCHAIN_GCC_ARM/librtos.a
LOAD /media/adems/e7cdae34-f8e0-4a3e-b804-7e3ff37522fe/mbed-os/BUILD/net/eth/TARGET_LPC4337/TOOLCHAIN_GCC_ARM/libeth.a
LOAD /usr/lib/gcc/arm-none-eabi/4.9.3/../../../arm-none-eabi/lib/armv7e-m/softfp/libstdc++.a
LOAD /usr/lib/gcc/arm-none-eabi/4.9.3/../../../arm-none-eabi/lib/armv7e-m/softfp/libsupc++.a
LOAD /usr/lib/gcc/arm-none-eabi/4.9.3/../../../arm-none-eabi/lib/armv7e-m/softfp/libm.a
LOAD /usr/lib/gcc/arm-none-eabi/4.9.3/../../../arm-none-eabi/lib/armv7e-m/softfp/libc.a
LOAD /usr/lib/gcc/arm-none-eabi/4.9.3/armv7e-m/softfp/libgcc.a
LOAD /usr/lib/gcc/arm-none-eabi/4.9.3/../../../arm-none-eabi/lib/armv7e-m/softfp/libnosys.a
END GROUP
LOAD /media/adems/e7cdae34-f8e0-4a3e-b804-7e3ff37522fe/mbed-os/BUILD/mbed/TARGET_LPC4337/TOOLCHAIN_GCC_ARM/libmbed.a
LOAD /media/adems/e7cdae34-f8e0-4a3e-b804-7e3ff37522fe/mbed-os/BUILD/rtos/TARGET_LPC4337/TOOLCHAIN_GCC_ARM/librtx.a
LOAD /media/adems/e7cdae34-f8e0-4a3e-b804-7e3ff37522fe/mbed-os/BUILD/rtos/TARGET_LPC4337/TOOLCHAIN_GCC_ARM/librtos.a
LOAD /media/adems/e7cdae34-f8e0-4a3e-b804-7e3ff37522fe/mbed-os/BUILD/net/eth/TARGET_LPC4337/TOOLCHAIN_GCC_ARM/libeth.a
LOAD /usr/lib/gcc/arm-none-eabi/4.9.3/../../../arm-none-eabi/lib/armv7e-m/softfp/libstdc++.a
LOAD /usr/lib/gcc/arm-none-eabi/4.9.3/../../../arm-none-eabi/lib/armv7e-m/softfp/libsupc++.a
LOAD /usr/lib/gcc/arm-none-eabi/4.9.3/../../../arm-none-eabi/lib/armv7e-m/softfp/libm.a
LOAD /usr/lib/gcc/arm-none-eabi/4.9.3/../../../arm-none-eabi/lib/armv7e-m/softfp/libc.a
LOAD /usr/lib/gcc/arm-none-eabi/4.9.3/armv7e-m/softfp/libgcc.a
LOAD /usr/lib/gcc/arm-none-eabi/4.9.3/../../../arm-none-eabi/lib/armv7e-m/softfp/libnosys.a
START GROUP
LOAD /usr/lib/gcc/arm-none-eabi/4.9.3/armv7e-m/softfp/libgcc.a
LOAD /usr/lib/gcc/arm-none-eabi/4.9.3/../../../arm-none-eabi/lib/armv7e-m/softfp/libc.a
END GROUP
LOAD /usr/lib/gcc/arm-none-eabi/4.9.3/armv7e-m/softfp/crtend.o
LOAD /usr/lib/gcc/arm-none-eabi/4.9.3/armv7e-m/softfp/crtn.o

.text           0x0000000014000000    0x12304
 *(.isr_vector)
 .isr_vector    0x0000000014000000      0x114 /media/adems/e7cdae34-f8e0-4a3e-b804-7e3ff37522fe/mbed-os/BUILD/mbed/TARGET_LPC4337/TOOLCHAIN_GCC_ARM/startup_LPC43xx.o
                0x0000000014000000                __isr_vector
 *(.text*)
 .text          0x0000000014000114       0xa4 /usr/lib/gcc/arm-none-eabi/4.9.3/armv7e-m/softfp/crtbegin.o
 .text          0x00000000140001b8       0x68 /usr/lib/gcc/arm-none-eabi/4.9.3/../../../arm-none-eabi/lib/armv7e-m/softfp/crt0.o
                0x00000000140001b8                _mainCRTStartup
                0x00000000140001b8                _start
 .text.__NVIC_SetVector
                0x0000000014000220       0x44 /media/adems/e7cdae34-f8e0-4a3e-b804-7e3ff37522fe/mbed-os/BUILD/mbed/TARGET_LPC4337/TOOLCHAIN_GCC_ARM/cmsis_nvic.o
                0x0000000014000220                __NVIC_SetVector
 .text.gpio_set
                0x0000000014000264       0x38 /media/adems/e7cdae34-f8e0-4a3e-b804-7e3ff37522fe/mbed-os/BUILD/mbed/TARGET_LPC4337/TOOLCHAIN_GCC_ARM/gpio_api.o
                0x0000000014000264                gpio_set
 .text.gpio_init
                0x000000001400029c       0x44 /media/adems/e7cdae34-f8e0-4a3e-b804-7e3ff37522fe/mbed-os/BUILD/mbed/TARGET_LPC4337/TOOLCHAIN_GCC_ARM/gpio_api.o
                0x000000001400029c                gpio_init
 .text.gpio_mode
                0x00000000140002e0        0x6 /media/adems/e7cdae34-f8e0-4a3e-b804-7e3ff37522fe/mbed-os/BUILD/mbed/TARGET_LPC4337/TOOLCHAIN_GCC_ARM/gpio_api.o
                0x00000000140002e0                gpio_mode
 *fill*         0x00000000140002e6        0x2 
 .text.gpio_dir
                0x00000000140002e8       0x40 /media/adems/e7cdae34-f8e0-4a3e-b804-7e3ff37522fe/mbed-os/BUILD/mbed/TARGET_LPC4337/TOOLCHAIN_GCC_ARM/gpio_api.o
                0x00000000140002e8                gpio_dir
 .text.mbed_die
                0x0000000014000328       0x54 /media/adems/e7cdae34-f8e0-4a3e-b804-7e3ff37522fe/mbed-os/BUILD/mbed/TARGET_LPC4337/TOOLCHAIN_GCC_ARM/mbed_board.o
                0x0000000014000328                mbed_die
 .text.mbed_error_vfprintf
                0x000000001400037c       0x58 /media/adems/e7cdae34-f8e0-4a3e-b804-7e3ff37522fe/mbed-os/BUILD/mbed/TARGET_LPC4337/TOOLCHAIN_GCC_ARM/mbed_board.o
                0x000000001400037c                mbed_error_vfprintf
 .text.mbed_error_printf
                0x00000000140003d4       0x1a /media/adems/e7cdae34-f8e0-4a3e-b804-7e3ff37522fe/mbed-os/BUILD/mbed/TARGET_LPC4337/TOOLCHAIN_GCC_ARM/mbed_board.o
                0x00000000140003d4                mbed_error_printf
 *fill*         0x00000000140003ee        0x2 
 .text.pin_function
                0x00000000140003f0       0x2c /media/adems/e7cdae34-f8e0-4a3e-b804-7e3ff37522fe/mbed-os/BUILD/mbed/TARGET_LPC4337/TOOLCHAIN_GCC_ARM/pinmap.o
                0x00000000140003f0                pin_function
 .text.pin_mode
                0x000000001400041c       0x38 /media/adems/e7cdae34-f8e0-4a3e-b804-7e3ff37522fe/mbed-os/BUILD/mbed/TARGET_LPC4337/TOOLCHAIN_GCC_ARM/pinmap.o
                0x000000001400041c                pin_mode
 .text._ZL11init_serialv
                0x0000000014000454       0x34 /media/adems/e7cdae34-f8e0-4a3e-b804-7e3ff37522fe/mbed-os/BUILD/mbed/TARGET_LPC4337/TOOLCHAIN_GCC_ARM/retarget.o
 .text.mbed_sdk_init
                0x0000000014000488        0x2 /media/adems/e7cdae34-f8e0-4a3e-b804-7e3ff37522fe/mbed-os/BUILD/mbed/TARGET_LPC4337/TOOLCHAIN_GCC_ARM/retarget.o
                0x0000000014000488                mbed_sdk_init
 *fill*         0x000000001400048a        0x2 
 .text._close   0x000000001400048c       0x2c /media/adems/e7cdae34-f8e0-4a3e-b804-7e3ff37522fe/mbed-os/BUILD/mbed/TARGET_LPC4337/TOOLCHAIN_GCC_ARM/retarget.o
                0x000000001400048c                _close
 .text._write   0x00000000140004b8       0x50 /media/adems/e7cdae34-f8e0-4a3e-b804-7e3ff37522fe/mbed-os/BUILD/mbed/TARGET_LPC4337/TOOLCHAIN_GCC_ARM/retarget.o
                0x00000000140004b8                _write
 .text._read    0x0000000014000508       0x44 /media/adems/e7cdae34-f8e0-4a3e-b804-7e3ff37522fe/mbed-os/BUILD/mbed/TARGET_LPC4337/TOOLCHAIN_GCC_ARM/retarget.o
                0x0000000014000508                _read
 .text._isatty  0x000000001400054c       0x24 /media/adems/e7cdae34-f8e0-4a3e-b804-7e3ff37522fe/mbed-os/BUILD/mbed/TARGET_LPC4337/TOOLCHAIN_GCC_ARM/retarget.o
                0x000000001400054c                _isatty
 .text._lseek   0x0000000014000570       0x24 /media/adems/e7cdae34-f8e0-4a3e-b804-7e3ff37522fe/mbed-os/BUILD/mbed/TARGET_LPC4337/TOOLCHAIN_GCC_ARM/retarget.o
                0x0000000014000570                _lseek
 .text._fstat   0x0000000014000594       0x1e /media/adems/e7cdae34-f8e0-4a3e-b804-7e3ff37522fe/mbed-os/BUILD/mbed/TARGET_LPC4337/TOOLCHAIN_GCC_ARM/retarget.o
                0x0000000014000594                _fstat
 .text.software_init_hook
                0x00000000140005b2        0xc /media/adems/e7cdae34-f8e0-4a3e-b804-7e3ff37522fe/mbed-os/BUILD/mbed/TARGET_LPC4337/TOOLCHAIN_GCC_ARM/retarget.o
                0x00000000140005b2                software_init_hook
 .text.mbed_main
                0x00000000140005be        0x2 /media/adems/e7cdae34-f8e0-4a3e-b804-7e3ff37522fe/mbed-os/BUILD/mbed/TARGET_LPC4337/TOOLCHAIN_GCC_ARM/retarget.o
                0x00000000140005be                mbed_main
 .text.__wrap_main
                0x00000000140005c0        0xe /media/adems/e7cdae34-f8e0-4a3e-b804-7e3ff37522fe/mbed-os/BUILD/mbed/TARGET_LPC4337/TOOLCHAIN_GCC_ARM/retarget.o
                0x00000000140005c0                __wrap_main
 *fill*         0x00000000140005ce        0x2 
 .text._sbrk    0x00000000140005d0       0x44 /media/adems/e7cdae34-f8e0-4a3e-b804-7e3ff37522fe/mbed-os/BUILD/mbed/TARGET_LPC4337/TOOLCHAIN_GCC_ARM/retarget.o
                0x00000000140005d0                _sbrk
 .text._exit    0x0000000014000614       0x24 /media/adems/e7cdae34-f8e0-4a3e-b804-7e3ff37522fe/mbed-os/BUILD/mbed/TARGET_LPC4337/TOOLCHAIN_GCC_ARM/retarget.o
                0x0000000014000614                _exit
 .text.__aeabi_atexit
                0x0000000014000638        0x4 /media/adems/e7cdae34-f8e0-4a3e-b804-7e3ff37522fe/mbed-os/BUILD/mbed/TARGET_LPC4337/TOOLCHAIN_GCC_ARM/retarget.o
                0x0000000014000638                __aeabi_atexit
 .text.__wrap_exit
                0x000000001400063c        0x6 /media/adems/e7cdae34-f8e0-4a3e-b804-7e3ff37522fe/mbed-os/BUILD/mbed/TARGET_LPC4337/TOOLCHAIN_GCC_ARM/retarget.o
                0x000000001400063c                __wrap_exit
 .text.__wrap_atexit
                0x0000000014000642        0x4 /media/adems/e7cdae34-f8e0-4a3e-b804-7e3ff37522fe/mbed-os/BUILD/mbed/TARGET_LPC4337/TOOLCHAIN_GCC_ARM/retarget.o
                0x0000000014000642                __wrap_atexit
 .text.__malloc_lock
                0x0000000014000646        0x8 /media/adems/e7cdae34-f8e0-4a3e-b804-7e3ff37522fe/mbed-os/BUILD/mbed/TARGET_LPC4337/TOOLCHAIN_GCC_ARM/retarget.o
                0x0000000014000646                __malloc_lock
 .text.__malloc_unlock
                0x000000001400064e        0x8 /media/adems/e7cdae34-f8e0-4a3e-b804-7e3ff37522fe/mbed-os/BUILD/mbed/TARGET_LPC4337/TOOLCHAIN_GCC_ARM/retarget.o
                0x000000001400064e                __malloc_unlock
 *fill*         0x0000000014000656        0x2 
 .text.serial_baud
                0x0000000014000658      0x120 /media/adems/e7cdae34-f8e0-4a3e-b804-7e3ff37522fe/mbed-os/BUILD/mbed/TARGET_LPC4337/TOOLCHAIN_GCC_ARM/serial_api.o
                0x0000000014000658                serial_baud
 .text.serial_format
                0x0000000014000778       0x74 /media/adems/e7cdae34-f8e0-4a3e-b804-7e3ff37522fe/mbed-os/BUILD/mbed/TARGET_LPC4337/TOOLCHAIN_GCC_ARM/serial_api.o
                0x0000000014000778                serial_format
 .text.serial_init
                0x00000000140007ec      0x10c /media/adems/e7cdae34-f8e0-4a3e-b804-7e3ff37522fe/mbed-os/BUILD/mbed/TARGET_LPC4337/TOOLCHAIN_GCC_ARM/serial_api.o
                0x00000000140007ec                serial_init
 .text.serial_getc
                0x00000000140008f8       0x34 /media/adems/e7cdae34-f8e0-4a3e-b804-7e3ff37522fe/mbed-os/BUILD/mbed/TARGET_LPC4337/TOOLCHAIN_GCC_ARM/serial_api.o
                0x00000000140008f8                serial_getc
 .text.serial_writable
                0x000000001400092c       0x54 /media/adems/e7cdae34-f8e0-4a3e-b804-7e3ff37522fe/mbed-os/BUILD/mbed/TARGET_LPC4337/TOOLCHAIN_GCC_ARM/serial_api.o
                0x000000001400092c                serial_writable
 .text.serial_putc
                0x0000000014000980       0x30 /media/adems/e7cdae34-f8e0-4a3e-b804-7e3ff37522fe/mbed-os/BUILD/mbed/TARGET_LPC4337/TOOLCHAIN_GCC_ARM/serial_api.o
                0x0000000014000980                serial_putc
 .text          0x00000000140009b0       0x44 /media/adems/e7cdae34-f8e0-4a3e-b804-7e3ff37522fe/mbed-os/BUILD/mbed/TARGET_LPC4337/TOOLCHAIN_GCC_ARM/startup_LPC43xx.o
                0x00000000140009b0                Reset_Handler
                0x00000000140009e0                NMI_Handler
                0x00000000140009e2                HardFault_Handler
                0x00000000140009e4                MemManage_Handler
                0x00000000140009e6                BusFault_Handler
                0x00000000140009e8                UsageFault_Handler
                0x00000000140009ec                DebugMon_Handler
                0x00000000140009f2                TIMER2_IRQHandler
                0x00000000140009f2                I2C0_IRQHandler
                0x00000000140009f2                SDIO_IRQHandler
                0x00000000140009f2                ATIMER_IRQHandler
                0x00000000140009f2                I2C1_IRQHandler
                0x00000000140009f2                UART1_IRQHandler
                0x00000000140009f2                USB1_IRQHandler
                0x00000000140009f2                I2S0_IRQHandler
                0x00000000140009f2                TIMER3_IRQHandler
                0x00000000140009f2                SGPIO_IRQHandler
                0x00000000140009f2                ADC0_IRQHandler
                0x00000000140009f2                PIN_INT6_IRQHandler
                0x00000000140009f2                PIN_INT4_IRQHandler
                0x00000000140009f2                SSP0_IRQHandler
                0x00000000140009f2                ADC1_IRQHandler
                0x00000000140009f2                FLASHEEPROM_IRQHandler
                0x00000000140009f2                USART3_IRQHandler
                0x00000000140009f2                RTC_IRQHandler
                0x00000000140009f2                TIMER0_IRQHandler
                0x00000000140009f2                SPI_IRQHandler
                0x00000000140009f2                LCD_IRQHandler
                0x00000000140009f2                USART0_IRQHandler
                0x00000000140009f2                TIMER1_IRQHandler
                0x00000000140009f2                C_CAN1_IRQHandler
                0x00000000140009f2                PIN_INT5_IRQHandler
                0x00000000140009f2                PIN_INT2_IRQHandler
                0x00000000140009f2                Default_Handler
                0x00000000140009f2                I2S1_IRQHandler
                0x00000000140009f2                SSP1_IRQHandler
                0x00000000140009f2                PIN_INT7_IRQHandler
                0x00000000140009f2                PIN_INT1_IRQHandler
                0x00000000140009f2                USB0_IRQHandler
                0x00000000140009f2                SCT_IRQHandler
                0x00000000140009f2                PIN_INT0_IRQHandler
                0x00000000140009f2                SPIFI_IRQHandler
                0x00000000140009f2                QEI_IRQHandler
                0x00000000140009f2                M0CORE_IRQHandler
                0x00000000140009f2                RITIMER_IRQHandler
                0x00000000140009f2                GINT0_IRQHandler
                0x00000000140009f2                DAC_IRQHandler
                0x00000000140009f2                USART2_IRQHandler
                0x00000000140009f2                DMA_IRQHandler
                0x00000000140009f2                PIN_INT3_IRQHandler
                0x00000000140009f2                EVENTROUTER_IRQHandler
                0x00000000140009f2                C_CAN0_IRQHandler
                0x00000000140009f2                MCPWM_IRQHandler
                0x00000000140009f2                GINT1_IRQHandler
                0x00000000140009f2                ETHERNET_IRQHandler
                0x00000000140009f2                WWDT_IRQHandler
 *fill*         0x00000000140009f4        0x4 
 .text.WaitUs.constprop.1
                0x00000000140009f8       0x44 /media/adems/e7cdae34-f8e0-4a3e-b804-7e3ff37522fe/mbed-os/BUILD/mbed/TARGET_LPC4337/TOOLCHAIN_GCC_ARM/system_LPC43xx.o
 .text.SystemCoreClockUpdate
                0x0000000014000a3c       0x74 /media/adems/e7cdae34-f8e0-4a3e-b804-7e3ff37522fe/mbed-os/BUILD/mbed/TARGET_LPC4337/TOOLCHAIN_GCC_ARM/system_LPC43xx.o
                0x0000000014000a3c                SystemCoreClockUpdate
 .text.fpuInit  0x0000000014000ab0       0x48 /media/adems/e7cdae34-f8e0-4a3e-b804-7e3ff37522fe/mbed-os/BUILD/mbed/TARGET_LPC4337/TOOLCHAIN_GCC_ARM/system_LPC43xx.o
                0x0000000014000ab0                fpuInit
 .text.SystemInit
                0x0000000014000af8      0x148 /media/adems/e7cdae34-f8e0-4a3e-b804-7e3ff37522fe/mbed-os/BUILD/mbed/TARGET_LPC4337/TOOLCHAIN_GCC_ARM/system_LPC43xx.o
                0x0000000014000af8                SystemInit
 .text.us_ticker_init
                0x0000000014000c40       0x50 /media/adems/e7cdae34-f8e0-4a3e-b804-7e3ff37522fe/mbed-os/BUILD/mbed/TARGET_LPC4337/TOOLCHAIN_GCC_ARM/us_ticker.o
                0x0000000014000c40                us_ticker_init
 .text.us_ticker_read
                0x0000000014000c90       0x1c /media/adems/e7cdae34-f8e0-4a3e-b804-7e3ff37522fe/mbed-os/BUILD/mbed/TARGET_LPC4337/TOOLCHAIN_GCC_ARM/us_ticker.o
                0x0000000014000c90                us_ticker_read
 .text.us_ticker_set_interrupt
                0x0000000014000cac       0x14 /media/adems/e7cdae34-f8e0-4a3e-b804-7e3ff37522fe/mbed-os/BUILD/mbed/TARGET_LPC4337/TOOLCHAIN_GCC_ARM/us_ticker.o
                0x0000000014000cac                us_ticker_set_interrupt
 .text.us_ticker_disable_interrupt
                0x0000000014000cc0       0x10 /media/adems/e7cdae34-f8e0-4a3e-b804-7e3ff37522fe/mbed-os/BUILD/mbed/TARGET_LPC4337/TOOLCHAIN_GCC_ARM/us_ticker.o
                0x0000000014000cc0                us_ticker_disable_interrupt
 .text.us_ticker_clear_interrupt
                0x0000000014000cd0        0xc /media/adems/e7cdae34-f8e0-4a3e-b804-7e3ff37522fe/mbed-os/BUILD/mbed/TARGET_LPC4337/TOOLCHAIN_GCC_ARM/us_ticker.o
                0x0000000014000cd0                us_ticker_clear_interrupt
 .text.startup.main
                0x0000000014000cdc       0x64 /media/adems/e7cdae34-f8e0-4a3e-b804-7e3ff37522fe/mbed-os/BUILD/test/LPC4337/GCC_ARM/NET_12/./main.o
                0x0000000014000cdc                main
 .text.gpio_write
                0x0000000014000d40       0x2c /media/adems/e7cdae34-f8e0-4a3e-b804-7e3ff37522fe/mbed-os/BUILD/mbed/TARGET_LPC4337/TOOLCHAIN_GCC_ARM/libmbed.a(mbed_gpio.o)
 .text.gpio_init_out_ex
                0x0000000014000d6c       0x2e /media/adems/e7cdae34-f8e0-4a3e-b804-7e3ff37522fe/mbed-os/BUILD/mbed/TARGET_LPC4337/TOOLCHAIN_GCC_ARM/libmbed.a(mbed_gpio.o)
                0x0000000014000d6c                gpio_init_out_ex
 .text.gpio_init_out
                0x0000000014000d9a        0x6 /media/adems/e7cdae34-f8e0-4a3e-b804-7e3ff37522fe/mbed-os/BUILD/mbed/TARGET_LPC4337/TOOLCHAIN_GCC_ARM/libmbed.a(mbed_gpio.o)
                0x0000000014000d9a                gpio_init_out
 .text.pinmap_pinout
                0x0000000014000da0       0x38 /media/adems/e7cdae34-f8e0-4a3e-b804-7e3ff37522fe/mbed-os/BUILD/mbed/TARGET_LPC4337/TOOLCHAIN_GCC_ARM/libmbed.a(mbed_pinmap_common.o)
                0x0000000014000da0                pinmap_pinout
 .text.pinmap_merge
                0x0000000014000dd8       0x24 /media/adems/e7cdae34-f8e0-4a3e-b804-7e3ff37522fe/mbed-os/BUILD/mbed/TARGET_LPC4337/TOOLCHAIN_GCC_ARM/libmbed.a(mbed_pinmap_common.o)
                0x0000000014000dd8                pinmap_merge
 .text.pinmap_find_peripheral
                0x0000000014000dfc       0x16 /media/adems/e7cdae34-f8e0-4a3e-b804-7e3ff37522fe/mbed-os/BUILD/mbed/TARGET_LPC4337/TOOLCHAIN_GCC_ARM/libmbed.a(mbed_pinmap_common.o)
                0x0000000014000dfc                pinmap_find_peripheral
 *fill*         0x0000000014000e12        0x2 
 .text.pinmap_peripheral
                0x0000000014000e14       0x20 /media/adems/e7cdae34-f8e0-4a3e-b804-7e3ff37522fe/mbed-os/BUILD/mbed/TARGET_LPC4337/TOOLCHAIN_GCC_ARM/libmbed.a(mbed_pinmap_common.o)
                0x0000000014000e14                pinmap_peripheral
 .text.us_ticker_irq_handler
                0x0000000014000e34        0xc /media/adems/e7cdae34-f8e0-4a3e-b804-7e3ff37522fe/mbed-os/BUILD/mbed/TARGET_LPC4337/TOOLCHAIN_GCC_ARM/libmbed.a(mbed_us_ticker_api.o)
                0x0000000014000e34                us_ticker_irq_handler
 .text.mbed_assert_internal
                0x0000000014000e40       0x24 /media/adems/e7cdae34-f8e0-4a3e-b804-7e3ff37522fe/mbed-os/BUILD/mbed/TARGET_LPC4337/TOOLCHAIN_GCC_ARM/libmbed.a(mbed_assert.o)
                0x0000000014000e40                mbed_assert_internal
 .text.error    0x0000000014000e64       0x16 /media/adems/e7cdae34-f8e0-4a3e-b804-7e3ff37522fe/mbed-os/BUILD/mbed/TARGET_LPC4337/TOOLCHAIN_GCC_ARM/libmbed.a(mbed_error.o)
                0x0000000014000e64                error
 .text.mbed_mac_address
                0x0000000014000e7a       0x16 /media/adems/e7cdae34-f8e0-4a3e-b804-7e3ff37522fe/mbed-os/BUILD/mbed/TARGET_LPC4337/TOOLCHAIN_GCC_ARM/libmbed.a(mbed_interface.o)
                0x0000000014000e7a                mbed_mac_address
 .text.core_util_are_interrupts_enabled
                0x0000000014000e90        0xe /media/adems/e7cdae34-f8e0-4a3e-b804-7e3ff37522fe/mbed-os/BUILD/mbed/TARGET_LPC4337/TOOLCHAIN_GCC_ARM/libmbed.a(mbed_critical.o)
                0x0000000014000e90                core_util_are_interrupts_enabled
 *fill*         0x0000000014000e9e        0x2 
 .text.core_util_critical_section_enter
                0x0000000014000ea0       0x54 /media/adems/e7cdae34-f8e0-4a3e-b804-7e3ff37522fe/mbed-os/BUILD/mbed/TARGET_LPC4337/TOOLCHAIN_GCC_ARM/libmbed.a(mbed_critical.o)
                0x0000000014000ea0                core_util_critical_section_enter
 .text.core_util_critical_section_exit
                0x0000000014000ef4       0x3c /media/adems/e7cdae34-f8e0-4a3e-b804-7e3ff37522fe/mbed-os/BUILD/mbed/TARGET_LPC4337/TOOLCHAIN_GCC_ARM/libmbed.a(mbed_critical.o)
                0x0000000014000ef4                core_util_critical_section_exit
 .text.wait_us  0x0000000014000f30       0x16 /media/adems/e7cdae34-f8e0-4a3e-b804-7e3ff37522fe/mbed-os/BUILD/mbed/TARGET_LPC4337/TOOLCHAIN_GCC_ARM/libmbed.a(mbed_wait_api_no_rtos.o)
                0x0000000014000f30                wait_us
 .text.wait_ms  0x0000000014000f46        0xa /media/adems/e7cdae34-f8e0-4a3e-b804-7e3ff37522fe/mbed-os/BUILD/mbed/TARGET_LPC4337/TOOLCHAIN_GCC_ARM/libmbed.a(mbed_wait_api_no_rtos.o)
                0x0000000014000f46                wait_ms
 .text.ticker_irq_handler
                0x0000000014000f50       0x48 /media/adems/e7cdae34-f8e0-4a3e-b804-7e3ff37522fe/mbed-os/BUILD/mbed/TARGET_LPC4337/TOOLCHAIN_GCC_ARM/libmbed.a(mbed_ticker_api.o)
                0x0000000014000f50                ticker_irq_handler
 .text._ZL15set_mac_addressv
                0x0000000014000f98       0x44 /media/adems/e7cdae34-f8e0-4a3e-b804-7e3ff37522fe/mbed-os/BUILD/net/eth/TARGET_LPC4337/TOOLCHAIN_GCC_ARM/libeth.a(EthernetInterface.o)
 .text._ZL10init_netifP7ip_addrS0_S0_
                0x0000000014000fdc       0x78 /media/adems/e7cdae34-f8e0-4a3e-b804-7e3ff37522fe/mbed-os/BUILD/net/eth/TARGET_LPC4337/TOOLCHAIN_GCC_ARM/libeth.a(EthernetInterface.o)
 .text._ZL19netif_link_callbackP5netif
                0x0000000014001054       0x14 /media/adems/e7cdae34-f8e0-4a3e-b804-7e3ff37522fe/mbed-os/BUILD/net/eth/TARGET_LPC4337/TOOLCHAIN_GCC_ARM/libeth.a(EthernetInterface.o)
 .text._ZL15tcpip_init_donePv
                0x0000000014001068        0xc /media/adems/e7cdae34-f8e0-4a3e-b804-7e3ff37522fe/mbed-os/BUILD/net/eth/TARGET_LPC4337/TOOLCHAIN_GCC_ARM/libeth.a(EthernetInterface.o)
 .text._ZL21netif_status_callbackP5netif
                0x0000000014001074       0x58 /media/adems/e7cdae34-f8e0-4a3e-b804-7e3ff37522fe/mbed-os/BUILD/net/eth/TARGET_LPC4337/TOOLCHAIN_GCC_ARM/libeth.a(EthernetInterface.o)
 .text._ZN17EthernetInterface4initEv
                0x00000000140010cc       0x20 /media/adems/e7cdae34-f8e0-4a3e-b804-7e3ff37522fe/mbed-os/BUILD/net/eth/TARGET_LPC4337/TOOLCHAIN_GCC_ARM/libeth.a(EthernetInterface.o)
                0x00000000140010cc                EthernetInterface::init()
 .text._ZN17EthernetInterface7connectEj
                0x00000000140010ec       0x40 /media/adems/e7cdae34-f8e0-4a3e-b804-7e3ff37522fe/mbed-os/BUILD/net/eth/TARGET_LPC4337/TOOLCHAIN_GCC_ARM/libeth.a(EthernetInterface.o)
                0x00000000140010ec                EthernetInterface::connect(unsigned int)
 .text.startup._GLOBAL__sub_I__ZN17EthernetInterface4initEv
                0x000000001400112c       0x5c /media/adems/e7cdae34-f8e0-4a3e-b804-7e3ff37522fe/mbed-os/BUILD/net/eth/TARGET_LPC4337/TOOLCHAIN_GCC_ARM/libeth.a(EthernetInterface.o)
 .text.lpc_rxqueue_pbuf
                0x0000000014001188       0x4c /media/adems/e7cdae34-f8e0-4a3e-b804-7e3ff37522fe/mbed-os/BUILD/net/eth/TARGET_LPC4337/TOOLCHAIN_GCC_ARM/libeth.a(lpc17_emac.o)
 .text.lpc_etharp_output
                0x00000000140011d4       0x12 /media/adems/e7cdae34-f8e0-4a3e-b804-7e3ff37522fe/mbed-os/BUILD/net/eth/TARGET_LPC4337/TOOLCHAIN_GCC_ARM/libeth.a(lpc17_emac.o)
                0x00000000140011d4                lpc_etharp_output
 .text.phy_update
                0x00000000140011e6        0x4 /media/adems/e7cdae34-f8e0-4a3e-b804-7e3ff37522fe/mbed-os/BUILD/net/eth/TARGET_LPC4337/TOOLCHAIN_GCC_ARM/libeth.a(lpc17_emac.o)
                0x00000000140011e6                phy_update
 .text.lpc_rx_queue
                0x00000000140011ea       0x2a /media/adems/e7cdae34-f8e0-4a3e-b804-7e3ff37522fe/mbed-os/BUILD/net/eth/TARGET_LPC4337/TOOLCHAIN_GCC_ARM/libeth.a(lpc17_emac.o)
                0x00000000140011ea                lpc_rx_queue
 .text.lpc_enetif_input
                0x0000000014001214      0x118 /media/adems/e7cdae34-f8e0-4a3e-b804-7e3ff37522fe/mbed-os/BUILD/net/eth/TARGET_LPC4337/TOOLCHAIN_GCC_ARM/libeth.a(lpc17_emac.o)
                0x0000000014001214                lpc_enetif_input
 .text.packet_rx
                0x000000001400132c       0x2c /media/adems/e7cdae34-f8e0-4a3e-b804-7e3ff37522fe/mbed-os/BUILD/net/eth/TARGET_LPC4337/TOOLCHAIN_GCC_ARM/libeth.a(lpc17_emac.o)
 .text.lpc_tx_reclaim
                0x0000000014001358       0x60 /media/adems/e7cdae34-f8e0-4a3e-b804-7e3ff37522fe/mbed-os/BUILD/net/eth/TARGET_LPC4337/TOOLCHAIN_GCC_ARM/libeth.a(lpc17_emac.o)
                0x0000000014001358                lpc_tx_reclaim
 .text.packet_tx
                0x00000000140013b8       0x98 /media/adems/e7cdae34-f8e0-4a3e-b804-7e3ff37522fe/mbed-os/BUILD/net/eth/TARGET_LPC4337/TOOLCHAIN_GCC_ARM/libeth.a(lpc17_emac.o)
 .text.lpc_tx_ready
                0x0000000014001450       0x28 /media/adems/e7cdae34-f8e0-4a3e-b804-7e3ff37522fe/mbed-os/BUILD/net/eth/TARGET_LPC4337/TOOLCHAIN_GCC_ARM/libeth.a(lpc17_emac.o)
                0x0000000014001450                lpc_tx_ready
 .text.lpc_low_level_output
                0x0000000014001478      0x114 /media/adems/e7cdae34-f8e0-4a3e-b804-7e3ff37522fe/mbed-os/BUILD/net/eth/TARGET_LPC4337/TOOLCHAIN_GCC_ARM/libeth.a(lpc17_emac.o)
 .text.lpc_emac_set_duplex
                0x000000001400158c       0x38 /media/adems/e7cdae34-f8e0-4a3e-b804-7e3ff37522fe/mbed-os/BUILD/net/eth/TARGET_LPC4337/TOOLCHAIN_GCC_ARM/libeth.a(lpc17_emac.o)
                0x000000001400158c                lpc_emac_set_duplex
 .text.lpc_emac_set_speed
                0x00000000140015c4       0x14 /media/adems/e7cdae34-f8e0-4a3e-b804-7e3ff37522fe/mbed-os/BUILD/net/eth/TARGET_LPC4337/TOOLCHAIN_GCC_ARM/libeth.a(lpc17_emac.o)
                0x00000000140015c4                lpc_emac_set_speed
 .text.eth_arch_enetif_init
                0x00000000140015d8      0x1e0 /media/adems/e7cdae34-f8e0-4a3e-b804-7e3ff37522fe/mbed-os/BUILD/net/eth/TARGET_LPC4337/TOOLCHAIN_GCC_ARM/libeth.a(lpc17_emac.o)
                0x00000000140015d8                eth_arch_enetif_init
 .text.eth_arch_enable_interrupts
                0x00000000140017b8       0x10 /media/adems/e7cdae34-f8e0-4a3e-b804-7e3ff37522fe/mbed-os/BUILD/net/eth/TARGET_LPC4337/TOOLCHAIN_GCC_ARM/libeth.a(lpc17_emac.o)
                0x00000000140017b8                eth_arch_enable_interrupts
 .text.lpc_mii_write
                0x00000000140017c8       0x34 /media/adems/e7cdae34-f8e0-4a3e-b804-7e3ff37522fe/mbed-os/BUILD/net/eth/TARGET_LPC4337/TOOLCHAIN_GCC_ARM/libeth.a(lpc_phy_dp83848.o)
                0x00000000140017c8                lpc_mii_write
 .text.lpc_mii_read_noblock
                0x00000000140017fc       0x14 /media/adems/e7cdae34-f8e0-4a3e-b804-7e3ff37522fe/mbed-os/BUILD/net/eth/TARGET_LPC4337/TOOLCHAIN_GCC_ARM/libeth.a(lpc_phy_dp83848.o)
                0x00000000140017fc                lpc_mii_read_noblock
 .text.lpc_mii_read
                0x0000000014001810       0x38 /media/adems/e7cdae34-f8e0-4a3e-b804-7e3ff37522fe/mbed-os/BUILD/net/eth/TARGET_LPC4337/TOOLCHAIN_GCC_ARM/libeth.a(lpc_phy_dp83848.o)
                0x0000000014001810                lpc_mii_read
 .text.lpc_phy_init
                0x0000000014001848       0xac /media/adems/e7cdae34-f8e0-4a3e-b804-7e3ff37522fe/mbed-os/BUILD/net/eth/TARGET_LPC4337/TOOLCHAIN_GCC_ARM/libeth.a(lpc_phy_dp83848.o)
                0x0000000014001848                lpc_phy_init
 .text.lpc_phy_sts_sm
                0x00000000140018f4      0x1ac /media/adems/e7cdae34-f8e0-4a3e-b804-7e3ff37522fe/mbed-os/BUILD/net/eth/TARGET_LPC4337/TOOLCHAIN_GCC_ARM/libeth.a(lpc_phy_dp83848.o)
                0x00000000140018f4                lpc_phy_sts_sm
 .text._ZN8Endpoint13reset_addressEv
                0x0000000014001aa0       0x14 /media/adems/e7cdae34-f8e0-4a3e-b804-7e3ff37522fe/mbed-os/BUILD/net/eth/TARGET_LPC4337/TOOLCHAIN_GCC_ARM/libeth.a(Endpoint.o)
                0x0000000014001aa0                Endpoint::reset_address()
 .text._ZN8EndpointC2Ev
                0x0000000014001ab4        0xc /media/adems/e7cdae34-f8e0-4a3e-b804-7e3ff37522fe/mbed-os/BUILD/net/eth/TARGET_LPC4337/TOOLCHAIN_GCC_ARM/libeth.a(Endpoint.o)
                0x0000000014001ab4                Endpoint::Endpoint()
                0x0000000014001ab4                Endpoint::Endpoint()
 .text._ZN8Endpoint11get_addressEv
                0x0000000014001ac0       0x1a /media/adems/e7cdae34-f8e0-4a3e-b804-7e3ff37522fe/mbed-os/BUILD/net/eth/TARGET_LPC4337/TOOLCHAIN_GCC_ARM/libeth.a(Endpoint.o)
                0x0000000014001ac0                Endpoint::get_address()
 .text.thumb2_memcpy
                0x0000000014001ada       0x3c /media/adems/e7cdae34-f8e0-4a3e-b804-7e3ff37522fe/mbed-os/BUILD/net/eth/TARGET_LPC4337/TOOLCHAIN_GCC_ARM/libeth.a(memcpy.o)
                0x0000000014001ada                thumb2_memcpy
 .text._ZN9UDPSocketC2Ev
                0x0000000014001b16        0xc /media/adems/e7cdae34-f8e0-4a3e-b804-7e3ff37522fe/mbed-os/BUILD/net/eth/TARGET_LPC4337/TOOLCHAIN_GCC_ARM/libeth.a(UDPSocket.o)
                0x0000000014001b16                UDPSocket::UDPSocket()
                0x0000000014001b16                UDPSocket::UDPSocket()
 .text._ZN9UDPSocket4bindEi
                0x0000000014001b22       0x4e /media/adems/e7cdae34-f8e0-4a3e-b804-7e3ff37522fe/mbed-os/BUILD/net/eth/TARGET_LPC4337/TOOLCHAIN_GCC_ARM/libeth.a(UDPSocket.o)
                0x0000000014001b22                UDPSocket::bind(int)
 .text._ZN9UDPSocket16set_broadcastingEb
                0x0000000014001b70       0x1c /media/adems/e7cdae34-f8e0-4a3e-b804-7e3ff37522fe/mbed-os/BUILD/net/eth/TARGET_LPC4337/TOOLCHAIN_GCC_ARM/libeth.a(UDPSocket.o)
                0x0000000014001b70                UDPSocket::set_broadcasting(bool)
 .text._ZN9UDPSocket11receiveFromER8EndpointPci
                0x0000000014001b8c       0x58 /media/adems/e7cdae34-f8e0-4a3e-b804-7e3ff37522fe/mbed-os/BUILD/net/eth/TARGET_LPC4337/TOOLCHAIN_GCC_ARM/libeth.a(UDPSocket.o)
                0x0000000014001b8c                UDPSocket::receiveFrom(Endpoint&, char*, int)
 .text.sys_mbox_new
                0x0000000014001be4       0x3c /media/adems/e7cdae34-f8e0-4a3e-b804-7e3ff37522fe/mbed-os/BUILD/net/eth/TARGET_LPC4337/TOOLCHAIN_GCC_ARM/libeth.a(sys_arch.o)
                0x0000000014001be4                sys_mbox_new
 .text.sys_mbox_free
                0x0000000014001c20       0x2c /media/adems/e7cdae34-f8e0-4a3e-b804-7e3ff37522fe/mbed-os/BUILD/net/eth/TARGET_LPC4337/TOOLCHAIN_GCC_ARM/libeth.a(sys_arch.o)
                0x0000000014001c20                sys_mbox_free
 .text.sys_mbox_post
                0x0000000014001c4c       0x20 /media/adems/e7cdae34-f8e0-4a3e-b804-7e3ff37522fe/mbed-os/BUILD/net/eth/TARGET_LPC4337/TOOLCHAIN_GCC_ARM/libeth.a(sys_arch.o)
                0x0000000014001c4c                sys_mbox_post
 .text.sys_mbox_trypost
                0x0000000014001c6c       0x14 /media/adems/e7cdae34-f8e0-4a3e-b804-7e3ff37522fe/mbed-os/BUILD/net/eth/TARGET_LPC4337/TOOLCHAIN_GCC_ARM/libeth.a(sys_arch.o)
                0x0000000014001c6c                sys_mbox_trypost
 .text.sys_arch_mbox_fetch
                0x0000000014001c80       0x44 /media/adems/e7cdae34-f8e0-4a3e-b804-7e3ff37522fe/mbed-os/BUILD/net/eth/TARGET_LPC4337/TOOLCHAIN_GCC_ARM/libeth.a(sys_arch.o)
                0x0000000014001c80                sys_arch_mbox_fetch
 .text.sys_arch_mbox_tryfetch
                0x0000000014001cc4       0x24 /media/adems/e7cdae34-f8e0-4a3e-b804-7e3ff37522fe/mbed-os/BUILD/net/eth/TARGET_LPC4337/TOOLCHAIN_GCC_ARM/libeth.a(sys_arch.o)
                0x0000000014001cc4                sys_arch_mbox_tryfetch
 .text.sys_sem_new
                0x0000000014001ce8       0x34 /media/adems/e7cdae34-f8e0-4a3e-b804-7e3ff37522fe/mbed-os/BUILD/net/eth/TARGET_LPC4337/TOOLCHAIN_GCC_ARM/libeth.a(sys_arch.o)
                0x0000000014001ce8                sys_sem_new
 .text.sys_arch_sem_wait
                0x0000000014001d1c       0x36 /media/adems/e7cdae34-f8e0-4a3e-b804-7e3ff37522fe/mbed-os/BUILD/net/eth/TARGET_LPC4337/TOOLCHAIN_GCC_ARM/libeth.a(sys_arch.o)
                0x0000000014001d1c                sys_arch_sem_wait
 .text.sys_sem_signal
                0x0000000014001d52       0x14 /media/adems/e7cdae34-f8e0-4a3e-b804-7e3ff37522fe/mbed-os/BUILD/net/eth/TARGET_LPC4337/TOOLCHAIN_GCC_ARM/libeth.a(sys_arch.o)
                0x0000000014001d52                sys_sem_signal
 .text.sys_sem_free
                0x0000000014001d66        0x2 /media/adems/e7cdae34-f8e0-4a3e-b804-7e3ff37522fe/mbed-os/BUILD/net/eth/TARGET_LPC4337/TOOLCHAIN_GCC_ARM/libeth.a(sys_arch.o)
                0x0000000014001d66                sys_sem_free
 .text.sys_mutex_new
                0x0000000014001d68       0x28 /media/adems/e7cdae34-f8e0-4a3e-b804-7e3ff37522fe/mbed-os/BUILD/net/eth/TARGET_LPC4337/TOOLCHAIN_GCC_ARM/libeth.a(sys_arch.o)
                0x0000000014001d68                sys_mutex_new
 .text.sys_mutex_lock
                0x0000000014001d90       0x20 /media/adems/e7cdae34-f8e0-4a3e-b804-7e3ff37522fe/mbed-os/BUILD/net/eth/TARGET_LPC4337/TOOLCHAIN_GCC_ARM/libeth.a(sys_arch.o)
                0x0000000014001d90                sys_mutex_lock
 .text.sys_mutex_unlock
                0x0000000014001db0       0x1c /media/adems/e7cdae34-f8e0-4a3e-b804-7e3ff37522fe/mbed-os/BUILD/net/eth/TARGET_LPC4337/TOOLCHAIN_GCC_ARM/libeth.a(sys_arch.o)
                0x0000000014001db0                sys_mutex_unlock
 .text.sys_init
                0x0000000014001dcc       0x2c /media/adems/e7cdae34-f8e0-4a3e-b804-7e3ff37522fe/mbed-os/BUILD/net/eth/TARGET_LPC4337/TOOLCHAIN_GCC_ARM/libeth.a(sys_arch.o)
                0x0000000014001dcc                sys_init
 .text.sys_arch_protect
                0x0000000014001df8       0x24 /media/adems/e7cdae34-f8e0-4a3e-b804-7e3ff37522fe/mbed-os/BUILD/net/eth/TARGET_LPC4337/TOOLCHAIN_GCC_ARM/libeth.a(sys_arch.o)
                0x0000000014001df8                sys_arch_protect
 .text.sys_arch_unprotect
                0x0000000014001e1c       0x20 /media/adems/e7cdae34-f8e0-4a3e-b804-7e3ff37522fe/mbed-os/BUILD/net/eth/TARGET_LPC4337/TOOLCHAIN_GCC_ARM/libeth.a(sys_arch.o)
                0x0000000014001e1c                sys_arch_unprotect
 .text.sys_thread_new
                0x0000000014001e3c       0x7c /media/adems/e7cdae34-f8e0-4a3e-b804-7e3ff37522fe/mbed-os/BUILD/net/eth/TARGET_LPC4337/TOOLCHAIN_GCC_ARM/libeth.a(sys_arch.o)
                0x0000000014001e3c                sys_thread_new
 .text.tcpip_thread
                0x0000000014001eb8       0x80 /media/adems/e7cdae34-f8e0-4a3e-b804-7e3ff37522fe/mbed-os/BUILD/net/eth/TARGET_LPC4337/TOOLCHAIN_GCC_ARM/libeth.a(tcpip.o)
 .text.tcpip_input
                0x0000000014001f38       0x40 /media/adems/e7cdae34-f8e0-4a3e-b804-7e3ff37522fe/mbed-os/BUILD/net/eth/TARGET_LPC4337/TOOLCHAIN_GCC_ARM/libeth.a(tcpip.o)
                0x0000000014001f38                tcpip_input
 .text.tcpip_callback_with_block
                0x0000000014001f78       0x54 /media/adems/e7cdae34-f8e0-4a3e-b804-7e3ff37522fe/mbed-os/BUILD/net/eth/TARGET_LPC4337/TOOLCHAIN_GCC_ARM/libeth.a(tcpip.o)
                0x0000000014001f78                tcpip_callback_with_block
 .text.tcpip_apimsg
                0x0000000014001fcc       0x34 /media/adems/e7cdae34-f8e0-4a3e-b804-7e3ff37522fe/mbed-os/BUILD/net/eth/TARGET_LPC4337/TOOLCHAIN_GCC_ARM/libeth.a(tcpip.o)
                0x0000000014001fcc                tcpip_apimsg
 .text.tcpip_init
                0x0000000014002000       0x44 /media/adems/e7cdae34-f8e0-4a3e-b804-7e3ff37522fe/mbed-os/BUILD/net/eth/TARGET_LPC4337/TOOLCHAIN_GCC_ARM/libeth.a(tcpip.o)
                0x0000000014002000                tcpip_init
 .text.lwip_init
                0x0000000014002044       0x26 /media/adems/e7cdae34-f8e0-4a3e-b804-7e3ff37522fe/mbed-os/BUILD/net/eth/TARGET_LPC4337/TOOLCHAIN_GCC_ARM/libeth.a(init.o)
                0x0000000014002044                lwip_init
 .text.dns_parse_name
                0x000000001400206a       0x1c /media/adems/e7cdae34-f8e0-4a3e-b804-7e3ff37522fe/mbed-os/BUILD/net/eth/TARGET_LPC4337/TOOLCHAIN_GCC_ARM/libeth.a(dns.o)
 *fill*         0x0000000014002086        0x2 
 .text.dns_recv
                0x0000000014002088      0x178 /media/adems/e7cdae34-f8e0-4a3e-b804-7e3ff37522fe/mbed-os/BUILD/net/eth/TARGET_LPC4337/TOOLCHAIN_GCC_ARM/libeth.a(dns.o)
 .text.dns_send
                0x0000000014002200       0xc8 /media/adems/e7cdae34-f8e0-4a3e-b804-7e3ff37522fe/mbed-os/BUILD/net/eth/TARGET_LPC4337/TOOLCHAIN_GCC_ARM/libeth.a(dns.o)
 .text.dns_check_entry
                0x00000000140022c8       0xb8 /media/adems/e7cdae34-f8e0-4a3e-b804-7e3ff37522fe/mbed-os/BUILD/net/eth/TARGET_LPC4337/TOOLCHAIN_GCC_ARM/libeth.a(dns.o)
 .text.dns_setserver
                0x0000000014002380       0x20 /media/adems/e7cdae34-f8e0-4a3e-b804-7e3ff37522fe/mbed-os/BUILD/net/eth/TARGET_LPC4337/TOOLCHAIN_GCC_ARM/libeth.a(dns.o)
                0x0000000014002380                dns_setserver
 .text.dns_init
                0x00000000140023a0       0x58 /media/adems/e7cdae34-f8e0-4a3e-b804-7e3ff37522fe/mbed-os/BUILD/net/eth/TARGET_LPC4337/TOOLCHAIN_GCC_ARM/libeth.a(dns.o)
                0x00000000140023a0                dns_init
 .text.dns_tmr  0x00000000140023f8       0x2c /media/adems/e7cdae34-f8e0-4a3e-b804-7e3ff37522fe/mbed-os/BUILD/net/eth/TARGET_LPC4337/TOOLCHAIN_GCC_ARM/libeth.a(dns.o)
                0x00000000140023f8                dns_tmr
 .text.dhcp_set_state
                0x0000000014002424       0x10 /media/adems/e7cdae34-f8e0-4a3e-b804-7e3ff37522fe/mbed-os/BUILD/net/eth/TARGET_LPC4337/TOOLCHAIN_GCC_ARM/libeth.a(dhcp.o)
 .text.dhcp_option
                0x0000000014002434       0x20 /media/adems/e7cdae34-f8e0-4a3e-b804-7e3ff37522fe/mbed-os/BUILD/net/eth/TARGET_LPC4337/TOOLCHAIN_GCC_ARM/libeth.a(dhcp.o)
 .text.dhcp_option_byte
                0x0000000014002454       0x12 /media/adems/e7cdae34-f8e0-4a3e-b804-7e3ff37522fe/mbed-os/BUILD/net/eth/TARGET_LPC4337/TOOLCHAIN_GCC_ARM/libeth.a(dhcp.o)
 .text.dhcp_option_short
                0x0000000014002466       0x22 /media/adems/e7cdae34-f8e0-4a3e-b804-7e3ff37522fe/mbed-os/BUILD/net/eth/TARGET_LPC4337/TOOLCHAIN_GCC_ARM/libeth.a(dhcp.o)
 .text.dhcp_option_long
                0x0000000014002488       0x46 /media/adems/e7cdae34-f8e0-4a3e-b804-7e3ff37522fe/mbed-os/BUILD/net/eth/TARGET_LPC4337/TOOLCHAIN_GCC_ARM/libeth.a(dhcp.o)
 *fill*         0x00000000140024ce        0x2 
 .text.dhcp_create_msg
                0x00000000140024d0      0x140 /media/adems/e7cdae34-f8e0-4a3e-b804-7e3ff37522fe/mbed-os/BUILD/net/eth/TARGET_LPC4337/TOOLCHAIN_GCC_ARM/libeth.a(dhcp.o)
 .text.dhcp_delete_msg
                0x0000000014002610       0x16 /media/adems/e7cdae34-f8e0-4a3e-b804-7e3ff37522fe/mbed-os/BUILD/net/eth/TARGET_LPC4337/TOOLCHAIN_GCC_ARM/libeth.a(dhcp.o)
 .text.dhcp_check
                0x0000000014002626       0x26 /media/adems/e7cdae34-f8e0-4a3e-b804-7e3ff37522fe/mbed-os/BUILD/net/eth/TARGET_LPC4337/TOOLCHAIN_GCC_ARM/libeth.a(dhcp.o)
 .text.dhcp_bind
                0x000000001400264c       0xaa /media/adems/e7cdae34-f8e0-4a3e-b804-7e3ff37522fe/mbed-os/BUILD/net/eth/TARGET_LPC4337/TOOLCHAIN_GCC_ARM/libeth.a(dhcp.o)
 .text.dhcp_option_trailer
                0x00000000140026f6       0x2a /media/adems/e7cdae34-f8e0-4a3e-b804-7e3ff37522fe/mbed-os/BUILD/net/eth/TARGET_LPC4337/TOOLCHAIN_GCC_ARM/libeth.a(dhcp.o)
 .text.dhcp_rebind
                0x0000000014002720       0xb8 /media/adems/e7cdae34-f8e0-4a3e-b804-7e3ff37522fe/mbed-os/BUILD/net/eth/TARGET_LPC4337/TOOLCHAIN_GCC_ARM/libeth.a(dhcp.o)
 .text.dhcp_select
                0x00000000140027d8      0x108 /media/adems/e7cdae34-f8e0-4a3e-b804-7e3ff37522fe/mbed-os/BUILD/net/eth/TARGET_LPC4337/TOOLCHAIN_GCC_ARM/libeth.a(dhcp.o)
 .text.dhcp_reboot
                0x00000000140028e0       0xa0 /media/adems/e7cdae34-f8e0-4a3e-b804-7e3ff37522fe/mbed-os/BUILD/net/eth/TARGET_LPC4337/TOOLCHAIN_GCC_ARM/libeth.a(dhcp.o)
 .text.dhcp_discover
                0x0000000014002980       0xb4 /media/adems/e7cdae34-f8e0-4a3e-b804-7e3ff37522fe/mbed-os/BUILD/net/eth/TARGET_LPC4337/TOOLCHAIN_GCC_ARM/libeth.a(dhcp.o)
 .text.dhcp_recv
                0x0000000014002a34      0x3c0 /media/adems/e7cdae34-f8e0-4a3e-b804-7e3ff37522fe/mbed-os/BUILD/net/eth/TARGET_LPC4337/TOOLCHAIN_GCC_ARM/libeth.a(dhcp.o)
 .text.dhcp_network_changed
                0x0000000014002df4       0x3e /media/adems/e7cdae34-f8e0-4a3e-b804-7e3ff37522fe/mbed-os/BUILD/net/eth/TARGET_LPC4337/TOOLCHAIN_GCC_ARM/libeth.a(dhcp.o)
                0x0000000014002df4                dhcp_network_changed
 *fill*         0x0000000014002e32        0x2 
 .text.dhcp_arp_reply
                0x0000000014002e34       0x7c /media/adems/e7cdae34-f8e0-4a3e-b804-7e3ff37522fe/mbed-os/BUILD/net/eth/TARGET_LPC4337/TOOLCHAIN_GCC_ARM/libeth.a(dhcp.o)
                0x0000000014002e34                dhcp_arp_reply
 .text.dhcp_renew
                0x0000000014002eb0       0xb4 /media/adems/e7cdae34-f8e0-4a3e-b804-7e3ff37522fe/mbed-os/BUILD/net/eth/TARGET_LPC4337/TOOLCHAIN_GCC_ARM/libeth.a(dhcp.o)
                0x0000000014002eb0                dhcp_renew
 .text.dhcp_coarse_tmr
                0x0000000014002f64       0x54 /media/adems/e7cdae34-f8e0-4a3e-b804-7e3ff37522fe/mbed-os/BUILD/net/eth/TARGET_LPC4337/TOOLCHAIN_GCC_ARM/libeth.a(dhcp.o)
                0x0000000014002f64                dhcp_coarse_tmr
 .text.dhcp_release
                0x0000000014002fb8       0xa8 /media/adems/e7cdae34-f8e0-4a3e-b804-7e3ff37522fe/mbed-os/BUILD/net/eth/TARGET_LPC4337/TOOLCHAIN_GCC_ARM/libeth.a(dhcp.o)
                0x0000000014002fb8                dhcp_release
 .text.dhcp_fine_tmr
                0x0000000014003060       0x9c /media/adems/e7cdae34-f8e0-4a3e-b804-7e3ff37522fe/mbed-os/BUILD/net/eth/TARGET_LPC4337/TOOLCHAIN_GCC_ARM/libeth.a(dhcp.o)
                0x0000000014003060                dhcp_fine_tmr
 .text.dhcp_stop
                0x00000000140030fc       0x2e /media/adems/e7cdae34-f8e0-4a3e-b804-7e3ff37522fe/mbed-os/BUILD/net/eth/TARGET_LPC4337/TOOLCHAIN_GCC_ARM/libeth.a(dhcp.o)
                0x00000000140030fc                dhcp_stop
 *fill*         0x000000001400312a        0x2 
 .text.dhcp_start
                0x000000001400312c       0xa0 /media/adems/e7cdae34-f8e0-4a3e-b804-7e3ff37522fe/mbed-os/BUILD/net/eth/TARGET_LPC4337/TOOLCHAIN_GCC_ARM/libeth.a(dhcp.o)
                0x000000001400312c                dhcp_start
 .text.get_socket
                0x00000000140031cc       0x20 /media/adems/e7cdae34-f8e0-4a3e-b804-7e3ff37522fe/mbed-os/BUILD/net/eth/TARGET_LPC4337/TOOLCHAIN_GCC_ARM/libeth.a(sockets.o)
 .text.alloc_socket
                0x00000000140031ec       0x70 /media/adems/e7cdae34-f8e0-4a3e-b804-7e3ff37522fe/mbed-os/BUILD/net/eth/TARGET_LPC4337/TOOLCHAIN_GCC_ARM/libeth.a(sockets.o)
 .text.event_callback
                0x000000001400325c      0x114 /media/adems/e7cdae34-f8e0-4a3e-b804-7e3ff37522fe/mbed-os/BUILD/net/eth/TARGET_LPC4337/TOOLCHAIN_GCC_ARM/libeth.a(sockets.o)
 .text.lwip_setsockopt_internal
                0x0000000014003370      0x15a /media/adems/e7cdae34-f8e0-4a3e-b804-7e3ff37522fe/mbed-os/BUILD/net/eth/TARGET_LPC4337/TOOLCHAIN_GCC_ARM/libeth.a(sockets.o)
 *fill*         0x00000000140034ca        0x2 
 .text.lwip_selscan
                0x00000000140034cc      0x160 /media/adems/e7cdae34-f8e0-4a3e-b804-7e3ff37522fe/mbed-os/BUILD/net/eth/TARGET_LPC4337/TOOLCHAIN_GCC_ARM/libeth.a(sockets.o)
 .text.lwip_socket_init
                0x000000001400362c        0x2 /media/adems/e7cdae34-f8e0-4a3e-b804-7e3ff37522fe/mbed-os/BUILD/net/eth/TARGET_LPC4337/TOOLCHAIN_GCC_ARM/libeth.a(sockets.o)
                0x000000001400362c                lwip_socket_init
 *fill*         0x000000001400362e        0x2 
 .text.lwip_bind
                0x0000000014003630       0x58 /media/adems/e7cdae34-f8e0-4a3e-b804-7e3ff37522fe/mbed-os/BUILD/net/eth/TARGET_LPC4337/TOOLCHAIN_GCC_ARM/libeth.a(sockets.o)
                0x0000000014003630                lwip_bind
 .text.lwip_close
                0x0000000014003688       0x52 /media/adems/e7cdae34-f8e0-4a3e-b804-7e3ff37522fe/mbed-os/BUILD/net/eth/TARGET_LPC4337/TOOLCHAIN_GCC_ARM/libeth.a(sockets.o)
                0x0000000014003688                lwip_close
 *fill*         0x00000000140036da        0x2 
 .text.lwip_recvfrom
                0x00000000140036dc      0x1cc /media/adems/e7cdae34-f8e0-4a3e-b804-7e3ff37522fe/mbed-os/BUILD/net/eth/TARGET_LPC4337/TOOLCHAIN_GCC_ARM/libeth.a(sockets.o)
                0x00000000140036dc                lwip_recvfrom
 .text.lwip_socket
                0x00000000140038a8       0x70 /media/adems/e7cdae34-f8e0-4a3e-b804-7e3ff37522fe/mbed-os/BUILD/net/eth/TARGET_LPC4337/TOOLCHAIN_GCC_ARM/libeth.a(sockets.o)
                0x00000000140038a8                lwip_socket
 .text.lwip_select
                0x0000000014003918      0x240 /media/adems/e7cdae34-f8e0-4a3e-b804-7e3ff37522fe/mbed-os/BUILD/net/eth/TARGET_LPC4337/TOOLCHAIN_GCC_ARM/libeth.a(sockets.o)
                0x0000000014003918                lwip_select
 .text.lwip_shutdown
                0x0000000014003b58       0x68 /media/adems/e7cdae34-f8e0-4a3e-b804-7e3ff37522fe/mbed-os/BUILD/net/eth/TARGET_LPC4337/TOOLCHAIN_GCC_ARM/libeth.a(sockets.o)
                0x0000000014003b58                lwip_shutdown
 .text.lwip_setsockopt
                0x0000000014003bc0      0x11c /media/adems/e7cdae34-f8e0-4a3e-b804-7e3ff37522fe/mbed-os/BUILD/net/eth/TARGET_LPC4337/TOOLCHAIN_GCC_ARM/libeth.a(sockets.o)
                0x0000000014003bc0                lwip_setsockopt
 .text.igmp_send
                0x0000000014003cdc       0xa4 /media/adems/e7cdae34-f8e0-4a3e-b804-7e3ff37522fe/mbed-os/BUILD/net/eth/TARGET_LPC4337/TOOLCHAIN_GCC_ARM/libeth.a(igmp.o)
 .text.igmp_lookup_group.part.1
                0x0000000014003d80       0x34 /media/adems/e7cdae34-f8e0-4a3e-b804-7e3ff37522fe/mbed-os/BUILD/net/eth/TARGET_LPC4337/TOOLCHAIN_GCC_ARM/libeth.a(igmp.o)
 .text.igmp_delaying_member
                0x0000000014003db4       0x36 /media/adems/e7cdae34-f8e0-4a3e-b804-7e3ff37522fe/mbed-os/BUILD/net/eth/TARGET_LPC4337/TOOLCHAIN_GCC_ARM/libeth.a(igmp.o)
 *fill*         0x0000000014003dea        0x2 
 .text.igmp_init
                0x0000000014003dec       0x1c /media/adems/e7cdae34-f8e0-4a3e-b804-7e3ff37522fe/mbed-os/BUILD/net/eth/TARGET_LPC4337/TOOLCHAIN_GCC_ARM/libeth.a(igmp.o)
                0x0000000014003dec                igmp_init
 .text.igmp_report_groups
                0x0000000014003e08       0x24 /media/adems/e7cdae34-f8e0-4a3e-b804-7e3ff37522fe/mbed-os/BUILD/net/eth/TARGET_LPC4337/TOOLCHAIN_GCC_ARM/libeth.a(igmp.o)
                0x0000000014003e08                igmp_report_groups
 .text.igmp_lookfor_group
                0x0000000014003e2c       0x20 /media/adems/e7cdae34-f8e0-4a3e-b804-7e3ff37522fe/mbed-os/BUILD/net/eth/TARGET_LPC4337/TOOLCHAIN_GCC_ARM/libeth.a(igmp.o)
                0x0000000014003e2c                igmp_lookfor_group
 .text.igmp_start
                0x0000000014003e4c       0x40 /media/adems/e7cdae34-f8e0-4a3e-b804-7e3ff37522fe/mbed-os/BUILD/net/eth/TARGET_LPC4337/TOOLCHAIN_GCC_ARM/libeth.a(igmp.o)
                0x0000000014003e4c                igmp_start
 .text.igmp_input
                0x0000000014003e8c       0xd0 /media/adems/e7cdae34-f8e0-4a3e-b804-7e3ff37522fe/mbed-os/BUILD/net/eth/TARGET_LPC4337/TOOLCHAIN_GCC_ARM/libeth.a(igmp.o)
                0x0000000014003e8c                igmp_input
 .text.igmp_joingroup
                0x0000000014003f5c       0xac /media/adems/e7cdae34-f8e0-4a3e-b804-7e3ff37522fe/mbed-os/BUILD/net/eth/TARGET_LPC4337/TOOLCHAIN_GCC_ARM/libeth.a(igmp.o)
                0x0000000014003f5c                igmp_joingroup
 .text.igmp_leavegroup
                0x0000000014004008       0xb0 /media/adems/e7cdae34-f8e0-4a3e-b804-7e3ff37522fe/mbed-os/BUILD/net/eth/TARGET_LPC4337/TOOLCHAIN_GCC_ARM/libeth.a(igmp.o)
                0x0000000014004008                igmp_leavegroup
 .text.igmp_tmr
                0x00000000140040b8       0x2c /media/adems/e7cdae34-f8e0-4a3e-b804-7e3ff37522fe/mbed-os/BUILD/net/eth/TARGET_LPC4337/TOOLCHAIN_GCC_ARM/libeth.a(igmp.o)
                0x00000000140040b8                igmp_tmr
 .text.inet_chksum_pseudo
                0x00000000140040e4       0x70 /media/adems/e7cdae34-f8e0-4a3e-b804-7e3ff37522fe/mbed-os/BUILD/net/eth/TARGET_LPC4337/TOOLCHAIN_GCC_ARM/libeth.a(inet_chksum.o)
                0x00000000140040e4                inet_chksum_pseudo
 .text.inet_chksum_pseudo_partial
                0x0000000014004154       0xa0 /media/adems/e7cdae34-f8e0-4a3e-b804-7e3ff37522fe/mbed-os/BUILD/net/eth/TARGET_LPC4337/TOOLCHAIN_GCC_ARM/libeth.a(inet_chksum.o)
                0x0000000014004154                inet_chksum_pseudo_partial
 .text.inet_chksum
                0x00000000140041f4        0xc /media/adems/e7cdae34-f8e0-4a3e-b804-7e3ff37522fe/mbed-os/BUILD/net/eth/TARGET_LPC4337/TOOLCHAIN_GCC_ARM/libeth.a(inet_chksum.o)
                0x00000000140041f4                inet_chksum
 .text.inet_chksum_pbuf
                0x0000000014004200       0x36 /media/adems/e7cdae34-f8e0-4a3e-b804-7e3ff37522fe/mbed-os/BUILD/net/eth/TARGET_LPC4337/TOOLCHAIN_GCC_ARM/libeth.a(inet_chksum.o)
                0x0000000014004200                inet_chksum_pbuf
 .text.lwip_chksum_copy
                0x0000000014004236       0x16 /media/adems/e7cdae34-f8e0-4a3e-b804-7e3ff37522fe/mbed-os/BUILD/net/eth/TARGET_LPC4337/TOOLCHAIN_GCC_ARM/libeth.a(inet_chksum.o)
                0x0000000014004236                lwip_chksum_copy
 .text.ip_route
                0x000000001400424c       0x3c /media/adems/e7cdae34-f8e0-4a3e-b804-7e3ff37522fe/mbed-os/BUILD/net/eth/TARGET_LPC4337/TOOLCHAIN_GCC_ARM/libeth.a(ip.o)
                0x000000001400424c                ip_route
 .text.ip_input
                0x0000000014004288      0x1bc /media/adems/e7cdae34-f8e0-4a3e-b804-7e3ff37522fe/mbed-os/BUILD/net/eth/TARGET_LPC4337/TOOLCHAIN_GCC_ARM/libeth.a(ip.o)
                0x0000000014004288                ip_input
 .text.ip_output_if_opt
                0x0000000014004444      0x154 /media/adems/e7cdae34-f8e0-4a3e-b804-7e3ff37522fe/mbed-os/BUILD/net/eth/TARGET_LPC4337/TOOLCHAIN_GCC_ARM/libeth.a(ip.o)
                0x0000000014004444                ip_output_if_opt
 .text.ip_output_if
                0x0000000014004598       0x22 /media/adems/e7cdae34-f8e0-4a3e-b804-7e3ff37522fe/mbed-os/BUILD/net/eth/TARGET_LPC4337/TOOLCHAIN_GCC_ARM/libeth.a(ip.o)
                0x0000000014004598                ip_output_if
 .text.ip_output
                0x00000000140045ba       0x38 /media/adems/e7cdae34-f8e0-4a3e-b804-7e3ff37522fe/mbed-os/BUILD/net/eth/TARGET_LPC4337/TOOLCHAIN_GCC_ARM/libeth.a(ip.o)
                0x00000000140045ba                ip_output
 .text.ip4_addr_isbroadcast
                0x00000000140045f2       0x3a /media/adems/e7cdae34-f8e0-4a3e-b804-7e3ff37522fe/mbed-os/BUILD/net/eth/TARGET_LPC4337/TOOLCHAIN_GCC_ARM/libeth.a(ip_addr.o)
                0x00000000140045f2                ip4_addr_isbroadcast
 .text.ipaddr_aton
                0x000000001400462c       0xf8 /media/adems/e7cdae34-f8e0-4a3e-b804-7e3ff37522fe/mbed-os/BUILD/net/eth/TARGET_LPC4337/TOOLCHAIN_GCC_ARM/libeth.a(ip_addr.o)
                0x000000001400462c                ipaddr_aton
 .text.ipaddr_addr
                0x0000000014004724       0x18 /media/adems/e7cdae34-f8e0-4a3e-b804-7e3ff37522fe/mbed-os/BUILD/net/eth/TARGET_LPC4337/TOOLCHAIN_GCC_ARM/libeth.a(ip_addr.o)
                0x0000000014004724                ipaddr_addr
 .text.ipaddr_ntoa_r
                0x000000001400473c       0x96 /media/adems/e7cdae34-f8e0-4a3e-b804-7e3ff37522fe/mbed-os/BUILD/net/eth/TARGET_LPC4337/TOOLCHAIN_GCC_ARM/libeth.a(ip_addr.o)
                0x000000001400473c                ipaddr_ntoa_r
 *fill*         0x00000000140047d2        0x2 
 .text.ipaddr_ntoa
                0x00000000140047d4        0xc /media/adems/e7cdae34-f8e0-4a3e-b804-7e3ff37522fe/mbed-os/BUILD/net/eth/TARGET_LPC4337/TOOLCHAIN_GCC_ARM/libeth.a(ip_addr.o)
                0x00000000140047d4                ipaddr_ntoa
 .text.mem_init
                0x00000000140047e0       0x48 /media/adems/e7cdae34-f8e0-4a3e-b804-7e3ff37522fe/mbed-os/BUILD/net/eth/TARGET_LPC4337/TOOLCHAIN_GCC_ARM/libeth.a(mem.o)
                0x00000000140047e0                mem_init
 .text.mem_free
                0x0000000014004828       0xb4 /media/adems/e7cdae34-f8e0-4a3e-b804-7e3ff37522fe/mbed-os/BUILD/net/eth/TARGET_LPC4337/TOOLCHAIN_GCC_ARM/libeth.a(mem.o)
                0x0000000014004828                mem_free
 .text.mem_trim
                0x00000000140048dc       0xe0 /media/adems/e7cdae34-f8e0-4a3e-b804-7e3ff37522fe/mbed-os/BUILD/net/eth/TARGET_LPC4337/TOOLCHAIN_GCC_ARM/libeth.a(mem.o)
                0x00000000140048dc                mem_trim
 .text.mem_malloc
                0x00000000140049bc       0xd0 /media/adems/e7cdae34-f8e0-4a3e-b804-7e3ff37522fe/mbed-os/BUILD/net/eth/TARGET_LPC4337/TOOLCHAIN_GCC_ARM/libeth.a(mem.o)
                0x00000000140049bc                mem_malloc
 .text.memp_init
                0x0000000014004a8c       0x48 /media/adems/e7cdae34-f8e0-4a3e-b804-7e3ff37522fe/mbed-os/BUILD/net/eth/TARGET_LPC4337/TOOLCHAIN_GCC_ARM/libeth.a(memp.o)
                0x0000000014004a8c                memp_init
 .text.memp_malloc
                0x0000000014004ad4       0x2c /media/adems/e7cdae34-f8e0-4a3e-b804-7e3ff37522fe/mbed-os/BUILD/net/eth/TARGET_LPC4337/TOOLCHAIN_GCC_ARM/libeth.a(memp.o)
                0x0000000014004ad4                memp_malloc
 .text.memp_free
                0x0000000014004b00       0x28 /media/adems/e7cdae34-f8e0-4a3e-b804-7e3ff37522fe/mbed-os/BUILD/net/eth/TARGET_LPC4337/TOOLCHAIN_GCC_ARM/libeth.a(memp.o)
                0x0000000014004b00                memp_free
 .text.ipfrag_free_pbuf_custom
                0x0000000014004b28       0x18 /media/adems/e7cdae34-f8e0-4a3e-b804-7e3ff37522fe/mbed-os/BUILD/net/eth/TARGET_LPC4337/TOOLCHAIN_GCC_ARM/libeth.a(ip_frag.o)
 .text.ip_reass_free_complete_datagram
                0x0000000014004b40       0x88 /media/adems/e7cdae34-f8e0-4a3e-b804-7e3ff37522fe/mbed-os/BUILD/net/eth/TARGET_LPC4337/TOOLCHAIN_GCC_ARM/libeth.a(ip_frag.o)
 .text.ip_reass_remove_oldest_datagram
                0x0000000014004bc8       0x6c /media/adems/e7cdae34-f8e0-4a3e-b804-7e3ff37522fe/mbed-os/BUILD/net/eth/TARGET_LPC4337/TOOLCHAIN_GCC_ARM/libeth.a(ip_frag.o)
 .text.ip_reass_tmr
                0x0000000014004c34       0x28 /media/adems/e7cdae34-f8e0-4a3e-b804-7e3ff37522fe/mbed-os/BUILD/net/eth/TARGET_LPC4337/TOOLCHAIN_GCC_ARM/libeth.a(ip_frag.o)
                0x0000000014004c34                ip_reass_tmr
 .text.ip_reass
                0x0000000014004c5c      0x298 /media/adems/e7cdae34-f8e0-4a3e-b804-7e3ff37522fe/mbed-os/BUILD/net/eth/TARGET_LPC4337/TOOLCHAIN_GCC_ARM/libeth.a(ip_frag.o)
                0x0000000014004c5c                ip_reass
 .text.ip_frag  0x0000000014004ef4      0x16c /media/adems/e7cdae34-f8e0-4a3e-b804-7e3ff37522fe/mbed-os/BUILD/net/eth/TARGET_LPC4337/TOOLCHAIN_GCC_ARM/libeth.a(ip_frag.o)
                0x0000000014004ef4                ip_frag
 .text.netif_init
                0x0000000014005060        0x2 /media/adems/e7cdae34-f8e0-4a3e-b804-7e3ff37522fe/mbed-os/BUILD/net/eth/TARGET_LPC4337/TOOLCHAIN_GCC_ARM/libeth.a(netif.o)
                0x0000000014005060                netif_init
 *fill*         0x0000000014005062        0x2 
 .text.netif_set_ipaddr
                0x0000000014005064       0x64 /media/adems/e7cdae34-f8e0-4a3e-b804-7e3ff37522fe/mbed-os/BUILD/net/eth/TARGET_LPC4337/TOOLCHAIN_GCC_ARM/libeth.a(netif.o)
                0x0000000014005064                netif_set_ipaddr
 .text.netif_set_addr
                0x00000000140050c8       0x1a /media/adems/e7cdae34-f8e0-4a3e-b804-7e3ff37522fe/mbed-os/BUILD/net/eth/TARGET_LPC4337/TOOLCHAIN_GCC_ARM/libeth.a(netif.o)
                0x00000000140050c8                netif_set_addr
 *fill*         0x00000000140050e2        0x2 
 .text.netif_add
                0x00000000140050e4       0x64 /media/adems/e7cdae34-f8e0-4a3e-b804-7e3ff37522fe/mbed-os/BUILD/net/eth/TARGET_LPC4337/TOOLCHAIN_GCC_ARM/libeth.a(netif.o)
                0x00000000140050e4                netif_add
 .text.netif_set_gw
                0x0000000014005148        0x8 /media/adems/e7cdae34-f8e0-4a3e-b804-7e3ff37522fe/mbed-os/BUILD/net/eth/TARGET_LPC4337/TOOLCHAIN_GCC_ARM/libeth.a(netif.o)
                0x0000000014005148                netif_set_gw
 .text.netif_set_netmask
                0x0000000014005150        0x8 /media/adems/e7cdae34-f8e0-4a3e-b804-7e3ff37522fe/mbed-os/BUILD/net/eth/TARGET_LPC4337/TOOLCHAIN_GCC_ARM/libeth.a(netif.o)
                0x0000000014005150                netif_set_netmask
 .text.netif_set_default
                0x0000000014005158        0xc /media/adems/e7cdae34-f8e0-4a3e-b804-7e3ff37522fe/mbed-os/BUILD/net/eth/TARGET_LPC4337/TOOLCHAIN_GCC_ARM/libeth.a(netif.o)
                0x0000000014005158                netif_set_default
 .text.netif_set_up
                0x0000000014005164       0x42 /media/adems/e7cdae34-f8e0-4a3e-b804-7e3ff37522fe/mbed-os/BUILD/net/eth/TARGET_LPC4337/TOOLCHAIN_GCC_ARM/libeth.a(netif.o)
                0x0000000014005164                netif_set_up
 .text.netif_set_down
                0x00000000140051a6       0x18 /media/adems/e7cdae34-f8e0-4a3e-b804-7e3ff37522fe/mbed-os/BUILD/net/eth/TARGET_LPC4337/TOOLCHAIN_GCC_ARM/libeth.a(netif.o)
                0x00000000140051a6                netif_set_down
 .text.netif_set_status_callback
                0x00000000140051be        0x6 /media/adems/e7cdae34-f8e0-4a3e-b804-7e3ff37522fe/mbed-os/BUILD/net/eth/TARGET_LPC4337/TOOLCHAIN_GCC_ARM/libeth.a(netif.o)
                0x00000000140051be                netif_set_status_callback
 .text.netif_set_link_up
                0x00000000140051c4       0x4c /media/adems/e7cdae34-f8e0-4a3e-b804-7e3ff37522fe/mbed-os/BUILD/net/eth/TARGET_LPC4337/TOOLCHAIN_GCC_ARM/libeth.a(netif.o)
                0x00000000140051c4                netif_set_link_up
 .text.netif_set_link_down
                0x0000000014005210       0x18 /media/adems/e7cdae34-f8e0-4a3e-b804-7e3ff37522fe/mbed-os/BUILD/net/eth/TARGET_LPC4337/TOOLCHAIN_GCC_ARM/libeth.a(netif.o)
                0x0000000014005210                netif_set_link_down
 .text.netif_set_link_callback
                0x0000000014005228        0x6 /media/adems/e7cdae34-f8e0-4a3e-b804-7e3ff37522fe/mbed-os/BUILD/net/eth/TARGET_LPC4337/TOOLCHAIN_GCC_ARM/libeth.a(netif.o)
                0x0000000014005228                netif_set_link_callback
 .text.pbuf_alloced_custom
                0x000000001400522e       0x5a /media/adems/e7cdae34-f8e0-4a3e-b804-7e3ff37522fe/mbed-os/BUILD/net/eth/TARGET_LPC4337/TOOLCHAIN_GCC_ARM/libeth.a(pbuf.o)
                0x000000001400522e                pbuf_alloced_custom
 .text.pbuf_header
                0x0000000014005288       0x58 /media/adems/e7cdae34-f8e0-4a3e-b804-7e3ff37522fe/mbed-os/BUILD/net/eth/TARGET_LPC4337/TOOLCHAIN_GCC_ARM/libeth.a(pbuf.o)
                0x0000000014005288                pbuf_header
 .text.pbuf_free
                0x00000000140052e0       0x5c /media/adems/e7cdae34-f8e0-4a3e-b804-7e3ff37522fe/mbed-os/BUILD/net/eth/TARGET_LPC4337/TOOLCHAIN_GCC_ARM/libeth.a(pbuf.o)
                0x00000000140052e0                pbuf_free
 .text.pbuf_alloc
                0x000000001400533c      0x108 /media/adems/e7cdae34-f8e0-4a3e-b804-7e3ff37522fe/mbed-os/BUILD/net/eth/TARGET_LPC4337/TOOLCHAIN_GCC_ARM/libeth.a(pbuf.o)
                0x000000001400533c                pbuf_alloc
 .text.pbuf_realloc
                0x0000000014005444       0x4a /media/adems/e7cdae34-f8e0-4a3e-b804-7e3ff37522fe/mbed-os/BUILD/net/eth/TARGET_LPC4337/TOOLCHAIN_GCC_ARM/libeth.a(pbuf.o)
                0x0000000014005444                pbuf_realloc
 .text.pbuf_clen
                0x000000001400548e       0x10 /media/adems/e7cdae34-f8e0-4a3e-b804-7e3ff37522fe/mbed-os/BUILD/net/eth/TARGET_LPC4337/TOOLCHAIN_GCC_ARM/libeth.a(pbuf.o)
                0x000000001400548e                pbuf_clen
 .text.pbuf_ref
                0x000000001400549e       0x1a /media/adems/e7cdae34-f8e0-4a3e-b804-7e3ff37522fe/mbed-os/BUILD/net/eth/TARGET_LPC4337/TOOLCHAIN_GCC_ARM/libeth.a(pbuf.o)
                0x000000001400549e                pbuf_ref
 .text.pbuf_cat
                0x00000000140054b8       0x22 /media/adems/e7cdae34-f8e0-4a3e-b804-7e3ff37522fe/mbed-os/BUILD/net/eth/TARGET_LPC4337/TOOLCHAIN_GCC_ARM/libeth.a(pbuf.o)
                0x00000000140054b8                pbuf_cat
 .text.pbuf_chain
                0x00000000140054da       0x12 /media/adems/e7cdae34-f8e0-4a3e-b804-7e3ff37522fe/mbed-os/BUILD/net/eth/TARGET_LPC4337/TOOLCHAIN_GCC_ARM/libeth.a(pbuf.o)
                0x00000000140054da                pbuf_chain
 .text.pbuf_copy
                0x00000000140054ec       0x96 /media/adems/e7cdae34-f8e0-4a3e-b804-7e3ff37522fe/mbed-os/BUILD/net/eth/TARGET_LPC4337/TOOLCHAIN_GCC_ARM/libeth.a(pbuf.o)
                0x00000000140054ec                pbuf_copy
 .text.pbuf_copy_partial
                0x0000000014005582       0x68 /media/adems/e7cdae34-f8e0-4a3e-b804-7e3ff37522fe/mbed-os/BUILD/net/eth/TARGET_LPC4337/TOOLCHAIN_GCC_ARM/libeth.a(pbuf.o)
                0x0000000014005582                pbuf_copy_partial
 *fill*         0x00000000140055ea        0x2 
 .text.sys_timeout
                0x00000000140055ec       0x58 /media/adems/e7cdae34-f8e0-4a3e-b804-7e3ff37522fe/mbed-os/BUILD/net/eth/TARGET_LPC4337/TOOLCHAIN_GCC_ARM/libeth.a(timers.o)
                0x00000000140055ec                sys_timeout
 .text.tcp_timer_needed
                0x0000000014005644       0x34 /media/adems/e7cdae34-f8e0-4a3e-b804-7e3ff37522fe/mbed-os/BUILD/net/eth/TARGET_LPC4337/TOOLCHAIN_GCC_ARM/libeth.a(timers.o)
                0x0000000014005644                tcp_timer_needed
 .text.tcpip_tcp_timer
                0x0000000014005678       0x38 /media/adems/e7cdae34-f8e0-4a3e-b804-7e3ff37522fe/mbed-os/BUILD/net/eth/TARGET_LPC4337/TOOLCHAIN_GCC_ARM/libeth.a(timers.o)
 .text.sys_timeouts_init
                0x00000000140056b0       0x64 /media/adems/e7cdae34-f8e0-4a3e-b804-7e3ff37522fe/mbed-os/BUILD/net/eth/TARGET_LPC4337/TOOLCHAIN_GCC_ARM/libeth.a(timers.o)
                0x00000000140056b0                sys_timeouts_init
 .text.dns_timer
                0x0000000014005714       0x1c /media/adems/e7cdae34-f8e0-4a3e-b804-7e3ff37522fe/mbed-os/BUILD/net/eth/TARGET_LPC4337/TOOLCHAIN_GCC_ARM/libeth.a(timers.o)
 .text.igmp_timer
                0x0000000014005730       0x18 /media/adems/e7cdae34-f8e0-4a3e-b804-7e3ff37522fe/mbed-os/BUILD/net/eth/TARGET_LPC4337/TOOLCHAIN_GCC_ARM/libeth.a(timers.o)
 .text.dhcp_timer_fine
                0x0000000014005748       0x1c /media/adems/e7cdae34-f8e0-4a3e-b804-7e3ff37522fe/mbed-os/BUILD/net/eth/TARGET_LPC4337/TOOLCHAIN_GCC_ARM/libeth.a(timers.o)
 .text.dhcp_timer_coarse
                0x0000000014005764       0x1c /media/adems/e7cdae34-f8e0-4a3e-b804-7e3ff37522fe/mbed-os/BUILD/net/eth/TARGET_LPC4337/TOOLCHAIN_GCC_ARM/libeth.a(timers.o)
 .text.arp_timer
                0x0000000014005780       0x1c /media/adems/e7cdae34-f8e0-4a3e-b804-7e3ff37522fe/mbed-os/BUILD/net/eth/TARGET_LPC4337/TOOLCHAIN_GCC_ARM/libeth.a(timers.o)
 .text.ip_reass_timer
                0x000000001400579c       0x1c /media/adems/e7cdae34-f8e0-4a3e-b804-7e3ff37522fe/mbed-os/BUILD/net/eth/TARGET_LPC4337/TOOLCHAIN_GCC_ARM/libeth.a(timers.o)
 .text.sys_untimeout
                0x00000000140057b8       0x48 /media/adems/e7cdae34-f8e0-4a3e-b804-7e3ff37522fe/mbed-os/BUILD/net/eth/TARGET_LPC4337/TOOLCHAIN_GCC_ARM/libeth.a(timers.o)
                0x00000000140057b8                sys_untimeout
 .text.sys_timeouts_mbox_fetch
                0x0000000014005800       0x58 /media/adems/e7cdae34-f8e0-4a3e-b804-7e3ff37522fe/mbed-os/BUILD/net/eth/TARGET_LPC4337/TOOLCHAIN_GCC_ARM/libeth.a(timers.o)
                0x0000000014005800                sys_timeouts_mbox_fetch
 .text.tcp_new_port
                0x0000000014005858       0x40 /media/adems/e7cdae34-f8e0-4a3e-b804-7e3ff37522fe/mbed-os/BUILD/net/eth/TARGET_LPC4337/TOOLCHAIN_GCC_ARM/libeth.a(tcp.o)
 .text.tcp_bind
                0x0000000014005898       0x68 /media/adems/e7cdae34-f8e0-4a3e-b804-7e3ff37522fe/mbed-os/BUILD/net/eth/TARGET_LPC4337/TOOLCHAIN_GCC_ARM/libeth.a(tcp.o)
                0x0000000014005898                tcp_bind
 .text.tcp_update_rcv_ann_wnd
                0x0000000014005900       0x36 /media/adems/e7cdae34-f8e0-4a3e-b804-7e3ff37522fe/mbed-os/BUILD/net/eth/TARGET_LPC4337/TOOLCHAIN_GCC_ARM/libeth.a(tcp.o)
                0x0000000014005900                tcp_update_rcv_ann_wnd
 .text.tcp_recved
                0x0000000014005936       0x3a /media/adems/e7cdae34-f8e0-4a3e-b804-7e3ff37522fe/mbed-os/BUILD/net/eth/TARGET_LPC4337/TOOLCHAIN_GCC_ARM/libeth.a(tcp.o)
                0x0000000014005936                tcp_recved
 .text.tcp_seg_free
                0x0000000014005970       0x1c /media/adems/e7cdae34-f8e0-4a3e-b804-7e3ff37522fe/mbed-os/BUILD/net/eth/TARGET_LPC4337/TOOLCHAIN_GCC_ARM/libeth.a(tcp.o)
                0x0000000014005970                tcp_seg_free
 .text.tcp_segs_free
                0x000000001400598c       0x10 /media/adems/e7cdae34-f8e0-4a3e-b804-7e3ff37522fe/mbed-os/BUILD/net/eth/TARGET_LPC4337/TOOLCHAIN_GCC_ARM/libeth.a(tcp.o)
                0x000000001400598c                tcp_segs_free
 .text.tcp_arg  0x000000001400599c        0x4 /media/adems/e7cdae34-f8e0-4a3e-b804-7e3ff37522fe/mbed-os/BUILD/net/eth/TARGET_LPC4337/TOOLCHAIN_GCC_ARM/libeth.a(tcp.o)
                0x000000001400599c                tcp_arg
 .text.tcp_recv
                0x00000000140059a0        0x6 /media/adems/e7cdae34-f8e0-4a3e-b804-7e3ff37522fe/mbed-os/BUILD/net/eth/TARGET_LPC4337/TOOLCHAIN_GCC_ARM/libeth.a(tcp.o)
                0x00000000140059a0                tcp_recv
 .text.tcp_sent
                0x00000000140059a6        0x6 /media/adems/e7cdae34-f8e0-4a3e-b804-7e3ff37522fe/mbed-os/BUILD/net/eth/TARGET_LPC4337/TOOLCHAIN_GCC_ARM/libeth.a(tcp.o)
                0x00000000140059a6                tcp_sent
 .text.tcp_err  0x00000000140059ac        0x6 /media/adems/e7cdae34-f8e0-4a3e-b804-7e3ff37522fe/mbed-os/BUILD/net/eth/TARGET_LPC4337/TOOLCHAIN_GCC_ARM/libeth.a(tcp.o)
                0x00000000140059ac                tcp_err
 .text.tcp_accept
                0x00000000140059b2        0x4 /media/adems/e7cdae34-f8e0-4a3e-b804-7e3ff37522fe/mbed-os/BUILD/net/eth/TARGET_LPC4337/TOOLCHAIN_GCC_ARM/libeth.a(tcp.o)
                0x00000000140059b2                tcp_accept
 .text.tcp_poll
                0x00000000140059b6        0xa /media/adems/e7cdae34-f8e0-4a3e-b804-7e3ff37522fe/mbed-os/BUILD/net/eth/TARGET_LPC4337/TOOLCHAIN_GCC_ARM/libeth.a(tcp.o)
                0x00000000140059b6                tcp_poll
 .text.tcp_pcb_purge
                0x00000000140059c0       0x34 /media/adems/e7cdae34-f8e0-4a3e-b804-7e3ff37522fe/mbed-os/BUILD/net/eth/TARGET_LPC4337/TOOLCHAIN_GCC_ARM/libeth.a(tcp.o)
                0x00000000140059c0                tcp_pcb_purge
 .text.tcp_slowtmr
                0x00000000140059f4      0x240 /media/adems/e7cdae34-f8e0-4a3e-b804-7e3ff37522fe/mbed-os/BUILD/net/eth/TARGET_LPC4337/TOOLCHAIN_GCC_ARM/libeth.a(tcp.o)
                0x00000000140059f4                tcp_slowtmr
 .text.tcp_pcb_remove
                0x0000000014005c34       0x60 /media/adems/e7cdae34-f8e0-4a3e-b804-7e3ff37522fe/mbed-os/BUILD/net/eth/TARGET_LPC4337/TOOLCHAIN_GCC_ARM/libeth.a(tcp.o)
                0x0000000014005c34                tcp_pcb_remove
 .text.tcp_close_shutdown
                0x0000000014005c94      0x108 /media/adems/e7cdae34-f8e0-4a3e-b804-7e3ff37522fe/mbed-os/BUILD/net/eth/TARGET_LPC4337/TOOLCHAIN_GCC_ARM/libeth.a(tcp.o)
 .text.tcp_close
                0x0000000014005d9c       0x18 /media/adems/e7cdae34-f8e0-4a3e-b804-7e3ff37522fe/mbed-os/BUILD/net/eth/TARGET_LPC4337/TOOLCHAIN_GCC_ARM/libeth.a(tcp.o)
                0x0000000014005d9c                tcp_close
 .text.tcp_recv_null
                0x0000000014005db4       0x24 /media/adems/e7cdae34-f8e0-4a3e-b804-7e3ff37522fe/mbed-os/BUILD/net/eth/TARGET_LPC4337/TOOLCHAIN_GCC_ARM/libeth.a(tcp.o)
                0x0000000014005db4                tcp_recv_null
 .text.tcp_fasttmr
                0x0000000014005dd8       0x60 /media/adems/e7cdae34-f8e0-4a3e-b804-7e3ff37522fe/mbed-os/BUILD/net/eth/TARGET_LPC4337/TOOLCHAIN_GCC_ARM/libeth.a(tcp.o)
                0x0000000014005dd8                tcp_fasttmr
 .text.tcp_tmr  0x0000000014005e38       0x24 /media/adems/e7cdae34-f8e0-4a3e-b804-7e3ff37522fe/mbed-os/BUILD/net/eth/TARGET_LPC4337/TOOLCHAIN_GCC_ARM/libeth.a(tcp.o)
                0x0000000014005e38                tcp_tmr
 .text.tcp_shutdown
                0x0000000014005e5c       0x56 /media/adems/e7cdae34-f8e0-4a3e-b804-7e3ff37522fe/mbed-os/BUILD/net/eth/TARGET_LPC4337/TOOLCHAIN_GCC_ARM/libeth.a(tcp.o)
                0x0000000014005e5c                tcp_shutdown
 *fill*         0x0000000014005eb2        0x2 
 .text.tcp_abandon
                0x0000000014005eb4       0x90 /media/adems/e7cdae34-f8e0-4a3e-b804-7e3ff37522fe/mbed-os/BUILD/net/eth/TARGET_LPC4337/TOOLCHAIN_GCC_ARM/libeth.a(tcp.o)
                0x0000000014005eb4                tcp_abandon
 .text.tcp_abort
                0x0000000014005f44        0x6 /media/adems/e7cdae34-f8e0-4a3e-b804-7e3ff37522fe/mbed-os/BUILD/net/eth/TARGET_LPC4337/TOOLCHAIN_GCC_ARM/libeth.a(tcp.o)
                0x0000000014005f44                tcp_abort
 *fill*         0x0000000014005f4a        0x2 
 .text.tcp_next_iss
                0x0000000014005f4c       0x18 /media/adems/e7cdae34-f8e0-4a3e-b804-7e3ff37522fe/mbed-os/BUILD/net/eth/TARGET_LPC4337/TOOLCHAIN_GCC_ARM/libeth.a(tcp.o)
                0x0000000014005f4c                tcp_next_iss
 .text.tcp_alloc
                0x0000000014005f64      0x108 /media/adems/e7cdae34-f8e0-4a3e-b804-7e3ff37522fe/mbed-os/BUILD/net/eth/TARGET_LPC4337/TOOLCHAIN_GCC_ARM/libeth.a(tcp.o)
                0x0000000014005f64                tcp_alloc
 .text.tcp_new  0x000000001400606c        0x6 /media/adems/e7cdae34-f8e0-4a3e-b804-7e3ff37522fe/mbed-os/BUILD/net/eth/TARGET_LPC4337/TOOLCHAIN_GCC_ARM/libeth.a(tcp.o)
                0x000000001400606c                tcp_new
 .text.tcp_eff_send_mss
                0x0000000014006072       0x1e /media/adems/e7cdae34-f8e0-4a3e-b804-7e3ff37522fe/mbed-os/BUILD/net/eth/TARGET_LPC4337/TOOLCHAIN_GCC_ARM/libeth.a(tcp.o)
                0x0000000014006072                tcp_eff_send_mss
 .text.tcp_seg_add_chksum
                0x0000000014006090       0x20 /media/adems/e7cdae34-f8e0-4a3e-b804-7e3ff37522fe/mbed-os/BUILD/net/eth/TARGET_LPC4337/TOOLCHAIN_GCC_ARM/libeth.a(tcp_out.o)
 .text.tcp_create_segment
                0x00000000140060b0       0x9a /media/adems/e7cdae34-f8e0-4a3e-b804-7e3ff37522fe/mbed-os/BUILD/net/eth/TARGET_LPC4337/TOOLCHAIN_GCC_ARM/libeth.a(tcp_out.o)
 .text.tcp_output_alloc_header.constprop.0
                0x000000001400614a       0x48 /media/adems/e7cdae34-f8e0-4a3e-b804-7e3ff37522fe/mbed-os/BUILD/net/eth/TARGET_LPC4337/TOOLCHAIN_GCC_ARM/libeth.a(tcp_out.o)
 .text.tcp_write
                0x0000000014006192      0x306 /media/adems/e7cdae34-f8e0-4a3e-b804-7e3ff37522fe/mbed-os/BUILD/net/eth/TARGET_LPC4337/TOOLCHAIN_GCC_ARM/libeth.a(tcp_out.o)
                0x0000000014006192                tcp_write
 .text.tcp_enqueue_flags
                0x0000000014006498       0x9a /media/adems/e7cdae34-f8e0-4a3e-b804-7e3ff37522fe/mbed-os/BUILD/net/eth/TARGET_LPC4337/TOOLCHAIN_GCC_ARM/libeth.a(tcp_out.o)
                0x0000000014006498                tcp_enqueue_flags
 .text.tcp_send_fin
                0x0000000014006532       0x30 /media/adems/e7cdae34-f8e0-4a3e-b804-7e3ff37522fe/mbed-os/BUILD/net/eth/TARGET_LPC4337/TOOLCHAIN_GCC_ARM/libeth.a(tcp_out.o)
                0x0000000014006532                tcp_send_fin
 .text.tcp_send_empty_ack
                0x0000000014006562       0x58 /media/adems/e7cdae34-f8e0-4a3e-b804-7e3ff37522fe/mbed-os/BUILD/net/eth/TARGET_LPC4337/TOOLCHAIN_GCC_ARM/libeth.a(tcp_out.o)
                0x0000000014006562                tcp_send_empty_ack
 *fill*         0x00000000140065ba        0x2 
 .text.tcp_output
                0x00000000140065bc      0x244 /media/adems/e7cdae34-f8e0-4a3e-b804-7e3ff37522fe/mbed-os/BUILD/net/eth/TARGET_LPC4337/TOOLCHAIN_GCC_ARM/libeth.a(tcp_out.o)
                0x00000000140065bc                tcp_output
 .text.tcp_rst  0x0000000014006800       0x8e /media/adems/e7cdae34-f8e0-4a3e-b804-7e3ff37522fe/mbed-os/BUILD/net/eth/TARGET_LPC4337/TOOLCHAIN_GCC_ARM/libeth.a(tcp_out.o)
                0x0000000014006800                tcp_rst
 .text.tcp_rexmit_rto
                0x000000001400688e       0x2e /media/adems/e7cdae34-f8e0-4a3e-b804-7e3ff37522fe/mbed-os/BUILD/net/eth/TARGET_LPC4337/TOOLCHAIN_GCC_ARM/libeth.a(tcp_out.o)
                0x000000001400688e                tcp_rexmit_rto
 .text.tcp_rexmit
                0x00000000140068bc       0x3e /media/adems/e7cdae34-f8e0-4a3e-b804-7e3ff37522fe/mbed-os/BUILD/net/eth/TARGET_LPC4337/TOOLCHAIN_GCC_ARM/libeth.a(tcp_out.o)
                0x00000000140068bc                tcp_rexmit
 .text.tcp_rexmit_fast
                0x00000000140068fa       0x56 /media/adems/e7cdae34-f8e0-4a3e-b804-7e3ff37522fe/mbed-os/BUILD/net/eth/TARGET_LPC4337/TOOLCHAIN_GCC_ARM/libeth.a(tcp_out.o)
                0x00000000140068fa                tcp_rexmit_fast
 .text.tcp_keepalive
                0x0000000014006950       0x4c /media/adems/e7cdae34-f8e0-4a3e-b804-7e3ff37522fe/mbed-os/BUILD/net/eth/TARGET_LPC4337/TOOLCHAIN_GCC_ARM/libeth.a(tcp_out.o)
                0x0000000014006950                tcp_keepalive
 .text.tcp_zero_window_probe
                0x000000001400699c       0xa4 /media/adems/e7cdae34-f8e0-4a3e-b804-7e3ff37522fe/mbed-os/BUILD/net/eth/TARGET_LPC4337/TOOLCHAIN_GCC_ARM/libeth.a(tcp_out.o)
                0x000000001400699c                tcp_zero_window_probe
 .text.udp_input
                0x0000000014006a40      0x1a4 /media/adems/e7cdae34-f8e0-4a3e-b804-7e3ff37522fe/mbed-os/BUILD/net/eth/TARGET_LPC4337/TOOLCHAIN_GCC_ARM/libeth.a(udp.o)
                0x0000000014006a40                udp_input
 .text.udp_bind
                0x0000000014006be4       0x74 /media/adems/e7cdae34-f8e0-4a3e-b804-7e3ff37522fe/mbed-os/BUILD/net/eth/TARGET_LPC4337/TOOLCHAIN_GCC_ARM/libeth.a(udp.o)
                0x0000000014006be4                udp_bind
 .text.udp_sendto_if_chksum
                0x0000000014006c58      0x134 /media/adems/e7cdae34-f8e0-4a3e-b804-7e3ff37522fe/mbed-os/BUILD/net/eth/TARGET_LPC4337/TOOLCHAIN_GCC_ARM/libeth.a(udp.o)
                0x0000000014006c58                udp_sendto_if_chksum
 .text.udp_sendto_chksum
                0x0000000014006d8c       0x44 /media/adems/e7cdae34-f8e0-4a3e-b804-7e3ff37522fe/mbed-os/BUILD/net/eth/TARGET_LPC4337/TOOLCHAIN_GCC_ARM/libeth.a(udp.o)
                0x0000000014006d8c                udp_sendto_chksum
 .text.udp_sendto
                0x0000000014006dd0       0x10 /media/adems/e7cdae34-f8e0-4a3e-b804-7e3ff37522fe/mbed-os/BUILD/net/eth/TARGET_LPC4337/TOOLCHAIN_GCC_ARM/libeth.a(udp.o)
                0x0000000014006dd0                udp_sendto
 .text.udp_sendto_if
                0x0000000014006de0       0x14 /media/adems/e7cdae34-f8e0-4a3e-b804-7e3ff37522fe/mbed-os/BUILD/net/eth/TARGET_LPC4337/TOOLCHAIN_GCC_ARM/libeth.a(udp.o)
                0x0000000014006de0                udp_sendto_if
 .text.udp_connect
                0x0000000014006df4       0x4c /media/adems/e7cdae34-f8e0-4a3e-b804-7e3ff37522fe/mbed-os/BUILD/net/eth/TARGET_LPC4337/TOOLCHAIN_GCC_ARM/libeth.a(udp.o)
                0x0000000014006df4                udp_connect
 .text.udp_recv
                0x0000000014006e40        0x6 /media/adems/e7cdae34-f8e0-4a3e-b804-7e3ff37522fe/mbed-os/BUILD/net/eth/TARGET_LPC4337/TOOLCHAIN_GCC_ARM/libeth.a(udp.o)
                0x0000000014006e40                udp_recv
 *fill*         0x0000000014006e46        0x2 
 .text.udp_remove
                0x0000000014006e48       0x2c /media/adems/e7cdae34-f8e0-4a3e-b804-7e3ff37522fe/mbed-os/BUILD/net/eth/TARGET_LPC4337/TOOLCHAIN_GCC_ARM/libeth.a(udp.o)
                0x0000000014006e48                udp_remove
 .text.udp_new  0x0000000014006e74       0x1c /media/adems/e7cdae34-f8e0-4a3e-b804-7e3ff37522fe/mbed-os/BUILD/net/eth/TARGET_LPC4337/TOOLCHAIN_GCC_ARM/libeth.a(udp.o)
                0x0000000014006e74                udp_new
 .text.tcp_receive
                0x0000000014006e90      0x404 /media/adems/e7cdae34-f8e0-4a3e-b804-7e3ff37522fe/mbed-os/BUILD/net/eth/TARGET_LPC4337/TOOLCHAIN_GCC_ARM/libeth.a(tcp_in.o)
 .text.tcp_parseopt.isra.0
                0x0000000014007294       0x74 /media/adems/e7cdae34-f8e0-4a3e-b804-7e3ff37522fe/mbed-os/BUILD/net/eth/TARGET_LPC4337/TOOLCHAIN_GCC_ARM/libeth.a(tcp_in.o)
 .text.tcp_input
                0x0000000014007308      0x7fc /media/adems/e7cdae34-f8e0-4a3e-b804-7e3ff37522fe/mbed-os/BUILD/net/eth/TARGET_LPC4337/TOOLCHAIN_GCC_ARM/libeth.a(tcp_in.o)
                0x0000000014007308                tcp_input
 .text.etharp_send_ip
                0x0000000014007b04       0x34 /media/adems/e7cdae34-f8e0-4a3e-b804-7e3ff37522fe/mbed-os/BUILD/net/eth/TARGET_LPC4337/TOOLCHAIN_GCC_ARM/libeth.a(etharp.o)
 .text.find_entry
                0x0000000014007b38       0xe8 /media/adems/e7cdae34-f8e0-4a3e-b804-7e3ff37522fe/mbed-os/BUILD/net/eth/TARGET_LPC4337/TOOLCHAIN_GCC_ARM/libeth.a(etharp.o)
 .text.etharp_tmr
                0x0000000014007c20       0x40 /media/adems/e7cdae34-f8e0-4a3e-b804-7e3ff37522fe/mbed-os/BUILD/net/eth/TARGET_LPC4337/TOOLCHAIN_GCC_ARM/libeth.a(etharp.o)
                0x0000000014007c20                etharp_tmr
 .text.etharp_request
                0x0000000014007c60       0xa8 /media/adems/e7cdae34-f8e0-4a3e-b804-7e3ff37522fe/mbed-os/BUILD/net/eth/TARGET_LPC4337/TOOLCHAIN_GCC_ARM/libeth.a(etharp.o)
                0x0000000014007c60                etharp_request
 .text.etharp_query
                0x0000000014007d08       0xec /media/adems/e7cdae34-f8e0-4a3e-b804-7e3ff37522fe/mbed-os/BUILD/net/eth/TARGET_LPC4337/TOOLCHAIN_GCC_ARM/libeth.a(etharp.o)
                0x0000000014007d08                etharp_query
 .text.etharp_output
                0x0000000014007df4       0xd0 /media/adems/e7cdae34-f8e0-4a3e-b804-7e3ff37522fe/mbed-os/BUILD/net/eth/TARGET_LPC4337/TOOLCHAIN_GCC_ARM/libeth.a(etharp.o)
                0x0000000014007df4                etharp_output
 .text.ethernet_input
                0x0000000014007ec4      0x1a0 /media/adems/e7cdae34-f8e0-4a3e-b804-7e3ff37522fe/mbed-os/BUILD/net/eth/TARGET_LPC4337/TOOLCHAIN_GCC_ARM/libeth.a(etharp.o)
                0x0000000014007ec4                ethernet_input
 .text._ZN6SocketC2Ev
                0x0000000014008064       0x12 /media/adems/e7cdae34-f8e0-4a3e-b804-7e3ff37522fe/mbed-os/BUILD/net/eth/TARGET_LPC4337/TOOLCHAIN_GCC_ARM/libeth.a(Socket.o)
                0x0000000014008064                Socket::Socket()
                0x0000000014008064                Socket::Socket()
 .text._ZN6Socket11init_socketEi
                0x0000000014008076       0x22 /media/adems/e7cdae34-f8e0-4a3e-b804-7e3ff37522fe/mbed-os/BUILD/net/eth/TARGET_LPC4337/TOOLCHAIN_GCC_ARM/libeth.a(Socket.o)
                0x0000000014008076                Socket::init_socket(int)
 .text._ZN6Socket10set_optionEiiPKvm
                0x0000000014008098        0x6 /media/adems/e7cdae34-f8e0-4a3e-b804-7e3ff37522fe/mbed-os/BUILD/net/eth/TARGET_LPC4337/TOOLCHAIN_GCC_ARM/libeth.a(Socket.o)
                0x0000000014008098                Socket::set_option(int, int, void const*, unsigned long)
 .text._ZN6Socket6selectEP7timevalbb
                0x000000001400809e       0x7c /media/adems/e7cdae34-f8e0-4a3e-b804-7e3ff37522fe/mbed-os/BUILD/net/eth/TARGET_LPC4337/TOOLCHAIN_GCC_ARM/libeth.a(Socket.o)
                0x000000001400809e                Socket::select(timeval*, bool, bool)
 .text._ZN6Socket13wait_readableER12TimeInterval
                0x000000001400811a        0x8 /media/adems/e7cdae34-f8e0-4a3e-b804-7e3ff37522fe/mbed-os/BUILD/net/eth/TARGET_LPC4337/TOOLCHAIN_GCC_ARM/libeth.a(Socket.o)
                0x000000001400811a                Socket::wait_readable(TimeInterval&)
 .text._ZN6Socket5closeEb
                0x0000000014008122       0x28 /media/adems/e7cdae34-f8e0-4a3e-b804-7e3ff37522fe/mbed-os/BUILD/net/eth/TARGET_LPC4337/TOOLCHAIN_GCC_ARM/libeth.a(Socket.o)
                0x0000000014008122                Socket::close(bool)
 *fill*         0x000000001400814a        0x2 
 .text._ZN12TimeIntervalC2Ej
                0x000000001400814c       0x1c /media/adems/e7cdae34-f8e0-4a3e-b804-7e3ff37522fe/mbed-os/BUILD/net/eth/TARGET_LPC4337/TOOLCHAIN_GCC_ARM/libeth.a(Socket.o)
                0x000000001400814c                TimeInterval::TimeInterval(unsigned int)
                0x000000001400814c                TimeInterval::TimeInterval(unsigned int)
 .text.thumb2_checksum
                0x0000000014008168       0x7a /media/adems/e7cdae34-f8e0-4a3e-b804-7e3ff37522fe/mbed-os/BUILD/net/eth/TARGET_LPC4337/TOOLCHAIN_GCC_ARM/libeth.a(checksum.o)
                0x0000000014008168                thumb2_checksum
 *fill*         0x00000000140081e2        0x2 
 .text.netconn_close_shutdown
                0x00000000140081e4       0x3c /media/adems/e7cdae34-f8e0-4a3e-b804-7e3ff37522fe/mbed-os/BUILD/net/eth/TARGET_LPC4337/TOOLCHAIN_GCC_ARM/libeth.a(api_lib.o)
 .text.netconn_recv_data
                0x0000000014008220       0xc8 /media/adems/e7cdae34-f8e0-4a3e-b804-7e3ff37522fe/mbed-os/BUILD/net/eth/TARGET_LPC4337/TOOLCHAIN_GCC_ARM/libeth.a(api_lib.o)
 .text.netconn_new_with_proto_and_callback
                0x00000000140082e8       0x48 /media/adems/e7cdae34-f8e0-4a3e-b804-7e3ff37522fe/mbed-os/BUILD/net/eth/TARGET_LPC4337/TOOLCHAIN_GCC_ARM/libeth.a(api_lib.o)
                0x00000000140082e8                netconn_new_with_proto_and_callback
 .text.netconn_delete
                0x0000000014008330       0x24 /media/adems/e7cdae34-f8e0-4a3e-b804-7e3ff37522fe/mbed-os/BUILD/net/eth/TARGET_LPC4337/TOOLCHAIN_GCC_ARM/libeth.a(api_lib.o)
                0x0000000014008330                netconn_delete
 .text.netconn_getaddr
                0x0000000014008354       0x44 /media/adems/e7cdae34-f8e0-4a3e-b804-7e3ff37522fe/mbed-os/BUILD/net/eth/TARGET_LPC4337/TOOLCHAIN_GCC_ARM/libeth.a(api_lib.o)
                0x0000000014008354                netconn_getaddr
 .text.netconn_bind
                0x0000000014008398       0x40 /media/adems/e7cdae34-f8e0-4a3e-b804-7e3ff37522fe/mbed-os/BUILD/net/eth/TARGET_LPC4337/TOOLCHAIN_GCC_ARM/libeth.a(api_lib.o)
                0x0000000014008398                netconn_bind
 .text.netconn_recv_tcp_pbuf
                0x00000000140083d8       0x12 /media/adems/e7cdae34-f8e0-4a3e-b804-7e3ff37522fe/mbed-os/BUILD/net/eth/TARGET_LPC4337/TOOLCHAIN_GCC_ARM/libeth.a(api_lib.o)
                0x00000000140083d8                netconn_recv_tcp_pbuf
 .text.netconn_recv
                0x00000000140083ea       0x76 /media/adems/e7cdae34-f8e0-4a3e-b804-7e3ff37522fe/mbed-os/BUILD/net/eth/TARGET_LPC4337/TOOLCHAIN_GCC_ARM/libeth.a(api_lib.o)
                0x00000000140083ea                netconn_recv
 .text.netconn_recved
                0x0000000014008460       0x2c /media/adems/e7cdae34-f8e0-4a3e-b804-7e3ff37522fe/mbed-os/BUILD/net/eth/TARGET_LPC4337/TOOLCHAIN_GCC_ARM/libeth.a(api_lib.o)
                0x0000000014008460                netconn_recved
 .text.netconn_shutdown
                0x000000001400848c       0x16 /media/adems/e7cdae34-f8e0-4a3e-b804-7e3ff37522fe/mbed-os/BUILD/net/eth/TARGET_LPC4337/TOOLCHAIN_GCC_ARM/libeth.a(api_lib.o)
                0x000000001400848c                netconn_shutdown
 .text.netbuf_delete
                0x00000000140084a2       0x22 /media/adems/e7cdae34-f8e0-4a3e-b804-7e3ff37522fe/mbed-os/BUILD/net/eth/TARGET_LPC4337/TOOLCHAIN_GCC_ARM/libeth.a(netbuf.o)
                0x00000000140084a2                netbuf_delete
 .text.recv_udp
                0x00000000140084c4       0x66 /media/adems/e7cdae34-f8e0-4a3e-b804-7e3ff37522fe/mbed-os/BUILD/net/eth/TARGET_LPC4337/TOOLCHAIN_GCC_ARM/libeth.a(api_msg.o)
 *fill*         0x000000001400852a        0x2 
 .text.setup_tcp
                0x000000001400852c       0x44 /media/adems/e7cdae34-f8e0-4a3e-b804-7e3ff37522fe/mbed-os/BUILD/net/eth/TARGET_LPC4337/TOOLCHAIN_GCC_ARM/libeth.a(api_msg.o)
 .text.err_tcp  0x0000000014008570       0x96 /media/adems/e7cdae34-f8e0-4a3e-b804-7e3ff37522fe/mbed-os/BUILD/net/eth/TARGET_LPC4337/TOOLCHAIN_GCC_ARM/libeth.a(api_msg.o)
 .text.do_writemore
                0x0000000014008606       0xf8 /media/adems/e7cdae34-f8e0-4a3e-b804-7e3ff37522fe/mbed-os/BUILD/net/eth/TARGET_LPC4337/TOOLCHAIN_GCC_ARM/libeth.a(api_msg.o)
 *fill*         0x00000000140086fe        0x2 
 .text.do_close_internal
                0x0000000014008700      0x108 /media/adems/e7cdae34-f8e0-4a3e-b804-7e3ff37522fe/mbed-os/BUILD/net/eth/TARGET_LPC4337/TOOLCHAIN_GCC_ARM/libeth.a(api_msg.o)
 .text.poll_tcp
                0x0000000014008808       0x52 /media/adems/e7cdae34-f8e0-4a3e-b804-7e3ff37522fe/mbed-os/BUILD/net/eth/TARGET_LPC4337/TOOLCHAIN_GCC_ARM/libeth.a(api_msg.o)
 .text.sent_tcp
                0x000000001400885a       0x52 /media/adems/e7cdae34-f8e0-4a3e-b804-7e3ff37522fe/mbed-os/BUILD/net/eth/TARGET_LPC4337/TOOLCHAIN_GCC_ARM/libeth.a(api_msg.o)
 .text.recv_tcp
                0x00000000140088ac       0x68 /media/adems/e7cdae34-f8e0-4a3e-b804-7e3ff37522fe/mbed-os/BUILD/net/eth/TARGET_LPC4337/TOOLCHAIN_GCC_ARM/libeth.a(api_msg.o)
 .text.do_newconn
                0x0000000014008914       0x6c /media/adems/e7cdae34-f8e0-4a3e-b804-7e3ff37522fe/mbed-os/BUILD/net/eth/TARGET_LPC4337/TOOLCHAIN_GCC_ARM/libeth.a(api_msg.o)
                0x0000000014008914                do_newconn
 .text.netconn_alloc
                0x0000000014008980       0x7e /media/adems/e7cdae34-f8e0-4a3e-b804-7e3ff37522fe/mbed-os/BUILD/net/eth/TARGET_LPC4337/TOOLCHAIN_GCC_ARM/libeth.a(api_msg.o)
                0x0000000014008980                netconn_alloc
 .text.netconn_free
                0x00000000140089fe       0x1a /media/adems/e7cdae34-f8e0-4a3e-b804-7e3ff37522fe/mbed-os/BUILD/net/eth/TARGET_LPC4337/TOOLCHAIN_GCC_ARM/libeth.a(api_msg.o)
                0x00000000140089fe                netconn_free
 .text.netconn_drain
                0x0000000014008a18       0x86 /media/adems/e7cdae34-f8e0-4a3e-b804-7e3ff37522fe/mbed-os/BUILD/net/eth/TARGET_LPC4337/TOOLCHAIN_GCC_ARM/libeth.a(api_msg.o)
 .text.do_delconn
                0x0000000014008a9e       0x82 /media/adems/e7cdae34-f8e0-4a3e-b804-7e3ff37522fe/mbed-os/BUILD/net/eth/TARGET_LPC4337/TOOLCHAIN_GCC_ARM/libeth.a(api_msg.o)
                0x0000000014008a9e                do_delconn
 .text.do_bind  0x0000000014008b20       0x48 /media/adems/e7cdae34-f8e0-4a3e-b804-7e3ff37522fe/mbed-os/BUILD/net/eth/TARGET_LPC4337/TOOLCHAIN_GCC_ARM/libeth.a(api_msg.o)
                0x0000000014008b20                do_bind
 .text.do_recv  0x0000000014008b68       0x3e /media/adems/e7cdae34-f8e0-4a3e-b804-7e3ff37522fe/mbed-os/BUILD/net/eth/TARGET_LPC4337/TOOLCHAIN_GCC_ARM/libeth.a(api_msg.o)
                0x0000000014008b68                do_recv
 .text.do_getaddr
                0x0000000014008ba6       0x62 /media/adems/e7cdae34-f8e0-4a3e-b804-7e3ff37522fe/mbed-os/BUILD/net/eth/TARGET_LPC4337/TOOLCHAIN_GCC_ARM/libeth.a(api_msg.o)
                0x0000000014008ba6                do_getaddr
 .text.do_close
                0x0000000014008c08       0x52 /media/adems/e7cdae34-f8e0-4a3e-b804-7e3ff37522fe/mbed-os/BUILD/net/eth/TARGET_LPC4337/TOOLCHAIN_GCC_ARM/libeth.a(api_msg.o)
                0x0000000014008c08                do_close
 .text.icmp_send_response.isra.0
                0x0000000014008c5a       0x70 /media/adems/e7cdae34-f8e0-4a3e-b804-7e3ff37522fe/mbed-os/BUILD/net/eth/TARGET_LPC4337/TOOLCHAIN_GCC_ARM/libeth.a(icmp.o)
 *fill*         0x0000000014008cca        0x2 
 .text.icmp_input
                0x0000000014008ccc      0x114 /media/adems/e7cdae34-f8e0-4a3e-b804-7e3ff37522fe/mbed-os/BUILD/net/eth/TARGET_LPC4337/TOOLCHAIN_GCC_ARM/libeth.a(icmp.o)
                0x0000000014008ccc                icmp_input
 .text.icmp_dest_unreach
                0x0000000014008de0        0xa /media/adems/e7cdae34-f8e0-4a3e-b804-7e3ff37522fe/mbed-os/BUILD/net/eth/TARGET_LPC4337/TOOLCHAIN_GCC_ARM/libeth.a(icmp.o)
                0x0000000014008de0                icmp_dest_unreach
 .text.icmp_time_exceeded
                0x0000000014008dea        0xa /media/adems/e7cdae34-f8e0-4a3e-b804-7e3ff37522fe/mbed-os/BUILD/net/eth/TARGET_LPC4337/TOOLCHAIN_GCC_ARM/libeth.a(icmp.o)
                0x0000000014008dea                icmp_time_exceeded
 .text.abs      0x0000000014008df4        0x8 /usr/lib/gcc/arm-none-eabi/4.9.3/../../../arm-none-eabi/lib/armv7e-m/softfp/libc.a(lib_a-abs.o)
                0x0000000014008df4                abs
 .text.__errno  0x0000000014008dfc        0xc /usr/lib/gcc/arm-none-eabi/4.9.3/../../../arm-none-eabi/lib/armv7e-m/softfp/libc.a(lib_a-errno.o)
                0x0000000014008dfc                __errno
 .text.__sflush_r
                0x0000000014008e08      0x154 /usr/lib/gcc/arm-none-eabi/4.9.3/../../../arm-none-eabi/lib/armv7e-m/softfp/libc.a(lib_a-fflush.o)
                0x0000000014008e08                __sflush_r
 .text._fflush_r
                0x0000000014008f5c       0x2c /usr/lib/gcc/arm-none-eabi/4.9.3/../../../arm-none-eabi/lib/armv7e-m/softfp/libc.a(lib_a-fflush.o)
                0x0000000014008f5c                _fflush_r
 .text.fflush   0x0000000014008f88       0x24 /usr/lib/gcc/arm-none-eabi/4.9.3/../../../arm-none-eabi/lib/armv7e-m/softfp/libc.a(lib_a-fflush.o)
                0x0000000014008f88                fflush
 .text._cleanup_r
                0x0000000014008fac        0xc /usr/lib/gcc/arm-none-eabi/4.9.3/../../../arm-none-eabi/lib/armv7e-m/softfp/libc.a(lib_a-findfp.o)
                0x0000000014008fac                _cleanup_r
 .text.__sinit.part.1
                0x0000000014008fb8       0xf0 /usr/lib/gcc/arm-none-eabi/4.9.3/../../../arm-none-eabi/lib/armv7e-m/softfp/libc.a(lib_a-findfp.o)
 .text.__sinit  0x00000000140090a8        0xc /usr/lib/gcc/arm-none-eabi/4.9.3/../../../arm-none-eabi/lib/armv7e-m/softfp/libc.a(lib_a-findfp.o)
                0x00000000140090a8                __sinit
 .text.__sfp_lock_acquire